warning: profiles for the non root package will be ignored, specify profiles at the workspace root:
package:   /home/acid/Projects/NINE65_v7/crates/exact_transcendentals/Cargo.toml
workspace: /home/acid/Projects/NINE65_v7/Cargo.toml
warning: constant `S8` is never used
   --> crates/exact_transcendentals/src/cram_ops.rs:465:11
    |
465 |     const S8: [u64; 8] = [2, 3, 5, 7, 11, 13, 17, 19];
    |           ^^
    |
    = note: `#[warn(dead_code)]` on by default

warning: `exact_transcendentals` (lib test) generated 1 warning
warning: unused import: `LiftEvidenceProvider`
  --> crates/exact_transcendentals/tests/lifted_transduction_module.rs:12:5
   |
12 |     LiftEvidenceProvider, LiftedTransductionError, PrecomputedLiftEvidence,
   |     ^^^^^^^^^^^^^^^^^^^^
   |
   = note: `#[warn(unused_imports)]` on by default

warning: `exact_transcendentals` (test "lifted_transduction_module") generated 1 warning (run `cargo fix --test "lifted_transduction_module"` to apply 1 suggestion)
    Finished `release` profile [optimized] target(s) in 0.20s
     Running unittests src/lib.rs (target/release/deps/exact_transcendentals-0b58a65b26564105)
     Running tests/a2_residue_native.rs (target/release/deps/a2_residue_native-e29bd77aaf8d2c63)
     Running tests/arrow_emission_joint_property.rs (target/release/deps/arrow_emission_joint_property-c7a32b9696fc427d)
     Running tests/arrow_emission_reversibility.rs (target/release/deps/arrow_emission_reversibility-606baea6fb5503a0)
     Running tests/composite_operator_domains.rs (target/release/deps/composite_operator_domains-a2e6cbd700f3d962)
     Running tests/cram_gates.rs (target/release/deps/cram_gates-37e5c984659b3a70)
     Running tests/lifted_transduction_module.rs (target/release/deps/lifted_transduction_module-ef4bef284fbafca9)
     Running tests/safe_basis_lifted_transduction.rs (target/release/deps/safe_basis_lifted_transduction-0db7f624463650bf)
warning: profiles for the non root package will be ignored, specify profiles at the workspace root:
package:   /home/acid/Projects/NINE65_v7/crates/exact_transcendentals/Cargo.toml
workspace: /home/acid/Projects/NINE65_v7/Cargo.toml
warning: unused import: `LiftEvidenceProvider`
  --> crates/exact_transcendentals/tests/lifted_transduction_module.rs:12:5
   |
12 |     LiftEvidenceProvider, LiftedTransductionError, PrecomputedLiftEvidence,
   |     ^^^^^^^^^^^^^^^^^^^^
   |
   = note: `#[warn(unused_imports)]` on by default

warning: constant `S8` is never used
   --> crates/exact_transcendentals/src/cram_ops.rs:465:11
    |
465 |     const S8: [u64; 8] = [2, 3, 5, 7, 11, 13, 17, 19];
    |           ^^
    |
    = note: `#[warn(dead_code)]` on by default

warning: `exact_transcendentals` (test "lifted_transduction_module") generated 1 warning (run `cargo fix --test "lifted_transduction_module"` to apply 1 suggestion)
warning: `exact_transcendentals` (lib test) generated 1 warning
    Finished `release` profile [optimized] target(s) in 0.24s
     Running unittests src/lib.rs (target/release/deps/exact_transcendentals-0b58a65b26564105)

running 10 tests
test cram_ct::tests::cram_rescale_d1_d2_d3_not_yet_implemented ... ok
test cram_ct::tests::d1_divides_by_coprime_divisor_with_anchor_17 ... ok
test cram_ct::tests::d1_handles_negative_divisor ... ok
test cram_ct::tests::d1_kelim_winding_satisfies_invariant ... ok
test cram_ct::tests::d1_propagates_lock_evidence ... ok
test cram_ct::tests::d1_rejects_anchor_not_in_basis ... ok
test cram_ct::tests::d1_rejects_divisor_sharing_factor_with_main ... ok
test cram_ct::tests::d1_rejects_non_exact_remainder ... ok
test cram_ct::tests::d1_rejects_zero_divisor ... ok
test cram_ct::tests::router_runs_d0_and_d1_together_and_they_agree ... ok

test result: ok. 10 passed; 0 failed; 0 ignored; 0 measured; 546 filtered out; finished in 0.00s

     Running tests/a2_residue_native.rs (target/release/deps/a2_residue_native-e29bd77aaf8d2c63)

running 0 tests

test result: ok. 0 passed; 0 failed; 0 ignored; 0 measured; 5 filtered out; finished in 0.00s

     Running tests/arrow_emission_joint_property.rs (target/release/deps/arrow_emission_joint_property-c7a32b9696fc427d)

running 0 tests

test result: ok. 0 passed; 0 failed; 0 ignored; 0 measured; 8 filtered out; finished in 0.00s

     Running tests/arrow_emission_reversibility.rs (target/release/deps/arrow_emission_reversibility-606baea6fb5503a0)

running 0 tests

test result: ok. 0 passed; 0 failed; 0 ignored; 0 measured; 4 filtered out; finished in 0.00s

     Running tests/composite_operator_domains.rs (target/release/deps/composite_operator_domains-a2e6cbd700f3d962)

running 0 tests

test result: ok. 0 passed; 0 failed; 0 ignored; 0 measured; 19 filtered out; finished in 0.00s

     Running tests/cram_gates.rs (target/release/deps/cram_gates-37e5c984659b3a70)

running 0 tests

test result: ok. 0 passed; 0 failed; 0 ignored; 0 measured; 16 filtered out; finished in 0.00s

     Running tests/lifted_transduction_module.rs (target/release/deps/lifted_transduction_module-ef4bef284fbafca9)

running 0 tests

test result: ok. 0 passed; 0 failed; 0 ignored; 0 measured; 5 filtered out; finished in 0.00s

     Running tests/safe_basis_lifted_transduction.rs (target/release/deps/safe_basis_lifted_transduction-0db7f624463650bf)

running 0 tests

test result: ok. 0 passed; 0 failed; 0 ignored; 0 measured; 9 filtered out; finished in 0.00s

warning: profiles for the non root package will be ignored, specify profiles at the workspace root:
package:   /home/acid/Projects/NINE65_v7/crates/exact_transcendentals/Cargo.toml
workspace: /home/acid/Projects/NINE65_v7/Cargo.toml
warning: constant `S8` is never used
   --> crates/exact_transcendentals/src/cram_ops.rs:465:11
    |
465 |     const S8: [u64; 8] = [2, 3, 5, 7, 11, 13, 17, 19];
    |           ^^
    |
    = note: `#[warn(dead_code)]` on by default

warning: `exact_transcendentals` (lib test) generated 1 warning
warning: unused import: `LiftEvidenceProvider`
  --> crates/exact_transcendentals/tests/lifted_transduction_module.rs:12:5
   |
12 |     LiftEvidenceProvider, LiftedTransductionError, PrecomputedLiftEvidence,
   |     ^^^^^^^^^^^^^^^^^^^^
   |
   = note: `#[warn(unused_imports)]` on by default

warning: `exact_transcendentals` (test "lifted_transduction_module") generated 1 warning (run `cargo fix --test "lifted_transduction_module"` to apply 1 suggestion)
    Finished `release` profile [optimized] target(s) in 0.22s
     Running unittests src/lib.rs (target/release/deps/exact_transcendentals-0b58a65b26564105)
     Running tests/a2_residue_native.rs (target/release/deps/a2_residue_native-e29bd77aaf8d2c63)
     Running tests/arrow_emission_joint_property.rs (target/release/deps/arrow_emission_joint_property-c7a32b9696fc427d)
     Running tests/arrow_emission_reversibility.rs (target/release/deps/arrow_emission_reversibility-606baea6fb5503a0)
     Running tests/composite_operator_domains.rs (target/release/deps/composite_operator_domains-a2e6cbd700f3d962)
     Running tests/cram_gates.rs (target/release/deps/cram_gates-37e5c984659b3a70)
     Running tests/lifted_transduction_module.rs (target/release/deps/lifted_transduction_module-ef4bef284fbafca9)
     Running tests/safe_basis_lifted_transduction.rs (target/release/deps/safe_basis_lifted_transduction-0db7f624463650bf)
warning: profiles for the non root package will be ignored, specify profiles at the workspace root:
package:   /home/acid/Projects/NINE65_v7/crates/exact_transcendentals/Cargo.toml
workspace: /home/acid/Projects/NINE65_v7/Cargo.toml
warning: unused import: `LiftEvidenceProvider`
  --> crates/exact_transcendentals/tests/lifted_transduction_module.rs:12:5
   |
12 |     LiftEvidenceProvider, LiftedTransductionError, PrecomputedLiftEvidence,
   |     ^^^^^^^^^^^^^^^^^^^^
   |
   = note: `#[warn(unused_imports)]` on by default

warning: `exact_transcendentals` (test "lifted_transduction_module") generated 1 warning (run `cargo fix --test "lifted_transduction_module"` to apply 1 suggestion)
warning: constant `S8` is never used
   --> crates/exact_transcendentals/src/cram_ops.rs:465:11
    |
465 |     const S8: [u64; 8] = [2, 3, 5, 7, 11, 13, 17, 19];
    |           ^^
    |
    = note: `#[warn(dead_code)]` on by default

warning: `exact_transcendentals` (lib test) generated 1 warning
    Finished `release` profile [optimized] target(s) in 0.23s
     Running unittests src/lib.rs (target/release/deps/exact_transcendentals-0b58a65b26564105)

running 12 tests
test cram_ct::tests::cram_rescale_d1_d2_d3_not_yet_implemented ... ok
test cram_ct::tests::d2_divides_by_six ... ok
test cram_ct::tests::d2_divides_by_thirty ... ok
test cram_ct::tests::d2_divides_by_two ... ok
test cram_ct::tests::d2_handles_negative_divisor ... ok
test cram_ct::tests::d2_propagates_lock_evidence_correctly ... ok
test cram_ct::tests::d2_rejects_non_basis_smooth_divisor ... ok
test cram_ct::tests::d2_rejects_non_exact_remainder ... ok
test cram_ct::tests::d2_rejects_zero_divisor ... ok
test cram_ct::tests::router_agrees_when_d0_and_d2_both_apply_to_basis_smooth_coprime ... ok
test cram_ct::tests::router_marks_d2_evaluable_for_basis_smooth_divisor ... ok
test cram_ct::tests::router_runs_d2_and_d3_together_and_they_agree ... ok

test result: ok. 12 passed; 0 failed; 0 ignored; 0 measured; 544 filtered out; finished in 0.00s

     Running tests/a2_residue_native.rs (target/release/deps/a2_residue_native-e29bd77aaf8d2c63)

running 0 tests

test result: ok. 0 passed; 0 failed; 0 ignored; 0 measured; 5 filtered out; finished in 0.00s

     Running tests/arrow_emission_joint_property.rs (target/release/deps/arrow_emission_joint_property-c7a32b9696fc427d)

running 0 tests

test result: ok. 0 passed; 0 failed; 0 ignored; 0 measured; 8 filtered out; finished in 0.00s

     Running tests/arrow_emission_reversibility.rs (target/release/deps/arrow_emission_reversibility-606baea6fb5503a0)

running 0 tests

test result: ok. 0 passed; 0 failed; 0 ignored; 0 measured; 4 filtered out; finished in 0.00s

     Running tests/composite_operator_domains.rs (target/release/deps/composite_operator_domains-a2e6cbd700f3d962)

running 0 tests

test result: ok. 0 passed; 0 failed; 0 ignored; 0 measured; 19 filtered out; finished in 0.00s

     Running tests/cram_gates.rs (target/release/deps/cram_gates-37e5c984659b3a70)

running 0 tests

test result: ok. 0 passed; 0 failed; 0 ignored; 0 measured; 16 filtered out; finished in 0.00s

     Running tests/lifted_transduction_module.rs (target/release/deps/lifted_transduction_module-ef4bef284fbafca9)

running 0 tests

test result: ok. 0 passed; 0 failed; 0 ignored; 0 measured; 5 filtered out; finished in 0.00s

     Running tests/safe_basis_lifted_transduction.rs (target/release/deps/safe_basis_lifted_transduction-0db7f624463650bf)

running 0 tests

test result: ok. 0 passed; 0 failed; 0 ignored; 0 measured; 9 filtered out; finished in 0.00s

warning: profiles for the non root package will be ignored, specify profiles at the workspace root:
package:   /home/acid/Projects/NINE65_v7/crates/exact_transcendentals/Cargo.toml
workspace: /home/acid/Projects/NINE65_v7/Cargo.toml
warning: constant `S8` is never used
   --> crates/exact_transcendentals/src/cram_ops.rs:465:11
    |
465 |     const S8: [u64; 8] = [2, 3, 5, 7, 11, 13, 17, 19];
    |           ^^
    |
    = note: `#[warn(dead_code)]` on by default

warning: `exact_transcendentals` (lib test) generated 1 warning
warning: unused import: `LiftEvidenceProvider`
  --> crates/exact_transcendentals/tests/lifted_transduction_module.rs:12:5
   |
12 |     LiftEvidenceProvider, LiftedTransductionError, PrecomputedLiftEvidence,
   |     ^^^^^^^^^^^^^^^^^^^^
   |
   = note: `#[warn(unused_imports)]` on by default

warning: `exact_transcendentals` (test "lifted_transduction_module") generated 1 warning (run `cargo fix --test "lifted_transduction_module"` to apply 1 suggestion)
    Finished `release` profile [optimized] target(s) in 0.24s
     Running unittests src/lib.rs (target/release/deps/exact_transcendentals-0b58a65b26564105)
     Running tests/a2_residue_native.rs (target/release/deps/a2_residue_native-e29bd77aaf8d2c63)
     Running tests/arrow_emission_joint_property.rs (target/release/deps/arrow_emission_joint_property-c7a32b9696fc427d)
     Running tests/arrow_emission_reversibility.rs (target/release/deps/arrow_emission_reversibility-606baea6fb5503a0)
     Running tests/composite_operator_domains.rs (target/release/deps/composite_operator_domains-a2e6cbd700f3d962)
     Running tests/cram_gates.rs (target/release/deps/cram_gates-37e5c984659b3a70)
     Running tests/lifted_transduction_module.rs (target/release/deps/lifted_transduction_module-ef4bef284fbafca9)
     Running tests/safe_basis_lifted_transduction.rs (target/release/deps/safe_basis_lifted_transduction-0db7f624463650bf)
warning: profiles for the non root package will be ignored, specify profiles at the workspace root:
package:   /home/acid/Projects/NINE65_v7/crates/exact_transcendentals/Cargo.toml
workspace: /home/acid/Projects/NINE65_v7/Cargo.toml
warning: constant `S8` is never used
   --> crates/exact_transcendentals/src/cram_ops.rs:465:11
    |
465 |     const S8: [u64; 8] = [2, 3, 5, 7, 11, 13, 17, 19];
    |           ^^
    |
    = note: `#[warn(dead_code)]` on by default

warning: `exact_transcendentals` (lib test) generated 1 warning
warning: unused import: `LiftEvidenceProvider`
  --> crates/exact_transcendentals/tests/lifted_transduction_module.rs:12:5
   |
12 |     LiftEvidenceProvider, LiftedTransductionError, PrecomputedLiftEvidence,
   |     ^^^^^^^^^^^^^^^^^^^^
   |
   = note: `#[warn(unused_imports)]` on by default

warning: `exact_transcendentals` (test "lifted_transduction_module") generated 1 warning (run `cargo fix --test "lifted_transduction_module"` to apply 1 suggestion)
    Finished `release` profile [optimized] target(s) in 0.23s
     Running unittests src/lib.rs (target/release/deps/exact_transcendentals-0b58a65b26564105)

running 9 tests
test cram_ct::tests::fpd_carries_aux_residues_to_output_for_chained_division ... ok
test cram_ct::tests::fpd_divides_by_six_recovers_exact_quotient ... ok
test cram_ct::tests::fpd_divides_by_thirty_recovers_exact_quotient ... ok
test cram_ct::tests::fpd_handles_negative_divisor ... ok
test cram_ct::tests::fpd_rejects_inexact_numerator_instead_of_returning_garbage ... ok
test cram_ct::tests::fpd_rejects_when_aux_residues_missing ... ok
test cram_ct::tests::fpd_rejects_when_aux_set_shares_factor_with_divisor ... ok
test cram_ct::tests::fpd_rejects_when_quotient_bound_exceeds_fusion_product ... ok
test k_elim::tests::fpd_basic ... ok

test result: ok. 9 passed; 0 failed; 0 ignored; 0 measured; 547 filtered out; finished in 0.00s

     Running tests/a2_residue_native.rs (target/release/deps/a2_residue_native-e29bd77aaf8d2c63)

running 0 tests

test result: ok. 0 passed; 0 failed; 0 ignored; 0 measured; 5 filtered out; finished in 0.00s

     Running tests/arrow_emission_joint_property.rs (target/release/deps/arrow_emission_joint_property-c7a32b9696fc427d)

running 0 tests

test result: ok. 0 passed; 0 failed; 0 ignored; 0 measured; 8 filtered out; finished in 0.00s

     Running tests/arrow_emission_reversibility.rs (target/release/deps/arrow_emission_reversibility-606baea6fb5503a0)

running 0 tests

test result: ok. 0 passed; 0 failed; 0 ignored; 0 measured; 4 filtered out; finished in 0.00s

     Running tests/composite_operator_domains.rs (target/release/deps/composite_operator_domains-a2e6cbd700f3d962)

running 0 tests

test result: ok. 0 passed; 0 failed; 0 ignored; 0 measured; 19 filtered out; finished in 0.00s

     Running tests/cram_gates.rs (target/release/deps/cram_gates-37e5c984659b3a70)

running 0 tests

test result: ok. 0 passed; 0 failed; 0 ignored; 0 measured; 16 filtered out; finished in 0.00s

     Running tests/lifted_transduction_module.rs (target/release/deps/lifted_transduction_module-ef4bef284fbafca9)

running 0 tests

test result: ok. 0 passed; 0 failed; 0 ignored; 0 measured; 5 filtered out; finished in 0.00s

     Running tests/safe_basis_lifted_transduction.rs (target/release/deps/safe_basis_lifted_transduction-0db7f624463650bf)

running 0 tests

test result: ok. 0 passed; 0 failed; 0 ignored; 0 measured; 9 filtered out; finished in 0.00s

warning: profiles for the non root package will be ignored, specify profiles at the workspace root:
package:   /home/acid/Projects/NINE65_v7/crates/exact_transcendentals/Cargo.toml
workspace: /home/acid/Projects/NINE65_v7/Cargo.toml
warning: unused import: `LiftEvidenceProvider`
  --> crates/exact_transcendentals/tests/lifted_transduction_module.rs:12:5
   |
12 |     LiftEvidenceProvider, LiftedTransductionError, PrecomputedLiftEvidence,
   |     ^^^^^^^^^^^^^^^^^^^^
   |
   = note: `#[warn(unused_imports)]` on by default

warning: `exact_transcendentals` (test "lifted_transduction_module") generated 1 warning (run `cargo fix --test "lifted_transduction_module"` to apply 1 suggestion)
warning: constant `S8` is never used
   --> crates/exact_transcendentals/src/cram_ops.rs:465:11
    |
465 |     const S8: [u64; 8] = [2, 3, 5, 7, 11, 13, 17, 19];
    |           ^^
    |
    = note: `#[warn(dead_code)]` on by default

warning: `exact_transcendentals` (lib test) generated 1 warning
    Finished `release` profile [optimized] target(s) in 0.19s
     Running unittests src/lib.rs (target/release/deps/exact_transcendentals-0b58a65b26564105)
     Running tests/a2_residue_native.rs (target/release/deps/a2_residue_native-e29bd77aaf8d2c63)
     Running tests/arrow_emission_joint_property.rs (target/release/deps/arrow_emission_joint_property-c7a32b9696fc427d)
     Running tests/arrow_emission_reversibility.rs (target/release/deps/arrow_emission_reversibility-606baea6fb5503a0)
     Running tests/composite_operator_domains.rs (target/release/deps/composite_operator_domains-a2e6cbd700f3d962)
     Running tests/cram_gates.rs (target/release/deps/cram_gates-37e5c984659b3a70)
     Running tests/lifted_transduction_module.rs (target/release/deps/lifted_transduction_module-ef4bef284fbafca9)
     Running tests/safe_basis_lifted_transduction.rs (target/release/deps/safe_basis_lifted_transduction-0db7f624463650bf)
warning: profiles for the non root package will be ignored, specify profiles at the workspace root:
package:   /home/acid/Projects/NINE65_v7/crates/exact_transcendentals/Cargo.toml
workspace: /home/acid/Projects/NINE65_v7/Cargo.toml
warning: unused import: `LiftEvidenceProvider`
  --> crates/exact_transcendentals/tests/lifted_transduction_module.rs:12:5
   |
12 |     LiftEvidenceProvider, LiftedTransductionError, PrecomputedLiftEvidence,
   |     ^^^^^^^^^^^^^^^^^^^^
   |
   = note: `#[warn(unused_imports)]` on by default

warning: `exact_transcendentals` (test "lifted_transduction_module") generated 1 warning (run `cargo fix --test "lifted_transduction_module"` to apply 1 suggestion)
warning: constant `S8` is never used
   --> crates/exact_transcendentals/src/cram_ops.rs:465:11
    |
465 |     const S8: [u64; 8] = [2, 3, 5, 7, 11, 13, 17, 19];
    |           ^^
    |
    = note: `#[warn(dead_code)]` on by default

warning: `exact_transcendentals` (lib test) generated 1 warning
    Finished `release` profile [optimized] target(s) in 0.27s
     Running unittests src/lib.rs (target/release/deps/exact_transcendentals-0b58a65b26564105)

running 9 tests
test cram_ct::tests::router_agrees_when_d0_and_d2_both_apply_to_basis_smooth_coprime ... ok
test cram_ct::tests::router_agrees_when_d0_alone_succeeds_for_coprime_divisor ... ok
test cram_ct::tests::router_falls_back_to_d3_for_basis_sharing_divisor ... ok
test cram_ct::tests::router_marks_d2_evaluable_for_basis_smooth_divisor ... ok
test cram_ct::tests::router_rejects_zero_divisor ... ok
test cram_ct::tests::router_returns_lane_not_implemented_when_no_lane_succeeds ... ok
test cram_ct::tests::router_runs_d0_and_d1_together_and_they_agree ... ok
test cram_ct::tests::router_runs_d2_and_d3_together_and_they_agree ... ok
test cram_ct::tests::router_selects_d0_for_coprime_divisor ... ok

test result: ok. 9 passed; 0 failed; 0 ignored; 0 measured; 547 filtered out; finished in 0.00s

     Running tests/a2_residue_native.rs (target/release/deps/a2_residue_native-e29bd77aaf8d2c63)

running 0 tests

test result: ok. 0 passed; 0 failed; 0 ignored; 0 measured; 5 filtered out; finished in 0.00s

     Running tests/arrow_emission_joint_property.rs (target/release/deps/arrow_emission_joint_property-c7a32b9696fc427d)

running 0 tests

test result: ok. 0 passed; 0 failed; 0 ignored; 0 measured; 8 filtered out; finished in 0.00s

     Running tests/arrow_emission_reversibility.rs (target/release/deps/arrow_emission_reversibility-606baea6fb5503a0)

running 0 tests

test result: ok. 0 passed; 0 failed; 0 ignored; 0 measured; 4 filtered out; finished in 0.00s

     Running tests/composite_operator_domains.rs (target/release/deps/composite_operator_domains-a2e6cbd700f3d962)

running 0 tests

test result: ok. 0 passed; 0 failed; 0 ignored; 0 measured; 19 filtered out; finished in 0.00s

     Running tests/cram_gates.rs (target/release/deps/cram_gates-37e5c984659b3a70)

running 0 tests

test result: ok. 0 passed; 0 failed; 0 ignored; 0 measured; 16 filtered out; finished in 0.00s

     Running tests/lifted_transduction_module.rs (target/release/deps/lifted_transduction_module-ef4bef284fbafca9)

running 0 tests

test result: ok. 0 passed; 0 failed; 0 ignored; 0 measured; 5 filtered out; finished in 0.00s

     Running tests/safe_basis_lifted_transduction.rs (target/release/deps/safe_basis_lifted_transduction-0db7f624463650bf)

running 0 tests

test result: ok. 0 passed; 0 failed; 0 ignored; 0 measured; 9 filtered out; finished in 0.00s

