{
  "budget_model": {
    "final_mb": 84000,
    "final_permille": 1000,
    "initial_mb": 84000,
    "operation_records": 0
  },
  "ciphertext_structure": {
    "anchor_limbs": 7,
    "final_level": 4,
    "main_limbs": 4,
    "polynomial_degree": 8192
  },
  "key_structure": {
    "bootstrap_keygen_ns": null,
    "eval_key_decomposition_base": 65536,
    "eval_key_decomposition_digits": 8,
    "eval_key_relinearization_components": 8,
    "keygen_ns": 331156005,
    "zero_auxiliary_components_claim_supported": false
  },
  "metadata": {
    "build_profile": "debug",
    "candidate_wall": 0,
    "candidate_winding_is_verified": false,
    "claimed_security_bits": 128,
    "config": "secure_128",
    "eta": 3,
    "full_log_q_bits_upper_sum": 119,
    "initial": 3,
    "main_primes": [
      998244353,
      985661441,
      754974721,
      469762049
    ],
    "n": 8192,
    "noise_budget_is_accounting_model": true,
    "plaintext_modulus": 65537,
    "q_representative": 998244353,
    "refresh_kind": "none",
    "refresh_mode": "none",
    "refresh_timing": "pre",
    "requested_depth": 8,
    "rhs": 2,
    "rng_source": "shadow-test",
    "seed": 42,
    "trigger_permille": 0,
    "workload": "interleaved"
  },
  "result": {
    "all_checked_steps_correct": true,
    "completed_steps": 1,
    "final_decrypted": 3,
    "final_expected": 3,
    "first_error": "step 0 mul_ct: invalid parameter: gadget decomposition capacity exceeded at coefficient 0: the polynomial's exact value needs 256 bits but the evaluation key's gadget spans only 128 bits (8 digits of base 2^16). Relinearize a RESCALED (canonical, < M_level) polynomial — an unrescaled tensor term is ~2*log2(Q)+log2(N) bits wide.",
    "refresh_count": 0
  },
  "schema": "nine65-cram-exploratory-probe-v1",
  "scope": "exploratory_hypothesis_probe",
  "status": "FAIL",
  "trace": [
    {
      "budget_before_mb": 84000,
      "candidate_multiplications_before": 0,
      "operation": "mul_ct",
      "operation_error": "invalid parameter: gadget decomposition capacity exceeded at coefficient 0: the polynomial's exact value needs 256 bits but the evaluation key's gadget spans only 128 bits (8 digits of base 2^16). Relinearize a RESCALED (canonical, < M_level) polynomial — an unrescaled tensor term is ~2*log2(Q)+log2(N) bits wide.",
      "operation_ns": 1972939285,
      "status": "OPERATION_ERROR",
      "step": 0
    }
  ]
}
