warning: profiles for the non root package will be ignored, specify profiles at the workspace root:
package:   /tmp/nine65-f01-aider/crates/exact_transcendentals/Cargo.toml
workspace: /tmp/nine65-f01-aider/Cargo.toml
   Compiling nine65 v0.1.0 (/tmp/nine65-f01-aider/crates/nine65)
warning: unused import: `super::*`
    --> crates/nine65/src/arithmetic/k_elimination.rs:1467:9
     |
1467 |     use super::*;
     |         ^^^^^^^^
     |
     = note: `#[warn(unused_imports)]` on by default

warning: unused import: `crate::noise::budget::NoiseBudget`
   --> crates/nine65/src/ops/symmetric_bootstrap.rs:495:9
    |
495 |     use crate::noise::budget::NoiseBudget;
    |         ^^^^^^^^^^^^^^^^^^^^^^^^^^^^^^^^^

warning: unused import: `crt_reconstruct_n`
   --> crates/nine65/src/ops/symmetric_bootstrap.rs:496:33
    |
496 |     use crate::ops::bootstrap::{crt_reconstruct_n, ClockworkBootstrap};
    |                                 ^^^^^^^^^^^^^^^^^

warning: use of deprecated method `arithmetic::k_elimination::KElimination::capacity`: Use try_capacity(), capacity_limbs(), or capacity_bit_length()
    --> crates/nine65/src/arithmetic/k_elimination.rs:1355:31
     |
1355 |             let capacity = ke.capacity();
     |                               ^^^^^^^^
     |
     = note: `#[warn(deprecated)]` on by default

warning: use of deprecated method `arithmetic::k_elimination::KElimination::extract_k_vartime`: Use extract_k(); variable-time extraction is for public reference data only
   --> crates/nine65/src/security/ct_verification.rs:689:20
    |
689 |                 ke.extract_k_vartime(std::hint::black_box(v_alpha), std::hint::black_box(v_beta));
    |                    ^^^^^^^^^^^^^^^^^

warning: unused import: `FheRng`
    --> crates/nine65/src/params/secure_configs.rs:1622:30
     |
1622 |         use crate::entropy::{FheRng, ShadowHarvester};
     |                              ^^^^^^

warning: variable does not need to be mutable
   --> crates/nine65/src/ops/exact_mul_tests.rs:667:13
    |
667 |         let mut draw = |rng: &mut Lcg| -> Vec<Big> {
    |             ----^^^^
    |             |
    |             help: remove this `mut`
    |
    = note: `#[warn(unused_mut)]` on by default

warning: unused variable: `primes`
     --> crates/nine65/src/ops/rns_fhe.rs:13812:13
      |
13812 |         let primes = &ctx.config.primes[..poly.main.len()];
      |             ^^^^^^ help: if this is intentional, prefix it with an underscore: `_primes`
      |
      = note: `#[warn(unused_variables)]` on by default

warning: variable does not need to be mutable
     --> crates/nine65/src/ops/rns_fhe.rs:15728:13
      |
15728 |         let mut make_poly = |x_w: u128, x_c: u128| -> DualRNSPoly {
      |             ----^^^^^^^^^
      |             |
      |             help: remove this `mut`

warning: variable does not need to be mutable
    --> crates/nine65/src/security/ct_verification.rs:1806:13
     |
1806 |         let mut sorted_batch = |rng: &mut ShadowHarvester| -> Vec<OperandPair> {
     |             ----^^^^^^^^^^^^
     |             |
     |             help: remove this `mut`

warning: variable does not need to be mutable
    --> crates/nine65/src/security/ct_verification.rs:1822:13
     |
1822 |         let mut shuffled_batch = |rng: &mut ShadowHarvester| -> Vec<OperandPair> {
     |             ----^^^^^^^^^^^^^^
     |             |
     |             help: remove this `mut`

warning: variable does not need to be mutable
    --> crates/nine65/src/security/ct_verification.rs:1912:17
     |
1912 |             let mut run_general = || {
     |                 ----^^^^^^^^^^^
     |                 |
     |                 help: remove this `mut`

warning: variable does not need to be mutable
    --> crates/nine65/src/security/ct_verification.rs:1921:17
     |
1921 |             let mut run_adjacent = || {
     |                 ----^^^^^^^^^^^^
     |                 |
     |                 help: remove this `mut`

warning: method `rank` is never used
   --> crates/nine65/src/arithmetic/main_only_base_ext.rs:332:8
    |
186 | impl MainOnlyBaseExt {
    | -------------------- method in this implementation
...
332 |     fn rank(&self, c: &[u64; MAX_LANES]) -> (u64, RankPath) {
    |        ^^^^
    |
    = note: `#[warn(dead_code)]` on by default

warning: `nine65` (lib test) generated 14 warnings (run `cargo fix --lib -p nine65 --tests` to apply 9 suggestions)
    Finished `test` profile [unoptimized + debuginfo] target(s) in 1m 41s
     Running unittests src/lib.rs (/home/acid/Projects/NINE65_v7/target/debug/deps/nine65-89e52362cbae116b)

running 1 test
PHASE_PROFILE depth=0 expected=2 constant_error_negative=false constant_error=0 max_nonconstant=0 nonconstant_above_delta_eighth=0 delta=5324617442829413538730592867665
PHASE_PROFILE depth=1 expected=4 constant_error_negative=false constant_error=0 max_nonconstant=0 nonconstant_above_delta_eighth=0 delta=5324617442829413538730592867665
PHASE_PROFILE depth=2 expected=16 constant_error_negative=true constant_error=1535774134752 max_nonconstant=1646750820480 nonconstant_above_delta_eighth=0 delta=5324617442829413538730592867665
PHASE_PROFILE depth=3 expected=256 constant_error_negative=true constant_error=421204468622724384096 max_nonconstant=578235848073714577104 nonconstant_above_delta_eighth=0 delta=5324617442829413538730592867665
PHASE_PROFILE depth=4 expected=65536 constant_error_negative=true constant_error=19706191526947958435883921270707 max_nonconstant=19774354252485585801652055986385 nonconstant_above_delta_eighth=8000 delta=5324617442829413538730592867665
DEPTH4_RESIDUE_EXPORT path=/tmp/nine65-depth4-zero-error-residue-pairs.tsv decoded=65532 expected=65536
test ops::rns_fhe::tests::diagnostic_export_depth4_zero_error_residue_pairs ... ok

test result: ok. 1 passed; 0 failed; 0 ignored; 0 measured; 1053 filtered out; finished in 47.17s

