{
  "budget_model": {
    "final_mb": 37000,
    "final_permille": 440,
    "initial_mb": 84000,
    "operation_records": 1
  },
  "ciphertext_structure": {
    "anchor_limbs": 7,
    "final_level": 4,
    "main_limbs": 4,
    "polynomial_degree": 8192
  },
  "key_structure": {
    "bootstrap_keygen_ns": null,
    "eval_key_decomposition_base": 65536,
    "eval_key_decomposition_digits": 8,
    "eval_key_relinearization_components": 8,
    "keygen_ns": 728040046,
    "zero_auxiliary_components_claim_supported": false
  },
  "metadata": {
    "build_profile": "debug",
    "candidate_wall": 0,
    "candidate_winding_is_verified": false,
    "claimed_security_bits": 128,
    "config": "secure_128",
    "eta": 3,
    "full_log_q_bits_upper_sum": 119,
    "initial": 3,
    "main_primes": [
      998244353,
      985661441,
      754974721,
      469762049
    ],
    "n": 8192,
    "noise_budget_is_accounting_model": true,
    "plaintext_modulus": 65537,
    "q_representative": 998244353,
    "refresh_kind": "none",
    "refresh_mode": "none",
    "refresh_timing": "pre",
    "requested_depth": 4,
    "rhs": 2,
    "rng_source": "shadow-test",
    "seed": 42,
    "trigger_permille": 0,
    "workload": "mul_ct_only"
  },
  "result": {
    "all_checked_steps_correct": true,
    "completed_steps": 4,
    "final_decrypted": 48,
    "final_expected": 48,
    "first_error": null,
    "refresh_count": 0
  },
  "schema": "nine65-cram-exploratory-probe-v1",
  "scope": "exploratory_hypothesis_probe",
  "status": "PASS",
  "trace": [
    {
      "accounting_cost_mb": 47000,
      "alternative_full_cycle_cost_mb": 31000,
      "budget_after_mb": 37000,
      "budget_after_permille": 440,
      "budget_before_mb": 84000,
      "budget_exhausted": false,
      "candidate_multiplications_after": 1,
      "candidate_multiplications_before": 0,
      "candidate_wall": 0,
      "candidate_wall_remaining": 0,
      "candidate_winding_is_verified": false,
      "correct": true,
      "decrypt_ns": 51769669,
      "decrypted": 6,
      "expected": 6,
      "level_after": 4,
      "level_before": 4,
      "mismatch_delta_mod_t": 0,
      "operation": "mul_ct",
      "operation_ns": 15062909001,
      "post_refresh_ns": 0,
      "pre_refresh_ns": 0,
      "refresh_kind": "none",
      "refreshed_post": false,
      "refreshed_pre": false,
      "step": 0
    },
    {
      "accounting_cost_mb": 47000,
      "alternative_full_cycle_cost_mb": 31000,
      "budget_after_mb": 37000,
      "budget_after_permille": 440,
      "budget_before_mb": 37000,
      "budget_exhausted": true,
      "candidate_multiplications_after": 2,
      "candidate_multiplications_before": 1,
      "candidate_wall": 0,
      "candidate_wall_remaining": 0,
      "candidate_winding_is_verified": false,
      "correct": true,
      "decrypt_ns": 52139542,
      "decrypted": 12,
      "expected": 12,
      "level_after": 4,
      "level_before": 4,
      "mismatch_delta_mod_t": 0,
      "operation": "mul_ct",
      "operation_ns": 15011303468,
      "post_refresh_ns": 0,
      "pre_refresh_ns": 0,
      "refresh_kind": "none",
      "refreshed_post": false,
      "refreshed_pre": false,
      "step": 1
    },
    {
      "accounting_cost_mb": 47000,
      "alternative_full_cycle_cost_mb": 31000,
      "budget_after_mb": 37000,
      "budget_after_permille": 440,
      "budget_before_mb": 37000,
      "budget_exhausted": true,
      "candidate_multiplications_after": 3,
      "candidate_multiplications_before": 2,
      "candidate_wall": 0,
      "candidate_wall_remaining": 0,
      "candidate_winding_is_verified": false,
      "correct": true,
      "decrypt_ns": 52057938,
      "decrypted": 24,
      "expected": 24,
      "level_after": 4,
      "level_before": 4,
      "mismatch_delta_mod_t": 0,
      "operation": "mul_ct",
      "operation_ns": 14993493640,
      "post_refresh_ns": 0,
      "pre_refresh_ns": 0,
      "refresh_kind": "none",
      "refreshed_post": false,
      "refreshed_pre": false,
      "step": 2
    },
    {
      "accounting_cost_mb": 47000,
      "alternative_full_cycle_cost_mb": 31000,
      "budget_after_mb": 37000,
      "budget_after_permille": 440,
      "budget_before_mb": 37000,
      "budget_exhausted": true,
      "candidate_multiplications_after": 4,
      "candidate_multiplications_before": 3,
      "candidate_wall": 0,
      "candidate_wall_remaining": 0,
      "candidate_winding_is_verified": false,
      "correct": true,
      "decrypt_ns": 52137001,
      "decrypted": 48,
      "expected": 48,
      "level_after": 4,
      "level_before": 4,
      "mismatch_delta_mod_t": 0,
      "operation": "mul_ct",
      "operation_ns": 15041662854,
      "post_refresh_ns": 0,
      "pre_refresh_ns": 0,
      "refresh_kind": "none",
      "refreshed_post": false,
      "refreshed_pre": false,
      "step": 3
    }
  ]
}
