{
  "budget_model": {
    "final_mb": 52000,
    "final_permille": 619,
    "initial_mb": 84000,
    "operation_records": 32
  },
  "ciphertext_structure": {
    "anchor_limbs": 7,
    "final_level": 4,
    "main_limbs": 4,
    "polynomial_degree": 8192
  },
  "key_structure": {
    "bootstrap_keygen_ns": null,
    "eval_key_decomposition_base": 65536,
    "eval_key_decomposition_digits": 8,
    "eval_key_relinearization_components": 8,
    "keygen_ns": 634184650,
    "zero_auxiliary_components_claim_supported": false
  },
  "metadata": {
    "build_profile": "debug",
    "candidate_wall": 0,
    "candidate_winding_is_verified": false,
    "claimed_security_bits": 128,
    "config": "secure_128",
    "eta": 3,
    "full_log_q_bits_upper_sum": 119,
    "initial": 3,
    "main_primes": [
      998244353,
      985661441,
      754974721,
      469762049
    ],
    "n": 8192,
    "noise_budget_is_accounting_model": true,
    "plaintext_modulus": 65537,
    "q_representative": 998244353,
    "refresh_kind": "none",
    "refresh_mode": "none",
    "refresh_timing": "pre",
    "requested_depth": 32,
    "rhs": 2,
    "rng_source": "shadow-test",
    "seed": 42,
    "trigger_permille": 0,
    "workload": "add_only"
  },
  "result": {
    "all_checked_steps_correct": true,
    "completed_steps": 32,
    "final_decrypted": 67,
    "final_expected": 67,
    "first_error": null,
    "refresh_count": 0
  },
  "schema": "nine65-cram-exploratory-probe-v1",
  "scope": "exploratory_hypothesis_probe",
  "status": "PASS",
  "trace": [
    {
      "accounting_cost_mb": 1000,
      "alternative_full_cycle_cost_mb": 1000,
      "budget_after_mb": 83000,
      "budget_after_permille": 988,
      "budget_before_mb": 84000,
      "budget_exhausted": false,
      "candidate_multiplications_after": 0,
      "candidate_multiplications_before": 0,
      "candidate_wall": 0,
      "candidate_wall_remaining": 0,
      "candidate_winding_is_verified": false,
      "correct": true,
      "decrypt_ns": 51762211,
      "decrypted": 5,
      "expected": 5,
      "level_after": 4,
      "level_before": 4,
      "mismatch_delta_mod_t": 0,
      "operation": "add_ct",
      "operation_ns": 4779493,
      "post_refresh_ns": 0,
      "pre_refresh_ns": 0,
      "refresh_kind": "none",
      "refreshed_post": false,
      "refreshed_pre": false,
      "step": 0
    },
    {
      "accounting_cost_mb": 1000,
      "alternative_full_cycle_cost_mb": 1000,
      "budget_after_mb": 82000,
      "budget_after_permille": 976,
      "budget_before_mb": 83000,
      "budget_exhausted": false,
      "candidate_multiplications_after": 0,
      "candidate_multiplications_before": 0,
      "candidate_wall": 0,
      "candidate_wall_remaining": 0,
      "candidate_winding_is_verified": false,
      "correct": true,
      "decrypt_ns": 51700780,
      "decrypted": 7,
      "expected": 7,
      "level_after": 4,
      "level_before": 4,
      "mismatch_delta_mod_t": 0,
      "operation": "add_ct",
      "operation_ns": 4265994,
      "post_refresh_ns": 0,
      "pre_refresh_ns": 0,
      "refresh_kind": "none",
      "refreshed_post": false,
      "refreshed_pre": false,
      "step": 1
    },
    {
      "accounting_cost_mb": 1000,
      "alternative_full_cycle_cost_mb": 1000,
      "budget_after_mb": 81000,
      "budget_after_permille": 964,
      "budget_before_mb": 82000,
      "budget_exhausted": false,
      "candidate_multiplications_after": 0,
      "candidate_multiplications_before": 0,
      "candidate_wall": 0,
      "candidate_wall_remaining": 0,
      "candidate_winding_is_verified": false,
      "correct": true,
      "decrypt_ns": 51759990,
      "decrypted": 9,
      "expected": 9,
      "level_after": 4,
      "level_before": 4,
      "mismatch_delta_mod_t": 0,
      "operation": "add_ct",
      "operation_ns": 4756149,
      "post_refresh_ns": 0,
      "pre_refresh_ns": 0,
      "refresh_kind": "none",
      "refreshed_post": false,
      "refreshed_pre": false,
      "step": 2
    },
    {
      "accounting_cost_mb": 1000,
      "alternative_full_cycle_cost_mb": 1000,
      "budget_after_mb": 80000,
      "budget_after_permille": 952,
      "budget_before_mb": 81000,
      "budget_exhausted": false,
      "candidate_multiplications_after": 0,
      "candidate_multiplications_before": 0,
      "candidate_wall": 0,
      "candidate_wall_remaining": 0,
      "candidate_winding_is_verified": false,
      "correct": true,
      "decrypt_ns": 51626532,
      "decrypted": 11,
      "expected": 11,
      "level_after": 4,
      "level_before": 4,
      "mismatch_delta_mod_t": 0,
      "operation": "add_ct",
      "operation_ns": 4276123,
      "post_refresh_ns": 0,
      "pre_refresh_ns": 0,
      "refresh_kind": "none",
      "refreshed_post": false,
      "refreshed_pre": false,
      "step": 3
    },
    {
      "accounting_cost_mb": 1000,
      "alternative_full_cycle_cost_mb": 1000,
      "budget_after_mb": 79000,
      "budget_after_permille": 940,
      "budget_before_mb": 80000,
      "budget_exhausted": false,
      "candidate_multiplications_after": 0,
      "candidate_multiplications_before": 0,
      "candidate_wall": 0,
      "candidate_wall_remaining": 0,
      "candidate_winding_is_verified": false,
      "correct": true,
      "decrypt_ns": 51743968,
      "decrypted": 13,
      "expected": 13,
      "level_after": 4,
      "level_before": 4,
      "mismatch_delta_mod_t": 0,
      "operation": "add_ct",
      "operation_ns": 4732155,
      "post_refresh_ns": 0,
      "pre_refresh_ns": 0,
      "refresh_kind": "none",
      "refreshed_post": false,
      "refreshed_pre": false,
      "step": 4
    },
    {
      "accounting_cost_mb": 1000,
      "alternative_full_cycle_cost_mb": 1000,
      "budget_after_mb": 78000,
      "budget_after_permille": 928,
      "budget_before_mb": 79000,
      "budget_exhausted": false,
      "candidate_multiplications_after": 0,
      "candidate_multiplications_before": 0,
      "candidate_wall": 0,
      "candidate_wall_remaining": 0,
      "candidate_winding_is_verified": false,
      "correct": true,
      "decrypt_ns": 51780562,
      "decrypted": 15,
      "expected": 15,
      "level_after": 4,
      "level_before": 4,
      "mismatch_delta_mod_t": 0,
      "operation": "add_ct",
      "operation_ns": 4232471,
      "post_refresh_ns": 0,
      "pre_refresh_ns": 0,
      "refresh_kind": "none",
      "refreshed_post": false,
      "refreshed_pre": false,
      "step": 5
    },
    {
      "accounting_cost_mb": 1000,
      "alternative_full_cycle_cost_mb": 1000,
      "budget_after_mb": 77000,
      "budget_after_permille": 916,
      "budget_before_mb": 78000,
      "budget_exhausted": false,
      "candidate_multiplications_after": 0,
      "candidate_multiplications_before": 0,
      "candidate_wall": 0,
      "candidate_wall_remaining": 0,
      "candidate_winding_is_verified": false,
      "correct": true,
      "decrypt_ns": 51900823,
      "decrypted": 17,
      "expected": 17,
      "level_after": 4,
      "level_before": 4,
      "mismatch_delta_mod_t": 0,
      "operation": "add_ct",
      "operation_ns": 4794771,
      "post_refresh_ns": 0,
      "pre_refresh_ns": 0,
      "refresh_kind": "none",
      "refreshed_post": false,
      "refreshed_pre": false,
      "step": 6
    },
    {
      "accounting_cost_mb": 1000,
      "alternative_full_cycle_cost_mb": 1000,
      "budget_after_mb": 76000,
      "budget_after_permille": 904,
      "budget_before_mb": 77000,
      "budget_exhausted": false,
      "candidate_multiplications_after": 0,
      "candidate_multiplications_before": 0,
      "candidate_wall": 0,
      "candidate_wall_remaining": 0,
      "candidate_winding_is_verified": false,
      "correct": true,
      "decrypt_ns": 51601905,
      "decrypted": 19,
      "expected": 19,
      "level_after": 4,
      "level_before": 4,
      "mismatch_delta_mod_t": 0,
      "operation": "add_ct",
      "operation_ns": 4742634,
      "post_refresh_ns": 0,
      "pre_refresh_ns": 0,
      "refresh_kind": "none",
      "refreshed_post": false,
      "refreshed_pre": false,
      "step": 7
    },
    {
      "accounting_cost_mb": 1000,
      "alternative_full_cycle_cost_mb": 1000,
      "budget_after_mb": 75000,
      "budget_after_permille": 892,
      "budget_before_mb": 76000,
      "budget_exhausted": false,
      "candidate_multiplications_after": 0,
      "candidate_multiplications_before": 0,
      "candidate_wall": 0,
      "candidate_wall_remaining": 0,
      "candidate_winding_is_verified": false,
      "correct": true,
      "decrypt_ns": 51636039,
      "decrypted": 21,
      "expected": 21,
      "level_after": 4,
      "level_before": 4,
      "mismatch_delta_mod_t": 0,
      "operation": "add_ct",
      "operation_ns": 4766909,
      "post_refresh_ns": 0,
      "pre_refresh_ns": 0,
      "refresh_kind": "none",
      "refreshed_post": false,
      "refreshed_pre": false,
      "step": 8
    },
    {
      "accounting_cost_mb": 1000,
      "alternative_full_cycle_cost_mb": 1000,
      "budget_after_mb": 74000,
      "budget_after_permille": 880,
      "budget_before_mb": 75000,
      "budget_exhausted": false,
      "candidate_multiplications_after": 0,
      "candidate_multiplications_before": 0,
      "candidate_wall": 0,
      "candidate_wall_remaining": 0,
      "candidate_winding_is_verified": false,
      "correct": true,
      "decrypt_ns": 51870257,
      "decrypted": 23,
      "expected": 23,
      "level_after": 4,
      "level_before": 4,
      "mismatch_delta_mod_t": 0,
      "operation": "add_ct",
      "operation_ns": 4223304,
      "post_refresh_ns": 0,
      "pre_refresh_ns": 0,
      "refresh_kind": "none",
      "refreshed_post": false,
      "refreshed_pre": false,
      "step": 9
    },
    {
      "accounting_cost_mb": 1000,
      "alternative_full_cycle_cost_mb": 1000,
      "budget_after_mb": 73000,
      "budget_after_permille": 869,
      "budget_before_mb": 74000,
      "budget_exhausted": false,
      "candidate_multiplications_after": 0,
      "candidate_multiplications_before": 0,
      "candidate_wall": 0,
      "candidate_wall_remaining": 0,
      "candidate_winding_is_verified": false,
      "correct": true,
      "decrypt_ns": 51705719,
      "decrypted": 25,
      "expected": 25,
      "level_after": 4,
      "level_before": 4,
      "mismatch_delta_mod_t": 0,
      "operation": "add_ct",
      "operation_ns": 5154202,
      "post_refresh_ns": 0,
      "pre_refresh_ns": 0,
      "refresh_kind": "none",
      "refreshed_post": false,
      "refreshed_pre": false,
      "step": 10
    },
    {
      "accounting_cost_mb": 1000,
      "alternative_full_cycle_cost_mb": 1000,
      "budget_after_mb": 72000,
      "budget_after_permille": 857,
      "budget_before_mb": 73000,
      "budget_exhausted": false,
      "candidate_multiplications_after": 0,
      "candidate_multiplications_before": 0,
      "candidate_wall": 0,
      "candidate_wall_remaining": 0,
      "candidate_winding_is_verified": false,
      "correct": true,
      "decrypt_ns": 51708169,
      "decrypted": 27,
      "expected": 27,
      "level_after": 4,
      "level_before": 4,
      "mismatch_delta_mod_t": 0,
      "operation": "add_ct",
      "operation_ns": 4219908,
      "post_refresh_ns": 0,
      "pre_refresh_ns": 0,
      "refresh_kind": "none",
      "refreshed_post": false,
      "refreshed_pre": false,
      "step": 11
    },
    {
      "accounting_cost_mb": 1000,
      "alternative_full_cycle_cost_mb": 1000,
      "budget_after_mb": 71000,
      "budget_after_permille": 845,
      "budget_before_mb": 72000,
      "budget_exhausted": false,
      "candidate_multiplications_after": 0,
      "candidate_multiplications_before": 0,
      "candidate_wall": 0,
      "candidate_wall_remaining": 0,
      "candidate_winding_is_verified": false,
      "correct": true,
      "decrypt_ns": 51650489,
      "decrypted": 29,
      "expected": 29,
      "level_after": 4,
      "level_before": 4,
      "mismatch_delta_mod_t": 0,
      "operation": "add_ct",
      "operation_ns": 4707729,
      "post_refresh_ns": 0,
      "pre_refresh_ns": 0,
      "refresh_kind": "none",
      "refreshed_post": false,
      "refreshed_pre": false,
      "step": 12
    },
    {
      "accounting_cost_mb": 1000,
      "alternative_full_cycle_cost_mb": 1000,
      "budget_after_mb": 70000,
      "budget_after_permille": 833,
      "budget_before_mb": 71000,
      "budget_exhausted": false,
      "candidate_multiplications_after": 0,
      "candidate_multiplications_before": 0,
      "candidate_wall": 0,
      "candidate_wall_remaining": 0,
      "candidate_winding_is_verified": false,
      "correct": true,
      "decrypt_ns": 51682963,
      "decrypted": 31,
      "expected": 31,
      "level_after": 4,
      "level_before": 4,
      "mismatch_delta_mod_t": 0,
      "operation": "add_ct",
      "operation_ns": 4197356,
      "post_refresh_ns": 0,
      "pre_refresh_ns": 0,
      "refresh_kind": "none",
      "refreshed_post": false,
      "refreshed_pre": false,
      "step": 13
    },
    {
      "accounting_cost_mb": 1000,
      "alternative_full_cycle_cost_mb": 1000,
      "budget_after_mb": 69000,
      "budget_after_permille": 821,
      "budget_before_mb": 70000,
      "budget_exhausted": false,
      "candidate_multiplications_after": 0,
      "candidate_multiplications_before": 0,
      "candidate_wall": 0,
      "candidate_wall_remaining": 0,
      "candidate_winding_is_verified": false,
      "correct": true,
      "decrypt_ns": 51730218,
      "decrypted": 33,
      "expected": 33,
      "level_after": 4,
      "level_before": 4,
      "mismatch_delta_mod_t": 0,
      "operation": "add_ct",
      "operation_ns": 4768442,
      "post_refresh_ns": 0,
      "pre_refresh_ns": 0,
      "refresh_kind": "none",
      "refreshed_post": false,
      "refreshed_pre": false,
      "step": 14
    },
    {
      "accounting_cost_mb": 1000,
      "alternative_full_cycle_cost_mb": 1000,
      "budget_after_mb": 68000,
      "budget_after_permille": 809,
      "budget_before_mb": 69000,
      "budget_exhausted": false,
      "candidate_multiplications_after": 0,
      "candidate_multiplications_before": 0,
      "candidate_wall": 0,
      "candidate_wall_remaining": 0,
      "candidate_winding_is_verified": false,
      "correct": true,
      "decrypt_ns": 51794404,
      "decrypted": 35,
      "expected": 35,
      "level_after": 4,
      "level_before": 4,
      "mismatch_delta_mod_t": 0,
      "operation": "add_ct",
      "operation_ns": 4241338,
      "post_refresh_ns": 0,
      "pre_refresh_ns": 0,
      "refresh_kind": "none",
      "refreshed_post": false,
      "refreshed_pre": false,
      "step": 15
    },
    {
      "accounting_cost_mb": 1000,
      "alternative_full_cycle_cost_mb": 1000,
      "budget_after_mb": 67000,
      "budget_after_permille": 797,
      "budget_before_mb": 68000,
      "budget_exhausted": false,
      "candidate_multiplications_after": 0,
      "candidate_multiplications_before": 0,
      "candidate_wall": 0,
      "candidate_wall_remaining": 0,
      "candidate_winding_is_verified": false,
      "correct": true,
      "decrypt_ns": 51584934,
      "decrypted": 37,
      "expected": 37,
      "level_after": 4,
      "level_before": 4,
      "mismatch_delta_mod_t": 0,
      "operation": "add_ct",
      "operation_ns": 4742384,
      "post_refresh_ns": 0,
      "pre_refresh_ns": 0,
      "refresh_kind": "none",
      "refreshed_post": false,
      "refreshed_pre": false,
      "step": 16
    },
    {
      "accounting_cost_mb": 1000,
      "alternative_full_cycle_cost_mb": 1000,
      "budget_after_mb": 66000,
      "budget_after_permille": 785,
      "budget_before_mb": 67000,
      "budget_exhausted": false,
      "candidate_multiplications_after": 0,
      "candidate_multiplications_before": 0,
      "candidate_wall": 0,
      "candidate_wall_remaining": 0,
      "candidate_winding_is_verified": false,
      "correct": true,
      "decrypt_ns": 51526124,
      "decrypted": 39,
      "expected": 39,
      "level_after": 4,
      "level_before": 4,
      "mismatch_delta_mod_t": 0,
      "operation": "add_ct",
      "operation_ns": 4233273,
      "post_refresh_ns": 0,
      "pre_refresh_ns": 0,
      "refresh_kind": "none",
      "refreshed_post": false,
      "refreshed_pre": false,
      "step": 17
    },
    {
      "accounting_cost_mb": 1000,
      "alternative_full_cycle_cost_mb": 1000,
      "budget_after_mb": 65000,
      "budget_after_permille": 773,
      "budget_before_mb": 66000,
      "budget_exhausted": false,
      "candidate_multiplications_after": 0,
      "candidate_multiplications_before": 0,
      "candidate_wall": 0,
      "candidate_wall_remaining": 0,
      "candidate_winding_is_verified": false,
      "correct": true,
      "decrypt_ns": 51672327,
      "decrypted": 41,
      "expected": 41,
      "level_after": 4,
      "level_before": 4,
      "mismatch_delta_mod_t": 0,
      "operation": "add_ct",
      "operation_ns": 4756580,
      "post_refresh_ns": 0,
      "pre_refresh_ns": 0,
      "refresh_kind": "none",
      "refreshed_post": false,
      "refreshed_pre": false,
      "step": 18
    },
    {
      "accounting_cost_mb": 1000,
      "alternative_full_cycle_cost_mb": 1000,
      "budget_after_mb": 64000,
      "budget_after_permille": 761,
      "budget_before_mb": 65000,
      "budget_exhausted": false,
      "candidate_multiplications_after": 0,
      "candidate_multiplications_before": 0,
      "candidate_wall": 0,
      "candidate_wall_remaining": 0,
      "candidate_winding_is_verified": false,
      "correct": true,
      "decrypt_ns": 51721629,
      "decrypted": 43,
      "expected": 43,
      "level_after": 4,
      "level_before": 4,
      "mismatch_delta_mod_t": 0,
      "operation": "add_ct",
      "operation_ns": 4230207,
      "post_refresh_ns": 0,
      "pre_refresh_ns": 0,
      "refresh_kind": "none",
      "refreshed_post": false,
      "refreshed_pre": false,
      "step": 19
    },
    {
      "accounting_cost_mb": 1000,
      "alternative_full_cycle_cost_mb": 1000,
      "budget_after_mb": 63000,
      "budget_after_permille": 750,
      "budget_before_mb": 64000,
      "budget_exhausted": false,
      "candidate_multiplications_after": 0,
      "candidate_multiplications_before": 0,
      "candidate_wall": 0,
      "candidate_wall_remaining": 0,
      "candidate_winding_is_verified": false,
      "correct": true,
      "decrypt_ns": 49807347,
      "decrypted": 45,
      "expected": 45,
      "level_after": 4,
      "level_before": 4,
      "mismatch_delta_mod_t": 0,
      "operation": "add_ct",
      "operation_ns": 4728979,
      "post_refresh_ns": 0,
      "pre_refresh_ns": 0,
      "refresh_kind": "none",
      "refreshed_post": false,
      "refreshed_pre": false,
      "step": 20
    },
    {
      "accounting_cost_mb": 1000,
      "alternative_full_cycle_cost_mb": 1000,
      "budget_after_mb": 62000,
      "budget_after_permille": 738,
      "budget_before_mb": 63000,
      "budget_exhausted": false,
      "candidate_multiplications_after": 0,
      "candidate_multiplications_before": 0,
      "candidate_wall": 0,
      "candidate_wall_remaining": 0,
      "candidate_winding_is_verified": false,
      "correct": true,
      "decrypt_ns": 51817308,
      "decrypted": 47,
      "expected": 47,
      "level_after": 4,
      "level_before": 4,
      "mismatch_delta_mod_t": 0,
      "operation": "add_ct",
      "operation_ns": 4222022,
      "post_refresh_ns": 0,
      "pre_refresh_ns": 0,
      "refresh_kind": "none",
      "refreshed_post": false,
      "refreshed_pre": false,
      "step": 21
    },
    {
      "accounting_cost_mb": 1000,
      "alternative_full_cycle_cost_mb": 1000,
      "budget_after_mb": 61000,
      "budget_after_permille": 726,
      "budget_before_mb": 62000,
      "budget_exhausted": false,
      "candidate_multiplications_after": 0,
      "candidate_multiplications_before": 0,
      "candidate_wall": 0,
      "candidate_wall_remaining": 0,
      "candidate_winding_is_verified": false,
      "correct": true,
      "decrypt_ns": 52429902,
      "decrypted": 49,
      "expected": 49,
      "level_after": 4,
      "level_before": 4,
      "mismatch_delta_mod_t": 0,
      "operation": "add_ct",
      "operation_ns": 4746692,
      "post_refresh_ns": 0,
      "pre_refresh_ns": 0,
      "refresh_kind": "none",
      "refreshed_post": false,
      "refreshed_pre": false,
      "step": 22
    },
    {
      "accounting_cost_mb": 1000,
      "alternative_full_cycle_cost_mb": 1000,
      "budget_after_mb": 60000,
      "budget_after_permille": 714,
      "budget_before_mb": 61000,
      "budget_exhausted": false,
      "candidate_multiplications_after": 0,
      "candidate_multiplications_before": 0,
      "candidate_wall": 0,
      "candidate_wall_remaining": 0,
      "candidate_winding_is_verified": false,
      "correct": true,
      "decrypt_ns": 51777192,
      "decrypted": 51,
      "expected": 51,
      "level_after": 4,
      "level_before": 4,
      "mismatch_delta_mod_t": 0,
      "operation": "add_ct",
      "operation_ns": 4224857,
      "post_refresh_ns": 0,
      "pre_refresh_ns": 0,
      "refresh_kind": "none",
      "refreshed_post": false,
      "refreshed_pre": false,
      "step": 23
    },
    {
      "accounting_cost_mb": 1000,
      "alternative_full_cycle_cost_mb": 1000,
      "budget_after_mb": 59000,
      "budget_after_permille": 702,
      "budget_before_mb": 60000,
      "budget_exhausted": false,
      "candidate_multiplications_after": 0,
      "candidate_multiplications_before": 0,
      "candidate_wall": 0,
      "candidate_wall_remaining": 0,
      "candidate_winding_is_verified": false,
      "correct": true,
      "decrypt_ns": 49828055,
      "decrypted": 53,
      "expected": 53,
      "level_after": 4,
      "level_before": 4,
      "mismatch_delta_mod_t": 0,
      "operation": "add_ct",
      "operation_ns": 4729540,
      "post_refresh_ns": 0,
      "pre_refresh_ns": 0,
      "refresh_kind": "none",
      "refreshed_post": false,
      "refreshed_pre": false,
      "step": 24
    },
    {
      "accounting_cost_mb": 1000,
      "alternative_full_cycle_cost_mb": 1000,
      "budget_after_mb": 58000,
      "budget_after_permille": 690,
      "budget_before_mb": 59000,
      "budget_exhausted": false,
      "candidate_multiplications_after": 0,
      "candidate_multiplications_before": 0,
      "candidate_wall": 0,
      "candidate_wall_remaining": 0,
      "candidate_winding_is_verified": false,
      "correct": true,
      "decrypt_ns": 51693246,
      "decrypted": 55,
      "expected": 55,
      "level_after": 4,
      "level_before": 4,
      "mismatch_delta_mod_t": 0,
      "operation": "add_ct",
      "operation_ns": 4223575,
      "post_refresh_ns": 0,
      "pre_refresh_ns": 0,
      "refresh_kind": "none",
      "refreshed_post": false,
      "refreshed_pre": false,
      "step": 25
    },
    {
      "accounting_cost_mb": 1000,
      "alternative_full_cycle_cost_mb": 1000,
      "budget_after_mb": 57000,
      "budget_after_permille": 678,
      "budget_before_mb": 58000,
      "budget_exhausted": false,
      "candidate_multiplications_after": 0,
      "candidate_multiplications_before": 0,
      "candidate_wall": 0,
      "candidate_wall_remaining": 0,
      "candidate_winding_is_verified": false,
      "correct": true,
      "decrypt_ns": 51681104,
      "decrypted": 57,
      "expected": 57,
      "level_after": 4,
      "level_before": 4,
      "mismatch_delta_mod_t": 0,
      "operation": "add_ct",
      "operation_ns": 4867487,
      "post_refresh_ns": 0,
      "pre_refresh_ns": 0,
      "refresh_kind": "none",
      "refreshed_post": false,
      "refreshed_pre": false,
      "step": 26
    },
    {
      "accounting_cost_mb": 1000,
      "alternative_full_cycle_cost_mb": 1000,
      "budget_after_mb": 56000,
      "budget_after_permille": 666,
      "budget_before_mb": 57000,
      "budget_exhausted": false,
      "candidate_multiplications_after": 0,
      "candidate_multiplications_before": 0,
      "candidate_wall": 0,
      "candidate_wall_remaining": 0,
      "candidate_winding_is_verified": false,
      "correct": true,
      "decrypt_ns": 51571820,
      "decrypted": 59,
      "expected": 59,
      "level_after": 4,
      "level_before": 4,
      "mismatch_delta_mod_t": 0,
      "operation": "add_ct",
      "operation_ns": 4193088,
      "post_refresh_ns": 0,
      "pre_refresh_ns": 0,
      "refresh_kind": "none",
      "refreshed_post": false,
      "refreshed_pre": false,
      "step": 27
    },
    {
      "accounting_cost_mb": 1000,
      "alternative_full_cycle_cost_mb": 1000,
      "budget_after_mb": 55000,
      "budget_after_permille": 654,
      "budget_before_mb": 56000,
      "budget_exhausted": false,
      "candidate_multiplications_after": 0,
      "candidate_multiplications_before": 0,
      "candidate_wall": 0,
      "candidate_wall_remaining": 0,
      "candidate_winding_is_verified": false,
      "correct": true,
      "decrypt_ns": 51810484,
      "decrypted": 61,
      "expected": 61,
      "level_after": 4,
      "level_before": 4,
      "mismatch_delta_mod_t": 0,
      "operation": "add_ct",
      "operation_ns": 4743997,
      "post_refresh_ns": 0,
      "pre_refresh_ns": 0,
      "refresh_kind": "none",
      "refreshed_post": false,
      "refreshed_pre": false,
      "step": 28
    },
    {
      "accounting_cost_mb": 1000,
      "alternative_full_cycle_cost_mb": 1000,
      "budget_after_mb": 54000,
      "budget_after_permille": 642,
      "budget_before_mb": 55000,
      "budget_exhausted": false,
      "candidate_multiplications_after": 0,
      "candidate_multiplications_before": 0,
      "candidate_wall": 0,
      "candidate_wall_remaining": 0,
      "candidate_winding_is_verified": false,
      "correct": true,
      "decrypt_ns": 51867433,
      "decrypted": 63,
      "expected": 63,
      "level_after": 4,
      "level_before": 4,
      "mismatch_delta_mod_t": 0,
      "operation": "add_ct",
      "operation_ns": 4338730,
      "post_refresh_ns": 0,
      "pre_refresh_ns": 0,
      "refresh_kind": "none",
      "refreshed_post": false,
      "refreshed_pre": false,
      "step": 29
    },
    {
      "accounting_cost_mb": 1000,
      "alternative_full_cycle_cost_mb": 1000,
      "budget_after_mb": 53000,
      "budget_after_permille": 630,
      "budget_before_mb": 54000,
      "budget_exhausted": false,
      "candidate_multiplications_after": 0,
      "candidate_multiplications_before": 0,
      "candidate_wall": 0,
      "candidate_wall_remaining": 0,
      "candidate_winding_is_verified": false,
      "correct": true,
      "decrypt_ns": 52313423,
      "decrypted": 65,
      "expected": 65,
      "level_after": 4,
      "level_before": 4,
      "mismatch_delta_mod_t": 0,
      "operation": "add_ct",
      "operation_ns": 4837532,
      "post_refresh_ns": 0,
      "pre_refresh_ns": 0,
      "refresh_kind": "none",
      "refreshed_post": false,
      "refreshed_pre": false,
      "step": 30
    },
    {
      "accounting_cost_mb": 1000,
      "alternative_full_cycle_cost_mb": 1000,
      "budget_after_mb": 52000,
      "budget_after_permille": 619,
      "budget_before_mb": 53000,
      "budget_exhausted": false,
      "candidate_multiplications_after": 0,
      "candidate_multiplications_before": 0,
      "candidate_wall": 0,
      "candidate_wall_remaining": 0,
      "candidate_winding_is_verified": false,
      "correct": true,
      "decrypt_ns": 51883972,
      "decrypted": 67,
      "expected": 67,
      "level_after": 4,
      "level_before": 4,
      "mismatch_delta_mod_t": 0,
      "operation": "add_ct",
      "operation_ns": 4852469,
      "post_refresh_ns": 0,
      "pre_refresh_ns": 0,
      "refresh_kind": "none",
      "refreshed_post": false,
      "refreshed_pre": false,
      "step": 31
    }
  ]
}
