cram-public-correctness	Set up job	﻿2026-10-07T19:45:30.4897402Z Current runner version: '2.337.0'
cram-public-correctness	Set up job	2026-10-07T19:45:30.4937720Z ##[group]Runner Image Provisioner
cram-public-correctness	Set up job	2026-10-07T19:45:30.4939276Z Hosted Compute Agent
cram-public-correctness	Set up job	2026-10-07T19:45:30.4940416Z Version: 20260901.588
cram-public-correctness	Set up job	2026-10-07T19:45:30.4941486Z Commit: f88ec8081b781fac6c440065ac7ff9e710ce3d0b
cram-public-correctness	Set up job	2026-10-07T19:45:30.4942942Z Build Date: 2026-09-01T19:56:44Z
cram-public-correctness	Set up job	2026-10-07T19:45:30.4944101Z Worker ID: {5657e9f6-3af5-4112-af56-ce792811153b}
cram-public-correctness	Set up job	2026-10-07T19:45:30.4945392Z Azure Region: southcentralus
cram-public-correctness	Set up job	2026-10-07T19:45:30.4946861Z ##[endgroup]
cram-public-correctness	Set up job	2026-10-07T19:45:30.4949189Z ##[group]Operating System
cram-public-correctness	Set up job	2026-10-07T19:45:30.4950839Z Ubuntu
cram-public-correctness	Set up job	2026-10-07T19:45:30.4951801Z 24.04.5
cram-public-correctness	Set up job	2026-10-07T19:45:30.4952777Z LTS
cram-public-correctness	Set up job	2026-10-07T19:45:30.4953825Z ##[endgroup]
cram-public-correctness	Set up job	2026-10-07T19:45:30.4954741Z ##[group]Runner Image
cram-public-correctness	Set up job	2026-10-07T19:45:30.4955912Z Image: ubuntu-24.04
cram-public-correctness	Set up job	2026-10-07T19:45:30.4957283Z Version: 20260927.320.1
cram-public-correctness	Set up job	2026-10-07T19:45:30.4959209Z Included Software: https://github.com/actions/runner-images/blob/ubuntu24/20260927.320/images/ubuntu/Ubuntu2404-Readme.md
cram-public-correctness	Set up job	2026-10-07T19:45:30.4962379Z Image Release: https://github.com/actions/runner-images/releases/tag/ubuntu24%2F20260927.320
cram-public-correctness	Set up job	2026-10-07T19:45:30.4964242Z ##[endgroup]
cram-public-correctness	Set up job	2026-10-07T19:45:30.4966188Z ##[group]GITHUB_TOKEN Permissions
cram-public-correctness	Set up job	2026-10-07T19:45:30.4969529Z Contents: read
cram-public-correctness	Set up job	2026-10-07T19:45:30.4970511Z Metadata: read
cram-public-correctness	Set up job	2026-10-07T19:45:30.4971377Z ##[endgroup]
cram-public-correctness	Set up job	2026-10-07T19:45:30.4974711Z Secret source: Actions
cram-public-correctness	Set up job	2026-10-07T19:45:30.4976701Z Cache mode: write
cram-public-correctness	Set up job	2026-10-07T19:45:30.4978588Z Prepare workflow directory
cram-public-correctness	Set up job	2026-10-07T19:45:30.5395826Z Prepare all required actions
cram-public-correctness	Set up job	2026-10-07T19:45:30.5458736Z Getting action download info
cram-public-correctness	Set up job	2026-10-07T19:45:30.8313083Z Download action repository 'actions/checkout@v4' (SHA:11d5960a326750d5838078e36cf38b85af677262)
cram-public-correctness	Set up job	2026-10-07T19:45:30.9331384Z Download action repository 'dtolnay/rust-toolchain@1.89.0' (SHA:166de8caa14bb03d0e4ce3de7cc787f95ccf7188)
cram-public-correctness	Set up job	2026-10-07T19:45:31.2735277Z Complete job name: cram-public-correctness
cram-public-correctness	Run actions/checkout@v4	﻿2026-10-07T19:45:31.3923917Z ##[group]Run actions/checkout@v4
cram-public-correctness	Run actions/checkout@v4	2026-10-07T19:45:31.3924823Z with:
cram-public-correctness	Run actions/checkout@v4	2026-10-07T19:45:31.3925280Z   repository: Skyelabz210/NINE65_v7
cram-public-correctness	Run actions/checkout@v4	2026-10-07T19:45:31.3929757Z   token: ***
cram-public-correctness	Run actions/checkout@v4	2026-10-07T19:45:31.3930206Z   ssh-strict: true
cram-public-correctness	Run actions/checkout@v4	2026-10-07T19:45:31.3930643Z   ssh-user: git
cram-public-correctness	Run actions/checkout@v4	2026-10-07T19:45:31.3931083Z   persist-credentials: true
cram-public-correctness	Run actions/checkout@v4	2026-10-07T19:45:31.3931576Z   clean: true
cram-public-correctness	Run actions/checkout@v4	2026-10-07T19:45:31.3932010Z   sparse-checkout-cone-mode: true
cram-public-correctness	Run actions/checkout@v4	2026-10-07T19:45:31.3932527Z   fetch-depth: 1
cram-public-correctness	Run actions/checkout@v4	2026-10-07T19:45:31.3932951Z   fetch-tags: false
cram-public-correctness	Run actions/checkout@v4	2026-10-07T19:45:31.3933382Z   show-progress: true
cram-public-correctness	Run actions/checkout@v4	2026-10-07T19:45:31.3933815Z   lfs: false
cram-public-correctness	Run actions/checkout@v4	2026-10-07T19:45:31.3934223Z   submodules: false
cram-public-correctness	Run actions/checkout@v4	2026-10-07T19:45:31.3934676Z   set-safe-directory: true
cram-public-correctness	Run actions/checkout@v4	2026-10-07T19:45:31.3935171Z   allow-unsafe-pr-checkout: false
cram-public-correctness	Run actions/checkout@v4	2026-10-07T19:45:31.3935985Z ##[endgroup]
cram-public-correctness	Run actions/checkout@v4	2026-10-07T19:45:31.4991162Z Syncing repository: Skyelabz210/NINE65_v7
cram-public-correctness	Run actions/checkout@v4	2026-10-07T19:45:31.4993026Z ##[group]Getting Git version info
cram-public-correctness	Run actions/checkout@v4	2026-10-07T19:45:31.4993774Z Working directory is '/home/runner/work/NINE65_v7/NINE65_v7'
cram-public-correctness	Run actions/checkout@v4	2026-10-07T19:45:31.4994874Z [command]/usr/bin/git version
cram-public-correctness	Run actions/checkout@v4	2026-10-07T19:45:31.9285598Z git version 2.55.0
cram-public-correctness	Run actions/checkout@v4	2026-10-07T19:45:31.9309659Z ##[endgroup]
cram-public-correctness	Run actions/checkout@v4	2026-10-07T19:45:31.9323741Z Temporarily overriding HOME='/home/runner/work/_temp/576a8d58-d5e3-421a-aff5-607d416ce5f6' before making global git config changes
cram-public-correctness	Run actions/checkout@v4	2026-10-07T19:45:31.9325986Z Adding repository directory to the temporary git global config as a safe directory
cram-public-correctness	Run actions/checkout@v4	2026-10-07T19:45:31.9330280Z [command]/usr/bin/git config --global --add safe.directory /home/runner/work/NINE65_v7/NINE65_v7
cram-public-correctness	Run actions/checkout@v4	2026-10-07T19:45:31.9851016Z Deleting the contents of '/home/runner/work/NINE65_v7/NINE65_v7'
cram-public-correctness	Run actions/checkout@v4	2026-10-07T19:45:31.9855550Z ##[group]Initializing the repository
cram-public-correctness	Run actions/checkout@v4	2026-10-07T19:45:31.9860497Z [command]/usr/bin/git init /home/runner/work/NINE65_v7/NINE65_v7
cram-public-correctness	Run actions/checkout@v4	2026-10-07T19:45:32.0843715Z hint: Using 'master' as the name for the initial branch. This default branch name
cram-public-correctness	Run actions/checkout@v4	2026-10-07T19:45:32.0845936Z hint: will change to "main" in Git 3.0. To configure the initial branch name
cram-public-correctness	Run actions/checkout@v4	2026-10-07T19:45:32.0848694Z hint: to use in all of your new repositories, which will suppress this warning,
cram-public-correctness	Run actions/checkout@v4	2026-10-07T19:45:32.0850324Z hint: call:
cram-public-correctness	Run actions/checkout@v4	2026-10-07T19:45:32.0851387Z hint:
cram-public-correctness	Run actions/checkout@v4	2026-10-07T19:45:32.0852607Z hint: 	git config --global init.defaultBranch <name>
cram-public-correctness	Run actions/checkout@v4	2026-10-07T19:45:32.0854066Z hint:
cram-public-correctness	Run actions/checkout@v4	2026-10-07T19:45:32.0855416Z hint: Names commonly chosen instead of 'master' are 'main', 'trunk' and
cram-public-correctness	Run actions/checkout@v4	2026-10-07T19:45:32.0857711Z hint: 'development'. The just-created branch can be renamed via this command:
cram-public-correctness	Run actions/checkout@v4	2026-10-07T19:45:32.0859213Z hint:
cram-public-correctness	Run actions/checkout@v4	2026-10-07T19:45:32.0860387Z hint: 	git branch -m <name>
cram-public-correctness	Run actions/checkout@v4	2026-10-07T19:45:32.0861555Z hint:
cram-public-correctness	Run actions/checkout@v4	2026-10-07T19:45:32.0863111Z hint: Disable this message with "git config set advice.defaultBranchName false"
cram-public-correctness	Run actions/checkout@v4	2026-10-07T19:45:32.0865488Z Initialized empty Git repository in /home/runner/work/NINE65_v7/NINE65_v7/.git/
cram-public-correctness	Run actions/checkout@v4	2026-10-07T19:45:32.0869883Z [command]/usr/bin/git remote add origin https://github.com/Skyelabz210/NINE65_v7
cram-public-correctness	Run actions/checkout@v4	2026-10-07T19:45:32.3370819Z ##[endgroup]
cram-public-correctness	Run actions/checkout@v4	2026-10-07T19:45:32.3372796Z ##[group]Disabling automatic garbage collection
cram-public-correctness	Run actions/checkout@v4	2026-10-07T19:45:32.3375602Z [command]/usr/bin/git config --local gc.auto 0
cram-public-correctness	Run actions/checkout@v4	2026-10-07T19:45:32.3413458Z ##[endgroup]
cram-public-correctness	Run actions/checkout@v4	2026-10-07T19:45:32.3414679Z ##[group]Setting up auth
cram-public-correctness	Run actions/checkout@v4	2026-10-07T19:45:32.3420376Z [command]/usr/bin/git config --local --name-only --get-regexp core\.sshCommand
cram-public-correctness	Run actions/checkout@v4	2026-10-07T19:45:32.3457625Z [command]/usr/bin/git submodule foreach --recursive sh -c "git config --local --name-only --get-regexp 'core\.sshCommand' && git config --local --unset-all 'core.sshCommand' || :"
cram-public-correctness	Run actions/checkout@v4	2026-10-07T19:45:32.3832894Z [command]/usr/bin/git config --local --name-only --get-regexp http\.https\:\/\/github\.com\/\.extraheader
cram-public-correctness	Run actions/checkout@v4	2026-10-07T19:45:32.3869041Z [command]/usr/bin/git submodule foreach --recursive sh -c "git config --local --name-only --get-regexp 'http\.https\:\/\/github\.com\/\.extraheader' && git config --local --unset-all 'http.https://github.com/.extraheader' || :"
cram-public-correctness	Run actions/checkout@v4	2026-10-07T19:45:32.4091006Z [command]/usr/bin/git config --local --name-only --get-regexp ^includeIf\.gitdir:
cram-public-correctness	Run actions/checkout@v4	2026-10-07T19:45:32.4126997Z [command]/usr/bin/git submodule foreach --recursive git config --local --show-origin --name-only --get-regexp remote.origin.url
cram-public-correctness	Run actions/checkout@v4	2026-10-07T19:45:32.4351611Z [command]/usr/bin/git config --local http.https://github.com/.extraheader AUTHORIZATION: basic ***
cram-public-correctness	Run actions/checkout@v4	2026-10-07T19:45:32.4391361Z ##[endgroup]
cram-public-correctness	Run actions/checkout@v4	2026-10-07T19:45:32.4401022Z ##[group]Fetching the repository
cram-public-correctness	Run actions/checkout@v4	2026-10-07T19:45:32.4404949Z [command]/usr/bin/git -c protocol.version=2 fetch --no-tags --prune --no-recurse-submodules --depth=1 origin +c93a058e2106441029647e69e252d3b410fdeab1:refs/remotes/origin/main
cram-public-correctness	Run actions/checkout@v4	2026-10-07T19:45:33.2087508Z From https://github.com/Skyelabz210/NINE65_v7
cram-public-correctness	Run actions/checkout@v4	2026-10-07T19:45:33.2089084Z  * [new ref]         c93a058e2106441029647e69e252d3b410fdeab1 -> origin/main
cram-public-correctness	Run actions/checkout@v4	2026-10-07T19:45:33.2091914Z ##[endgroup]
cram-public-correctness	Run actions/checkout@v4	2026-10-07T19:45:33.2092602Z ##[group]Determining the checkout info
cram-public-correctness	Run actions/checkout@v4	2026-10-07T19:45:33.2094295Z ##[endgroup]
cram-public-correctness	Run actions/checkout@v4	2026-10-07T19:45:33.2100616Z [command]/usr/bin/git sparse-checkout disable
cram-public-correctness	Run actions/checkout@v4	2026-10-07T19:45:33.2155981Z [command]/usr/bin/git config --local --unset-all extensions.worktreeConfig
cram-public-correctness	Run actions/checkout@v4	2026-10-07T19:45:33.2204532Z ##[group]Checking out the ref
cram-public-correctness	Run actions/checkout@v4	2026-10-07T19:45:33.2209763Z [command]/usr/bin/git checkout --progress --force -B main refs/remotes/origin/main
cram-public-correctness	Run actions/checkout@v4	2026-10-07T19:45:33.3341762Z Switched to a new branch 'main'
cram-public-correctness	Run actions/checkout@v4	2026-10-07T19:45:33.3348186Z branch 'main' set up to track 'origin/main'.
cram-public-correctness	Run actions/checkout@v4	2026-10-07T19:45:33.3357169Z ##[endgroup]
cram-public-correctness	Run actions/checkout@v4	2026-10-07T19:45:33.3403153Z [command]/usr/bin/git log -1 --format=%H
cram-public-correctness	Run actions/checkout@v4	2026-10-07T19:45:33.3430030Z c93a058e2106441029647e69e252d3b410fdeab1
cram-public-correctness	Run dtolnay/rust-toolchain@1.89.0	﻿2026-10-07T19:45:33.3843426Z ##[group]Run dtolnay/rust-toolchain@1.89.0
cram-public-correctness	Run dtolnay/rust-toolchain@1.89.0	2026-10-07T19:45:33.3843792Z with:
cram-public-correctness	Run dtolnay/rust-toolchain@1.89.0	2026-10-07T19:45:33.3844000Z ##[endgroup]
cram-public-correctness	Run dtolnay/rust-toolchain@1.89.0	2026-10-07T19:45:33.3920452Z ##[start-action display=Parse toolchain version;id=__dtolnay_rust-toolchain.parse]
cram-public-correctness	Run dtolnay/rust-toolchain@1.89.0	2026-10-07T19:45:33.3982748Z ##[group]Run if [[ -z $toolchain ]]; then
cram-public-correctness	Run dtolnay/rust-toolchain@1.89.0	2026-10-07T19:45:33.3983177Z [36;1mif [[ -z $toolchain ]]; then[0m
cram-public-correctness	Run dtolnay/rust-toolchain@1.89.0	2026-10-07T19:45:33.3983761Z [36;1m  # GitHub does not enforce `required: true` inputs itself. https://github.com/actions/runner/issues/1070[0m
cram-public-correctness	Run dtolnay/rust-toolchain@1.89.0	2026-10-07T19:45:33.3984583Z [36;1m  echo "'toolchain' is a required input" >&2[0m
cram-public-correctness	Run dtolnay/rust-toolchain@1.89.0	2026-10-07T19:45:33.3984893Z [36;1m  exit 1[0m
cram-public-correctness	Run dtolnay/rust-toolchain@1.89.0	2026-10-07T19:45:33.3985236Z [36;1melif [[ $toolchain =~ ^stable' '[0-9]+' '(year|month|week|day)s?' 'ago$ ]]; then[0m
cram-public-correctness	Run dtolnay/rust-toolchain@1.89.0	2026-10-07T19:45:33.3985670Z [36;1m  if [[ Linux == macOS ]]; then[0m
cram-public-correctness	Run dtolnay/rust-toolchain@1.89.0	2026-10-07T19:45:33.3986419Z [36;1m    echo "toolchain=1.$((($(date -v-$(sed 's/stable \([0-9]*\) \(.\).*/\1\2/' <<< $toolchain) +%s)/60/60/24-16569)/7/6))" >> $GITHUB_OUTPUT[0m
cram-public-correctness	Run dtolnay/rust-toolchain@1.89.0	2026-10-07T19:45:33.3987032Z [36;1m  else[0m
cram-public-correctness	Run dtolnay/rust-toolchain@1.89.0	2026-10-07T19:45:33.3987461Z [36;1m    echo "toolchain=1.$((($(date --date "${toolchain#stable }" +%s)/60/60/24-16569)/7/6))" >> $GITHUB_OUTPUT[0m
cram-public-correctness	Run dtolnay/rust-toolchain@1.89.0	2026-10-07T19:45:33.3987967Z [36;1m  fi[0m
cram-public-correctness	Run dtolnay/rust-toolchain@1.89.0	2026-10-07T19:45:33.3988290Z [36;1melif [[ $toolchain =~ ^stable' 'minus' '[0-9]+' 'releases?$ ]]; then[0m
cram-public-correctness	Run dtolnay/rust-toolchain@1.89.0	2026-10-07T19:45:33.3988880Z [36;1m  echo "toolchain=1.$((($(date +%s)/60/60/24-16569)/7/6-${toolchain//[^0-9]/}))" >> $GITHUB_OUTPUT[0m
cram-public-correctness	Run dtolnay/rust-toolchain@1.89.0	2026-10-07T19:45:33.3989377Z [36;1melif [[ $toolchain =~ ^1\.[0-9]+$ ]]; then[0m
cram-public-correctness	Run dtolnay/rust-toolchain@1.89.0	2026-10-07T19:45:33.3989924Z [36;1m  echo "toolchain=1.$((i=${toolchain#1.}, c=($(date +%s)/60/60/24-16569)/7/6, i+9*i*(10*i<=c)+90*i*(100*i<=c)))" >> $GITHUB_OUTPUT[0m
cram-public-correctness	Run dtolnay/rust-toolchain@1.89.0	2026-10-07T19:45:33.3990446Z [36;1melse[0m
cram-public-correctness	Run dtolnay/rust-toolchain@1.89.0	2026-10-07T19:45:33.3990699Z [36;1m  echo "toolchain=$toolchain" >> $GITHUB_OUTPUT[0m
cram-public-correctness	Run dtolnay/rust-toolchain@1.89.0	2026-10-07T19:45:33.3990998Z [36;1mfi[0m
cram-public-correctness	Run dtolnay/rust-toolchain@1.89.0	2026-10-07T19:45:33.4301298Z shell: /usr/bin/bash --noprofile --norc -e -o pipefail {0}
cram-public-correctness	Run dtolnay/rust-toolchain@1.89.0	2026-10-07T19:45:33.4301787Z env:
cram-public-correctness	Run dtolnay/rust-toolchain@1.89.0	2026-10-07T19:45:33.4302024Z   toolchain: 1.89.0
cram-public-correctness	Run dtolnay/rust-toolchain@1.89.0	2026-10-07T19:45:33.4302282Z ##[endgroup]
cram-public-correctness	Run dtolnay/rust-toolchain@1.89.0	2026-10-07T19:45:33.4436552Z ##[end-action id=__dtolnay_rust-toolchain.parse;outcome=success;conclusion=success;duration_ms=51]
cram-public-correctness	Run dtolnay/rust-toolchain@1.89.0	2026-10-07T19:45:33.4449478Z ##[start-action display=Construct rustup command line;id=__dtolnay_rust-toolchain.flags]
cram-public-correctness	Run dtolnay/rust-toolchain@1.89.0	2026-10-07T19:45:33.4481016Z ##[group]Run echo "targets=$(for t in ${targets//,/ }; do echo -n ' --target' $t; done)" >> $GITHUB_OUTPUT
cram-public-correctness	Run dtolnay/rust-toolchain@1.89.0	2026-10-07T19:45:33.4481785Z [36;1mecho "targets=$(for t in ${targets//,/ }; do echo -n ' --target' $t; done)" >> $GITHUB_OUTPUT[0m
cram-public-correctness	Run dtolnay/rust-toolchain@1.89.0	2026-10-07T19:45:33.4482469Z [36;1mecho "components=$(for c in ${components//,/ }; do echo -n ' --component' $c; done)" >> $GITHUB_OUTPUT[0m
cram-public-correctness	Run dtolnay/rust-toolchain@1.89.0	2026-10-07T19:45:33.4483048Z [36;1mecho "downgrade=" >> $GITHUB_OUTPUT[0m
cram-public-correctness	Run dtolnay/rust-toolchain@1.89.0	2026-10-07T19:45:33.4540677Z shell: /usr/bin/bash --noprofile --norc -e -o pipefail {0}
cram-public-correctness	Run dtolnay/rust-toolchain@1.89.0	2026-10-07T19:45:33.4541070Z env:
cram-public-correctness	Run dtolnay/rust-toolchain@1.89.0	2026-10-07T19:45:33.4541289Z   targets: 
cram-public-correctness	Run dtolnay/rust-toolchain@1.89.0	2026-10-07T19:45:33.4541517Z   components: 
cram-public-correctness	Run dtolnay/rust-toolchain@1.89.0	2026-10-07T19:45:33.4541744Z ##[endgroup]
cram-public-correctness	Run dtolnay/rust-toolchain@1.89.0	2026-10-07T19:45:33.4635722Z ##[end-action id=__dtolnay_rust-toolchain.flags;outcome=success;conclusion=success;duration_ms=18]
cram-public-correctness	Run dtolnay/rust-toolchain@1.89.0	2026-10-07T19:45:33.4638404Z ##[start-action display=Set $CARGO_HOME;id=__dtolnay_rust-toolchain.__run]
cram-public-correctness	Run dtolnay/rust-toolchain@1.89.0	2026-10-07T19:45:33.4659418Z ##[group]Run echo CARGO_HOME=${CARGO_HOME:-"$HOME/.cargo"} >> $GITHUB_ENV
cram-public-correctness	Run dtolnay/rust-toolchain@1.89.0	2026-10-07T19:45:33.4659943Z [36;1mecho CARGO_HOME=${CARGO_HOME:-"$HOME/.cargo"} >> $GITHUB_ENV[0m
cram-public-correctness	Run dtolnay/rust-toolchain@1.89.0	2026-10-07T19:45:33.4717072Z shell: /usr/bin/bash --noprofile --norc -e -o pipefail {0}
cram-public-correctness	Run dtolnay/rust-toolchain@1.89.0	2026-10-07T19:45:33.4717461Z ##[endgroup]
cram-public-correctness	Run dtolnay/rust-toolchain@1.89.0	2026-10-07T19:45:33.4803128Z ##[end-action id=__dtolnay_rust-toolchain.__run;outcome=success;conclusion=success;duration_ms=16]
cram-public-correctness	Run dtolnay/rust-toolchain@1.89.0	2026-10-07T19:45:33.4805366Z ##[start-action display=Install rustup if needed;id=__dtolnay_rust-toolchain.__run_2]
cram-public-correctness	Run dtolnay/rust-toolchain@1.89.0	2026-10-07T19:45:33.4832639Z ##[group]Run if ! command -v rustup &>/dev/null; then
cram-public-correctness	Run dtolnay/rust-toolchain@1.89.0	2026-10-07T19:45:33.4833021Z [36;1mif ! command -v rustup &>/dev/null; then[0m
cram-public-correctness	Run dtolnay/rust-toolchain@1.89.0	2026-10-07T19:45:33.4834025Z [36;1m  curl --proto '=https' --tlsv1.2 --retry 10 --retry-connrefused --location --silent --show-error --fail https://sh.rustup.rs | sh -s -- --default-toolchain none -y[0m
cram-public-correctness	Run dtolnay/rust-toolchain@1.89.0	2026-10-07T19:45:33.4834811Z [36;1m  echo "$CARGO_HOME/bin" >> $GITHUB_PATH[0m
cram-public-correctness	Run dtolnay/rust-toolchain@1.89.0	2026-10-07T19:45:33.4835103Z [36;1mfi[0m
cram-public-correctness	Run dtolnay/rust-toolchain@1.89.0	2026-10-07T19:45:33.4892264Z shell: /usr/bin/bash --noprofile --norc -e -o pipefail {0}
cram-public-correctness	Run dtolnay/rust-toolchain@1.89.0	2026-10-07T19:45:33.4892780Z env:
cram-public-correctness	Run dtolnay/rust-toolchain@1.89.0	2026-10-07T19:45:33.4892991Z   CARGO_HOME: /home/runner/.cargo
cram-public-correctness	Run dtolnay/rust-toolchain@1.89.0	2026-10-07T19:45:33.4893250Z ##[endgroup]
cram-public-correctness	Run dtolnay/rust-toolchain@1.89.0	2026-10-07T19:45:33.4975450Z ##[end-action id=__dtolnay_rust-toolchain.__run_2;outcome=success;conclusion=success;duration_ms=16]
cram-public-correctness	Run dtolnay/rust-toolchain@1.89.0	2026-10-07T19:45:33.4978076Z ##[start-action display=Install rustup if needed on windows;id=__dtolnay_rust-toolchain.__run_3]
cram-public-correctness	Run dtolnay/rust-toolchain@1.89.0	2026-10-07T19:45:33.4984275Z ##[end-action id=__dtolnay_rust-toolchain.__run_3;outcome=skipped;conclusion=skipped;duration_ms=0]
cram-public-correctness	Run dtolnay/rust-toolchain@1.89.0	2026-10-07T19:45:33.4995266Z ##[start-action display=rustup toolchain install 1.89.0;id=__dtolnay_rust-toolchain.__run_4]
cram-public-correctness	Run dtolnay/rust-toolchain@1.89.0	2026-10-07T19:45:33.5017838Z ##[group]Run log=$(mktemp)
cram-public-correctness	Run dtolnay/rust-toolchain@1.89.0	2026-10-07T19:45:33.5018145Z [36;1mlog=$(mktemp)[0m
cram-public-correctness	Run dtolnay/rust-toolchain@1.89.0	2026-10-07T19:45:33.5018409Z [36;1mtrap 'rm -f "$log"' EXIT[0m
cram-public-correctness	Run dtolnay/rust-toolchain@1.89.0	2026-10-07T19:45:33.5018708Z [36;1mfor attempt in 1 2 3 4 5; do[0m
cram-public-correctness	Run dtolnay/rust-toolchain@1.89.0	2026-10-07T19:45:33.5019274Z [36;1m  if rustup toolchain install 1.89.0 --profile minimal --no-self-update --force-non-host 2>&1 | tee "$log"; then[0m
cram-public-correctness	Run dtolnay/rust-toolchain@1.89.0	2026-10-07T19:45:33.5019831Z [36;1m    break[0m
cram-public-correctness	Run dtolnay/rust-toolchain@1.89.0	2026-10-07T19:45:33.5020063Z [36;1m  else[0m
cram-public-correctness	Run dtolnay/rust-toolchain@1.89.0	2026-10-07T19:45:33.5020293Z [36;1m    status=$?[0m
cram-public-correctness	Run dtolnay/rust-toolchain@1.89.0	2026-10-07T19:45:33.5020543Z [36;1m  fi[0m
cram-public-correctness	Run dtolnay/rust-toolchain@1.89.0	2026-10-07T19:45:33.5020872Z [36;1m  if [[ $attempt == 5 ]] || ! grep -Fq 'checksum failed for ' "$log" \[0m
cram-public-correctness	Run dtolnay/rust-toolchain@1.89.0	2026-10-07T19:45:33.5021477Z [36;1m      || ! grep -Fq 'this is likely due to an ongoing update of the official release server' "$log"; then[0m
cram-public-correctness	Run dtolnay/rust-toolchain@1.89.0	2026-10-07T19:45:33.5021981Z [36;1m    exit "$status"[0m
cram-public-correctness	Run dtolnay/rust-toolchain@1.89.0	2026-10-07T19:45:33.5022232Z [36;1m  fi[0m
cram-public-correctness	Run dtolnay/rust-toolchain@1.89.0	2026-10-07T19:45:33.5022638Z [36;1m  echo "Retrying rustup toolchain install in 30 seconds (retry $attempt of 4)" >&2[0m
cram-public-correctness	Run dtolnay/rust-toolchain@1.89.0	2026-10-07T19:45:33.5023102Z [36;1m  sleep 30[0m
cram-public-correctness	Run dtolnay/rust-toolchain@1.89.0	2026-10-07T19:45:33.5023337Z [36;1mdone[0m
cram-public-correctness	Run dtolnay/rust-toolchain@1.89.0	2026-10-07T19:45:33.5080389Z shell: /usr/bin/bash --noprofile --norc -e -o pipefail {0}
cram-public-correctness	Run dtolnay/rust-toolchain@1.89.0	2026-10-07T19:45:33.5080784Z env:
cram-public-correctness	Run dtolnay/rust-toolchain@1.89.0	2026-10-07T19:45:33.5081018Z   CARGO_HOME: /home/runner/.cargo
cram-public-correctness	Run dtolnay/rust-toolchain@1.89.0	2026-10-07T19:45:33.5081325Z   RUSTUP_PERMIT_COPY_RENAME: 1
cram-public-correctness	Run dtolnay/rust-toolchain@1.89.0	2026-10-07T19:45:33.5081604Z ##[endgroup]
cram-public-correctness	Run dtolnay/rust-toolchain@1.89.0	2026-10-07T19:45:33.5722238Z info: syncing channel updates for 1.89.0-x86_64-unknown-linux-gnu
cram-public-correctness	Run dtolnay/rust-toolchain@1.89.0	2026-10-07T19:45:34.0797261Z info: latest update on 2025-08-07 for version 1.89.0 (29483883e 2025-08-04)
cram-public-correctness	Run dtolnay/rust-toolchain@1.89.0	2026-10-07T19:45:34.0798170Z info: downloading 3 components
cram-public-correctness	Run dtolnay/rust-toolchain@1.89.0	2026-10-07T19:45:41.4626072Z 
cram-public-correctness	Run dtolnay/rust-toolchain@1.89.0	2026-10-07T19:45:41.4700486Z   1.89.0-x86_64-unknown-linux-gnu installed - rustc 1.89.0 (29483883e 2025-08-04)
cram-public-correctness	Run dtolnay/rust-toolchain@1.89.0	2026-10-07T19:45:41.4700914Z 
cram-public-correctness	Run dtolnay/rust-toolchain@1.89.0	2026-10-07T19:45:41.4774496Z ##[end-action id=__dtolnay_rust-toolchain.__run_4;outcome=success;conclusion=success;duration_ms=7977]
cram-public-correctness	Run dtolnay/rust-toolchain@1.89.0	2026-10-07T19:45:41.4782723Z ##[start-action display=rustup default 1.89.0;id=__dtolnay_rust-toolchain.__run_5]
cram-public-correctness	Run dtolnay/rust-toolchain@1.89.0	2026-10-07T19:45:41.4807005Z ##[group]Run rustup default 1.89.0 --force-non-host
cram-public-correctness	Run dtolnay/rust-toolchain@1.89.0	2026-10-07T19:45:41.4807385Z [36;1mrustup default 1.89.0 --force-non-host[0m
cram-public-correctness	Run dtolnay/rust-toolchain@1.89.0	2026-10-07T19:45:41.4873051Z shell: /usr/bin/bash --noprofile --norc -e -o pipefail {0}
cram-public-correctness	Run dtolnay/rust-toolchain@1.89.0	2026-10-07T19:45:41.4873408Z env:
cram-public-correctness	Run dtolnay/rust-toolchain@1.89.0	2026-10-07T19:45:41.4873608Z   CARGO_HOME: /home/runner/.cargo
cram-public-correctness	Run dtolnay/rust-toolchain@1.89.0	2026-10-07T19:45:41.4873857Z ##[endgroup]
cram-public-correctness	Run dtolnay/rust-toolchain@1.89.0	2026-10-07T19:45:41.4995746Z info: using existing install for 1.89.0-x86_64-unknown-linux-gnu
cram-public-correctness	Run dtolnay/rust-toolchain@1.89.0	2026-10-07T19:45:41.5002761Z info: default toolchain set to 1.89.0-x86_64-unknown-linux-gnu
cram-public-correctness	Run dtolnay/rust-toolchain@1.89.0	2026-10-07T19:45:41.5003216Z 
cram-public-correctness	Run dtolnay/rust-toolchain@1.89.0	2026-10-07T19:45:41.5074361Z   1.89.0-x86_64-unknown-linux-gnu unchanged - rustc 1.89.0 (29483883e 2025-08-04)
cram-public-correctness	Run dtolnay/rust-toolchain@1.89.0	2026-10-07T19:45:41.5074865Z 
cram-public-correctness	Run dtolnay/rust-toolchain@1.89.0	2026-10-07T19:45:41.5075442Z info: note that the toolchain '1.89.0-x86_64-unknown-linux-gnu' is currently in use (overridden by '/home/runner/work/NINE65_v7/NINE65_v7/rust-toolchain.toml')
cram-public-correctness	Run dtolnay/rust-toolchain@1.89.0	2026-10-07T19:45:41.5092460Z ##[end-action id=__dtolnay_rust-toolchain.__run_5;outcome=success;conclusion=success;duration_ms=30]
cram-public-correctness	Run dtolnay/rust-toolchain@1.89.0	2026-10-07T19:45:41.5095054Z ##[start-action display=Create cachekey;id=__dtolnay_rust-toolchain.rustc-version]
cram-public-correctness	Run dtolnay/rust-toolchain@1.89.0	2026-10-07T19:45:41.5118759Z ##[group]Run DATE=$(rustc +1.89.0 --version --verbose | sed -ne 's/^commit-date: \(20[0-9][0-9]\)-\([01][0-9]\)-\([0-3][0-9]\)$/\1\2\3/p')
cram-public-correctness	Run dtolnay/rust-toolchain@1.89.0	2026-10-07T19:45:41.5119777Z [36;1mDATE=$(rustc +1.89.0 --version --verbose | sed -ne 's/^commit-date: \(20[0-9][0-9]\)-\([01][0-9]\)-\([0-3][0-9]\)$/\1\2\3/p')[0m
cram-public-correctness	Run dtolnay/rust-toolchain@1.89.0	2026-10-07T19:45:41.5120410Z [36;1mHASH=$(rustc +1.89.0 --version --verbose | sed -ne 's/^commit-hash: //p')[0m
cram-public-correctness	Run dtolnay/rust-toolchain@1.89.0	2026-10-07T19:45:41.5120896Z [36;1mecho "cachekey=$(echo $DATE$HASH | head -c12)" >> $GITHUB_OUTPUT[0m
cram-public-correctness	Run dtolnay/rust-toolchain@1.89.0	2026-10-07T19:45:41.5185631Z shell: /usr/bin/bash --noprofile --norc -e -o pipefail {0}
cram-public-correctness	Run dtolnay/rust-toolchain@1.89.0	2026-10-07T19:45:41.5185978Z env:
cram-public-correctness	Run dtolnay/rust-toolchain@1.89.0	2026-10-07T19:45:41.5186180Z   CARGO_HOME: /home/runner/.cargo
cram-public-correctness	Run dtolnay/rust-toolchain@1.89.0	2026-10-07T19:45:41.5186722Z ##[endgroup]
cram-public-correctness	Run dtolnay/rust-toolchain@1.89.0	2026-10-07T19:45:41.5534960Z ##[end-action id=__dtolnay_rust-toolchain.rustc-version;outcome=success;conclusion=success;duration_ms=43]
cram-public-correctness	Run dtolnay/rust-toolchain@1.89.0	2026-10-07T19:45:41.5538093Z ##[start-action display=Disable incremental compilation;id=__dtolnay_rust-toolchain.__run_6]
cram-public-correctness	Run dtolnay/rust-toolchain@1.89.0	2026-10-07T19:45:41.5560029Z ##[group]Run if [ -z "${CARGO_INCREMENTAL+set}" ]; then
cram-public-correctness	Run dtolnay/rust-toolchain@1.89.0	2026-10-07T19:45:41.5560445Z [36;1mif [ -z "${CARGO_INCREMENTAL+set}" ]; then[0m
cram-public-correctness	Run dtolnay/rust-toolchain@1.89.0	2026-10-07T19:45:41.5560782Z [36;1m  echo CARGO_INCREMENTAL=0 >> $GITHUB_ENV[0m
cram-public-correctness	Run dtolnay/rust-toolchain@1.89.0	2026-10-07T19:45:41.5561075Z [36;1mfi[0m
cram-public-correctness	Run dtolnay/rust-toolchain@1.89.0	2026-10-07T19:45:41.5630139Z shell: /usr/bin/bash --noprofile --norc -e -o pipefail {0}
cram-public-correctness	Run dtolnay/rust-toolchain@1.89.0	2026-10-07T19:45:41.5630497Z env:
cram-public-correctness	Run dtolnay/rust-toolchain@1.89.0	2026-10-07T19:45:41.5630705Z   CARGO_HOME: /home/runner/.cargo
cram-public-correctness	Run dtolnay/rust-toolchain@1.89.0	2026-10-07T19:45:41.5630956Z ##[endgroup]
cram-public-correctness	Run dtolnay/rust-toolchain@1.89.0	2026-10-07T19:45:41.5739860Z ##[end-action id=__dtolnay_rust-toolchain.__run_6;outcome=success;conclusion=success;duration_ms=20]
cram-public-correctness	Run dtolnay/rust-toolchain@1.89.0	2026-10-07T19:45:41.5742074Z ##[start-action display=Enable colors in Cargo output;id=__dtolnay_rust-toolchain.__run_7]
cram-public-correctness	Run dtolnay/rust-toolchain@1.89.0	2026-10-07T19:45:41.5763259Z ##[group]Run if [ -z "${CARGO_TERM_COLOR+set}" ]; then
cram-public-correctness	Run dtolnay/rust-toolchain@1.89.0	2026-10-07T19:45:41.5763648Z [36;1mif [ -z "${CARGO_TERM_COLOR+set}" ]; then[0m
cram-public-correctness	Run dtolnay/rust-toolchain@1.89.0	2026-10-07T19:45:41.5763982Z [36;1m  echo CARGO_TERM_COLOR=always >> $GITHUB_ENV[0m
cram-public-correctness	Run dtolnay/rust-toolchain@1.89.0	2026-10-07T19:45:41.5764271Z [36;1mfi[0m
cram-public-correctness	Run dtolnay/rust-toolchain@1.89.0	2026-10-07T19:45:41.5825716Z shell: /usr/bin/bash --noprofile --norc -e -o pipefail {0}
cram-public-correctness	Run dtolnay/rust-toolchain@1.89.0	2026-10-07T19:45:41.5826071Z env:
cram-public-correctness	Run dtolnay/rust-toolchain@1.89.0	2026-10-07T19:45:41.5826556Z   CARGO_HOME: /home/runner/.cargo
cram-public-correctness	Run dtolnay/rust-toolchain@1.89.0	2026-10-07T19:45:41.5826828Z   CARGO_INCREMENTAL: 0
cram-public-correctness	Run dtolnay/rust-toolchain@1.89.0	2026-10-07T19:45:41.5827040Z ##[endgroup]
cram-public-correctness	Run dtolnay/rust-toolchain@1.89.0	2026-10-07T19:45:41.5914136Z ##[end-action id=__dtolnay_rust-toolchain.__run_7;outcome=success;conclusion=success;duration_ms=17]
cram-public-correctness	Run dtolnay/rust-toolchain@1.89.0	2026-10-07T19:45:41.5916600Z ##[start-action display=Enable Cargo sparse registry;id=__dtolnay_rust-toolchain.__run_8]
cram-public-correctness	Run dtolnay/rust-toolchain@1.89.0	2026-10-07T19:45:41.5938744Z ##[group]Run # implemented in 1.66, stabilized in 1.68, made default in 1.70
cram-public-correctness	Run dtolnay/rust-toolchain@1.89.0	2026-10-07T19:45:41.5939267Z [36;1m# implemented in 1.66, stabilized in 1.68, made default in 1.70[0m
cram-public-correctness	Run dtolnay/rust-toolchain@1.89.0	2026-10-07T19:45:41.5939981Z [36;1mif [ -z "${CARGO_REGISTRIES_CRATES_IO_PROTOCOL+set}" -o -f "/home/runner/work/_temp"/.implicit_cargo_registries_crates_io_protocol ]; then[0m
cram-public-correctness	Run dtolnay/rust-toolchain@1.89.0	2026-10-07T19:45:41.5940704Z [36;1m  if rustc +1.89.0 --version --verbose | grep -q '^release: 1\.6[89]\.'; then[0m
cram-public-correctness	Run dtolnay/rust-toolchain@1.89.0	2026-10-07T19:45:41.5941272Z [36;1m    touch "/home/runner/work/_temp"/.implicit_cargo_registries_crates_io_protocol || true[0m
cram-public-correctness	Run dtolnay/rust-toolchain@1.89.0	2026-10-07T19:45:41.5941822Z [36;1m    echo CARGO_REGISTRIES_CRATES_IO_PROTOCOL=sparse >> $GITHUB_ENV[0m
cram-public-correctness	Run dtolnay/rust-toolchain@1.89.0	2026-10-07T19:45:41.5942330Z [36;1m  elif rustc +1.89.0 --version --verbose | grep -q '^release: 1\.6[67]\.'; then[0m
cram-public-correctness	Run dtolnay/rust-toolchain@1.89.0	2026-10-07T19:45:41.5942904Z [36;1m    touch "/home/runner/work/_temp"/.implicit_cargo_registries_crates_io_protocol || true[0m
cram-public-correctness	Run dtolnay/rust-toolchain@1.89.0	2026-10-07T19:45:41.5943430Z [36;1m    echo CARGO_REGISTRIES_CRATES_IO_PROTOCOL=git >> $GITHUB_ENV[0m
cram-public-correctness	Run dtolnay/rust-toolchain@1.89.0	2026-10-07T19:45:41.5943774Z [36;1m  fi[0m
cram-public-correctness	Run dtolnay/rust-toolchain@1.89.0	2026-10-07T19:45:41.5944125Z [36;1mfi[0m
cram-public-correctness	Run dtolnay/rust-toolchain@1.89.0	2026-10-07T19:45:41.6005445Z shell: /usr/bin/bash --noprofile --norc -e -o pipefail {0}
cram-public-correctness	Run dtolnay/rust-toolchain@1.89.0	2026-10-07T19:45:41.6005827Z env:
cram-public-correctness	Run dtolnay/rust-toolchain@1.89.0	2026-10-07T19:45:41.6006025Z   CARGO_HOME: /home/runner/.cargo
cram-public-correctness	Run dtolnay/rust-toolchain@1.89.0	2026-10-07T19:45:41.6006499Z   CARGO_INCREMENTAL: 0
cram-public-correctness	Run dtolnay/rust-toolchain@1.89.0	2026-10-07T19:45:41.6006725Z   CARGO_TERM_COLOR: always
cram-public-correctness	Run dtolnay/rust-toolchain@1.89.0	2026-10-07T19:45:41.6006941Z ##[endgroup]
cram-public-correctness	Run dtolnay/rust-toolchain@1.89.0	2026-10-07T19:45:41.6331649Z ##[end-action id=__dtolnay_rust-toolchain.__run_8;outcome=success;conclusion=success;duration_ms=41]
cram-public-correctness	Run dtolnay/rust-toolchain@1.89.0	2026-10-07T19:45:41.6334715Z ##[start-action display=Work around spurious network errors in curl 8.0;id=__dtolnay_rust-toolchain.__run_9]
cram-public-correctness	Run dtolnay/rust-toolchain@1.89.0	2026-10-07T19:45:41.6358707Z ##[group]Run # https://rust-lang.zulipchat.com/#narrow/stream/246057-t-cargo/topic/timeout.20investigation
cram-public-correctness	Run dtolnay/rust-toolchain@1.89.0	2026-10-07T19:45:41.6359483Z [36;1m# https://rust-lang.zulipchat.com/#narrow/stream/246057-t-cargo/topic/timeout.20investigation[0m
cram-public-correctness	Run dtolnay/rust-toolchain@1.89.0	2026-10-07T19:45:41.6360088Z [36;1mif rustc +1.89.0 --version --verbose | grep -q '^release: 1\.7[01]\.'; then[0m
cram-public-correctness	Run dtolnay/rust-toolchain@1.89.0	2026-10-07T19:45:41.6360564Z [36;1m  echo CARGO_HTTP_MULTIPLEXING=false >> $GITHUB_ENV[0m
cram-public-correctness	Run dtolnay/rust-toolchain@1.89.0	2026-10-07T19:45:41.6360874Z [36;1mfi[0m
cram-public-correctness	Run dtolnay/rust-toolchain@1.89.0	2026-10-07T19:45:41.6429505Z shell: /usr/bin/bash --noprofile --norc -e -o pipefail {0}
cram-public-correctness	Run dtolnay/rust-toolchain@1.89.0	2026-10-07T19:45:41.6429855Z env:
cram-public-correctness	Run dtolnay/rust-toolchain@1.89.0	2026-10-07T19:45:41.6430059Z   CARGO_HOME: /home/runner/.cargo
cram-public-correctness	Run dtolnay/rust-toolchain@1.89.0	2026-10-07T19:45:41.6430323Z   CARGO_INCREMENTAL: 0
cram-public-correctness	Run dtolnay/rust-toolchain@1.89.0	2026-10-07T19:45:41.6430538Z   CARGO_TERM_COLOR: always
cram-public-correctness	Run dtolnay/rust-toolchain@1.89.0	2026-10-07T19:45:41.6430768Z ##[endgroup]
cram-public-correctness	Run dtolnay/rust-toolchain@1.89.0	2026-10-07T19:45:41.6638643Z ##[end-action id=__dtolnay_rust-toolchain.__run_9;outcome=success;conclusion=success;duration_ms=30]
cram-public-correctness	Run dtolnay/rust-toolchain@1.89.0	2026-10-07T19:45:41.6643012Z ##[start-action display=rustc +1.89.0 --version --verbose;id=__dtolnay_rust-toolchain.__run_10]
cram-public-correctness	Run dtolnay/rust-toolchain@1.89.0	2026-10-07T19:45:41.6664958Z ##[group]Run rustc +1.89.0 --version --verbose
cram-public-correctness	Run dtolnay/rust-toolchain@1.89.0	2026-10-07T19:45:41.6665296Z [36;1mrustc +1.89.0 --version --verbose[0m
cram-public-correctness	Run dtolnay/rust-toolchain@1.89.0	2026-10-07T19:45:41.6732238Z shell: /usr/bin/bash --noprofile --norc -e -o pipefail {0}
cram-public-correctness	Run dtolnay/rust-toolchain@1.89.0	2026-10-07T19:45:41.6732580Z env:
cram-public-correctness	Run dtolnay/rust-toolchain@1.89.0	2026-10-07T19:45:41.6732783Z   CARGO_HOME: /home/runner/.cargo
cram-public-correctness	Run dtolnay/rust-toolchain@1.89.0	2026-10-07T19:45:41.6733064Z   CARGO_INCREMENTAL: 0
cram-public-correctness	Run dtolnay/rust-toolchain@1.89.0	2026-10-07T19:45:41.6733281Z   CARGO_TERM_COLOR: always
cram-public-correctness	Run dtolnay/rust-toolchain@1.89.0	2026-10-07T19:45:41.6733502Z ##[endgroup]
cram-public-correctness	Run dtolnay/rust-toolchain@1.89.0	2026-10-07T19:45:41.6920660Z rustc 1.89.0 (29483883e 2025-08-04)
cram-public-correctness	Run dtolnay/rust-toolchain@1.89.0	2026-10-07T19:45:41.6921208Z binary: rustc
cram-public-correctness	Run dtolnay/rust-toolchain@1.89.0	2026-10-07T19:45:41.6921685Z commit-hash: 29483883eed69d5fb4db01964cdf2af4d86e9cb2
cram-public-correctness	Run dtolnay/rust-toolchain@1.89.0	2026-10-07T19:45:41.6922185Z commit-date: 2025-08-04
cram-public-correctness	Run dtolnay/rust-toolchain@1.89.0	2026-10-07T19:45:41.6922659Z host: x86_64-unknown-linux-gnu
cram-public-correctness	Run dtolnay/rust-toolchain@1.89.0	2026-10-07T19:45:41.6922929Z release: 1.89.0
cram-public-correctness	Run dtolnay/rust-toolchain@1.89.0	2026-10-07T19:45:41.6923143Z LLVM version: 20.1.7
cram-public-correctness	Run dtolnay/rust-toolchain@1.89.0	2026-10-07T19:45:41.6938672Z ##[end-action id=__dtolnay_rust-toolchain.__run_10;outcome=success;conclusion=success;duration_ms=29]
cram-public-correctness	Build debug test harness (allow_insecure)	﻿2026-10-07T19:45:41.6999912Z ##[group]Run cargo build -p nine65 --features allow_insecure
cram-public-correctness	Build debug test harness (allow_insecure)	2026-10-07T19:45:41.7000370Z [36;1mcargo build -p nine65 --features allow_insecure[0m
cram-public-correctness	Build debug test harness (allow_insecure)	2026-10-07T19:45:41.7067022Z shell: /usr/bin/bash -e {0}
cram-public-correctness	Build debug test harness (allow_insecure)	2026-10-07T19:45:41.7067277Z env:
cram-public-correctness	Build debug test harness (allow_insecure)	2026-10-07T19:45:41.7067521Z   CARGO_HOME: /home/runner/.cargo
cram-public-correctness	Build debug test harness (allow_insecure)	2026-10-07T19:45:41.7067784Z   CARGO_INCREMENTAL: 0
cram-public-correctness	Build debug test harness (allow_insecure)	2026-10-07T19:45:41.7068002Z   CARGO_TERM_COLOR: always
cram-public-correctness	Build debug test harness (allow_insecure)	2026-10-07T19:45:41.7068222Z ##[endgroup]
cram-public-correctness	Build debug test harness (allow_insecure)	2026-10-07T19:45:41.7688583Z info: syncing channel updates for 1.89.0-x86_64-unknown-linux-gnu
cram-public-correctness	Build debug test harness (allow_insecure)	2026-10-07T19:45:41.9682666Z info: latest update on 2025-08-07 for version 1.89.0 (29483883e 2025-08-04)
cram-public-correctness	Build debug test harness (allow_insecure)	2026-10-07T19:45:41.9811575Z info: downloading 2 components
cram-public-correctness	Build debug test harness (allow_insecure)	2026-10-07T19:45:42.7394739Z [1m[33mwarning[0m[1m:[0m profiles for the non root package will be ignored, specify profiles at the workspace root:
cram-public-correctness	Build debug test harness (allow_insecure)	2026-10-07T19:45:42.7395926Z package:   /home/runner/work/NINE65_v7/NINE65_v7/crates/exact_transcendentals/Cargo.toml
cram-public-correctness	Build debug test harness (allow_insecure)	2026-10-07T19:45:42.7397118Z workspace: /home/runner/work/NINE65_v7/NINE65_v7/Cargo.toml
cram-public-correctness	Build debug test harness (allow_insecure)	2026-10-07T19:45:42.7581165Z [1m[32m    Updating[0m crates.io index
cram-public-correctness	Build debug test harness (allow_insecure)	2026-10-07T19:45:43.2694841Z [1m[32m Downloading[0m crates ...
cram-public-correctness	Build debug test harness (allow_insecure)	2026-10-07T19:45:43.3566597Z [1m[32m  Downloaded[0m generic-array v0.14.7
cram-public-correctness	Build debug test harness (allow_insecure)	2026-10-07T19:45:43.3650307Z [1m[32m  Downloaded[0m cfg-if v1.0.4
cram-public-correctness	Build debug test harness (allow_insecure)	2026-10-07T19:45:43.3668193Z [1m[32m  Downloaded[0m block-buffer v0.10.4
cram-public-correctness	Build debug test harness (allow_insecure)	2026-10-07T19:45:43.3679999Z [1m[32m  Downloaded[0m crypto-common v0.1.7
cram-public-correctness	Build debug test harness (allow_insecure)	2026-10-07T19:45:43.3706599Z [1m[32m  Downloaded[0m proc-macro2 v1.0.103
cram-public-correctness	Build debug test harness (allow_insecure)	2026-10-07T19:45:43.3758134Z [1m[32m  Downloaded[0m cpufeatures v0.2.17
cram-public-correctness	Build debug test harness (allow_insecure)	2026-10-07T19:45:43.3858664Z [1m[32m  Downloaded[0m getrandom v0.2.16
cram-public-correctness	Build debug test harness (allow_insecure)	2026-10-07T19:45:43.3890557Z [1m[32m  Downloaded[0m subtle v2.6.1
cram-public-correctness	Build debug test harness (allow_insecure)	2026-10-07T19:45:43.3903951Z [1m[32m  Downloaded[0m zeroize_derive v1.4.2
cram-public-correctness	Build debug test harness (allow_insecure)	2026-10-07T19:45:43.3914825Z [1m[32m  Downloaded[0m digest v0.10.7
cram-public-correctness	Build debug test harness (allow_insecure)	2026-10-07T19:45:43.3939199Z [1m[32m  Downloaded[0m quote v1.0.42
cram-public-correctness	Build debug test harness (allow_insecure)	2026-10-07T19:45:43.3967144Z [1m[32m  Downloaded[0m thiserror v1.0.69
cram-public-correctness	Build debug test harness (allow_insecure)	2026-10-07T19:45:43.4026624Z [1m[32m  Downloaded[0m zeroize v1.8.2
cram-public-correctness	Build debug test harness (allow_insecure)	2026-10-07T19:45:43.4041059Z [1m[32m  Downloaded[0m unicode-ident v1.0.22
cram-public-correctness	Build debug test harness (allow_insecure)	2026-10-07T19:45:43.4070190Z [1m[32m  Downloaded[0m thiserror-impl v1.0.69
cram-public-correctness	Build debug test harness (allow_insecure)	2026-10-07T19:45:43.4084397Z [1m[32m  Downloaded[0m typenum v1.19.0
cram-public-correctness	Build debug test harness (allow_insecure)	2026-10-07T19:45:43.4115193Z [1m[32m  Downloaded[0m version_check v0.9.5
cram-public-correctness	Build debug test harness (allow_insecure)	2026-10-07T19:45:43.4128761Z [1m[32m  Downloaded[0m sha2 v0.10.9
cram-public-correctness	Build debug test harness (allow_insecure)	2026-10-07T19:45:43.4241194Z [1m[32m  Downloaded[0m syn v2.0.111
cram-public-correctness	Build debug test harness (allow_insecure)	2026-10-07T19:45:43.4355730Z [1m[32m  Downloaded[0m libc v0.2.178
cram-public-correctness	Build debug test harness (allow_insecure)	2026-10-07T19:45:43.4832918Z [1m[32m Downloading[0m crates ...
cram-public-correctness	Build debug test harness (allow_insecure)	2026-10-07T19:45:43.5095428Z [1m[32m  Downloaded[0m criterion v0.5.1
cram-public-correctness	Build debug test harness (allow_insecure)	2026-10-07T19:45:43.5188709Z [1m[32m Downloading[0m crates ...
cram-public-correctness	Build debug test harness (allow_insecure)	2026-10-07T19:45:43.5459580Z [1m[32m  Downloaded[0m proptest v1.9.0
cram-public-correctness	Build debug test harness (allow_insecure)	2026-10-07T19:45:43.5572603Z [1m[32m Downloading[0m crates ...
cram-public-correctness	Build debug test harness (allow_insecure)	2026-10-07T19:45:43.5743914Z [1m[32m  Downloaded[0m rand_chacha v0.3.1
cram-public-correctness	Build debug test harness (allow_insecure)	2026-10-07T19:45:43.5770117Z [1m[32m Downloading[0m crates ...
cram-public-correctness	Build debug test harness (allow_insecure)	2026-10-07T19:45:43.5941299Z [1m[32m  Downloaded[0m rand_core v0.6.4
cram-public-correctness	Build debug test harness (allow_insecure)	2026-10-07T19:45:43.6080902Z [1m[32m   Compiling[0m proc-macro2 v1.0.103
cram-public-correctness	Build debug test harness (allow_insecure)	2026-10-07T19:45:43.6081670Z [1m[32m   Compiling[0m quote v1.0.42
cram-public-correctness	Build debug test harness (allow_insecure)	2026-10-07T19:45:43.6082331Z [1m[32m   Compiling[0m unicode-ident v1.0.22
cram-public-correctness	Build debug test harness (allow_insecure)	2026-10-07T19:45:43.6082990Z [1m[32m   Compiling[0m version_check v0.9.5
cram-public-correctness	Build debug test harness (allow_insecure)	2026-10-07T19:45:43.6687937Z [1m[32m   Compiling[0m typenum v1.19.0
cram-public-correctness	Build debug test harness (allow_insecure)	2026-10-07T19:45:43.8307810Z [1m[32m   Compiling[0m generic-array v0.14.7
cram-public-correctness	Build debug test harness (allow_insecure)	2026-10-07T19:45:43.8659596Z [1m[32m   Compiling[0m libc v0.2.178
cram-public-correctness	Build debug test harness (allow_insecure)	2026-10-07T19:45:44.0027488Z [1m[32m   Compiling[0m thiserror v1.0.69
cram-public-correctness	Build debug test harness (allow_insecure)	2026-10-07T19:45:44.1787736Z [1m[32m   Compiling[0m cfg-if v1.0.4
cram-public-correctness	Build debug test harness (allow_insecure)	2026-10-07T19:45:44.4742075Z [1m[32m   Compiling[0m syn v2.0.111
cram-public-correctness	Build debug test harness (allow_insecure)	2026-10-07T19:45:44.5112321Z [1m[32m   Compiling[0m cpufeatures v0.2.17
cram-public-correctness	Build debug test harness (allow_insecure)	2026-10-07T19:45:44.5514476Z [1m[32m   Compiling[0m nine65 v0.1.0 (/home/runner/work/NINE65_v7/NINE65_v7/crates/nine65)
cram-public-correctness	Build debug test harness (allow_insecure)	2026-10-07T19:45:44.7788144Z [1m[32m   Compiling[0m exact_transcendentals v1.0.0 (/home/runner/work/NINE65_v7/NINE65_v7/crates/exact_transcendentals)
cram-public-correctness	Build debug test harness (allow_insecure)	2026-10-07T19:45:45.1347623Z [1m[32m   Compiling[0m crypto-common v0.1.7
cram-public-correctness	Build debug test harness (allow_insecure)	2026-10-07T19:45:45.1927645Z [1m[32m   Compiling[0m block-buffer v0.10.4
cram-public-correctness	Build debug test harness (allow_insecure)	2026-10-07T19:45:45.2624628Z [1m[32m   Compiling[0m digest v0.10.7
cram-public-correctness	Build debug test harness (allow_insecure)	2026-10-07T19:45:45.2879199Z [1m[32m   Compiling[0m getrandom v0.2.16
cram-public-correctness	Build debug test harness (allow_insecure)	2026-10-07T19:45:45.3896020Z [1m[32m   Compiling[0m sha2 v0.10.9
cram-public-correctness	Build debug test harness (allow_insecure)	2026-10-07T19:45:45.3967137Z [1m[32m   Compiling[0m subtle v2.6.1
cram-public-correctness	Build debug test harness (allow_insecure)	2026-10-07T19:45:47.5928426Z [1m[32m   Compiling[0m zeroize_derive v1.4.2
cram-public-correctness	Build debug test harness (allow_insecure)	2026-10-07T19:45:47.5929334Z [1m[32m   Compiling[0m thiserror-impl v1.0.69
cram-public-correctness	Build debug test harness (allow_insecure)	2026-10-07T19:45:48.0456033Z [1m[32m   Compiling[0m zeroize v1.8.2
cram-public-correctness	Build debug test harness (allow_insecure)	2026-10-07T19:45:48.1136690Z [1m[32m   Compiling[0m mana v0.1.0 (/home/runner/work/NINE65_v7/NINE65_v7/crates/mana)
cram-public-correctness	Build debug test harness (allow_insecure)	2026-10-07T19:45:48.2428302Z [1m[32m   Compiling[0m unhal v0.1.0 (/home/runner/work/NINE65_v7/NINE65_v7/crates/unhal)
cram-public-correctness	Build debug test harness (allow_insecure)	2026-10-07T19:45:56.0891274Z [1m[32m    Finished[0m `dev` profile [unoptimized + debuginfo] target(s) in 13.36s
cram-public-correctness	CRAM-public mode surface (M1)	﻿2026-10-07T19:45:56.1294810Z ##[group]Run cargo test -p nine65 --test cram_public_mode --features allow_insecure
cram-public-correctness	CRAM-public mode surface (M1)	2026-10-07T19:45:56.1295478Z [36;1mcargo test -p nine65 --test cram_public_mode --features allow_insecure[0m
cram-public-correctness	CRAM-public mode surface (M1)	2026-10-07T19:45:56.1358100Z shell: /usr/bin/bash -e {0}
cram-public-correctness	CRAM-public mode surface (M1)	2026-10-07T19:45:56.1358361Z env:
cram-public-correctness	CRAM-public mode surface (M1)	2026-10-07T19:45:56.1358559Z   CARGO_HOME: /home/runner/.cargo
cram-public-correctness	CRAM-public mode surface (M1)	2026-10-07T19:45:56.1358834Z   CARGO_INCREMENTAL: 0
cram-public-correctness	CRAM-public mode surface (M1)	2026-10-07T19:45:56.1359057Z   CARGO_TERM_COLOR: always
cram-public-correctness	CRAM-public mode surface (M1)	2026-10-07T19:45:56.1359289Z ##[endgroup]
cram-public-correctness	CRAM-public mode surface (M1)	2026-10-07T19:45:56.1793953Z [1m[33mwarning[0m[1m:[0m profiles for the non root package will be ignored, specify profiles at the workspace root:
cram-public-correctness	CRAM-public mode surface (M1)	2026-10-07T19:45:56.1795229Z package:   /home/runner/work/NINE65_v7/NINE65_v7/crates/exact_transcendentals/Cargo.toml
cram-public-correctness	CRAM-public mode surface (M1)	2026-10-07T19:45:56.1796137Z workspace: /home/runner/work/NINE65_v7/NINE65_v7/Cargo.toml
cram-public-correctness	CRAM-public mode surface (M1)	2026-10-07T19:45:56.2034073Z [1m[32m Downloading[0m crates ...
cram-public-correctness	CRAM-public mode surface (M1)	2026-10-07T19:45:56.2832234Z [1m[32m  Downloaded[0m cast v0.3.0
cram-public-correctness	CRAM-public mode surface (M1)	2026-10-07T19:45:56.2876398Z [1m[32m  Downloaded[0m wait-timeout v0.2.1
cram-public-correctness	CRAM-public mode surface (M1)	2026-10-07T19:45:56.2895275Z [1m[32m  Downloaded[0m same-file v1.0.6
cram-public-correctness	CRAM-public mode surface (M1)	2026-10-07T19:45:56.2970465Z [1m[32m  Downloaded[0m clap_lex v0.7.6
cram-public-correctness	CRAM-public mode surface (M1)	2026-10-07T19:45:56.2985441Z [1m[32m  Downloaded[0m quick-error v1.2.3
cram-public-correctness	CRAM-public mode surface (M1)	2026-10-07T19:45:56.3001820Z [1m[32m  Downloaded[0m bit-vec v0.8.0
cram-public-correctness	CRAM-public mode surface (M1)	2026-10-07T19:45:56.3022473Z [1m[32m  Downloaded[0m bit-set v0.8.0
cram-public-correctness	CRAM-public mode surface (M1)	2026-10-07T19:45:56.3038341Z [1m[32m  Downloaded[0m autocfg v1.5.0
cram-public-correctness	CRAM-public mode surface (M1)	2026-10-07T19:45:56.3059889Z [1m[32m  Downloaded[0m anstyle v1.0.13
cram-public-correctness	CRAM-public mode surface (M1)	2026-10-07T19:45:56.3078658Z [1m[32m  Downloaded[0m plotters-svg v0.3.7
cram-public-correctness	CRAM-public mode surface (M1)	2026-10-07T19:45:56.3090467Z [1m[32m  Downloaded[0m unarray v0.1.4
cram-public-correctness	CRAM-public mode surface (M1)	2026-10-07T19:45:56.3105575Z [1m[32m  Downloaded[0m fnv v1.0.7
cram-public-correctness	CRAM-public mode surface (M1)	2026-10-07T19:45:56.3117037Z [1m[32m  Downloaded[0m is-terminal v0.4.17
cram-public-correctness	CRAM-public mode surface (M1)	2026-10-07T19:45:56.3128764Z [1m[32m  Downloaded[0m plotters-backend v0.3.7
cram-public-correctness	CRAM-public mode surface (M1)	2026-10-07T19:45:56.3143757Z [1m[32m  Downloaded[0m anes v0.1.6
cram-public-correctness	CRAM-public mode surface (M1)	2026-10-07T19:45:56.3183196Z [1m[32m  Downloaded[0m rand_xorshift v0.4.0
cram-public-correctness	CRAM-public mode surface (M1)	2026-10-07T19:45:56.3196502Z [1m[32m  Downloaded[0m fastrand v2.3.0
cram-public-correctness	CRAM-public mode surface (M1)	2026-10-07T19:45:56.3211963Z [1m[32m  Downloaded[0m bitflags v2.10.0
cram-public-correctness	CRAM-public mode surface (M1)	2026-10-07T19:45:56.3258001Z [1m[32m  Downloaded[0m oorandom v11.1.5
cram-public-correctness	CRAM-public mode surface (M1)	2026-10-07T19:45:56.3273571Z [1m[32m  Downloaded[0m itoa v1.0.16
cram-public-correctness	CRAM-public mode surface (M1)	2026-10-07T19:45:56.3294164Z [1m[32m  Downloaded[0m rand_core v0.9.3
cram-public-correctness	CRAM-public mode surface (M1)	2026-10-07T19:45:56.3310707Z [1m[32m  Downloaded[0m tempfile v3.24.0
cram-public-correctness	CRAM-public mode surface (M1)	2026-10-07T19:45:56.3337075Z [1m[32m  Downloaded[0m ppv-lite86 v0.2.21
cram-public-correctness	CRAM-public mode surface (M1)	2026-10-07T19:45:56.3352051Z [1m[32m  Downloaded[0m ciborium-ll v0.2.2
cram-public-correctness	CRAM-public mode surface (M1)	2026-10-07T19:45:56.3377685Z [1m[32m  Downloaded[0m zmij v0.1.7
cram-public-correctness	CRAM-public mode surface (M1)	2026-10-07T19:45:56.3399138Z [1m[32m  Downloaded[0m tinytemplate v1.2.1
cram-public-correctness	CRAM-public mode surface (M1)	2026-10-07T19:45:56.3416387Z [1m[32m  Downloaded[0m half v2.7.1
cram-public-correctness	CRAM-public mode surface (M1)	2026-10-07T19:45:56.3448080Z [1m[32m  Downloaded[0m rayon-core v1.13.0
cram-public-correctness	CRAM-public mode surface (M1)	2026-10-07T19:45:56.3499037Z [1m[32m  Downloaded[0m zerocopy-derive v0.8.31
cram-public-correctness	CRAM-public mode surface (M1)	2026-10-07T19:45:56.3583035Z [1m[32m  Downloaded[0m serde v1.0.228
cram-public-correctness	CRAM-public mode surface (M1)	2026-10-07T19:45:56.3626720Z [1m[32m  Downloaded[0m rand v0.9.2
cram-public-correctness	CRAM-public mode surface (M1)	2026-10-07T19:45:56.3678090Z [1m[32m  Downloaded[0m memchr v2.7.6
cram-public-correctness	CRAM-public mode surface (M1)	2026-10-07T19:45:56.3738028Z [1m[32m  Downloaded[0m itertools v0.10.5
cram-public-correctness	CRAM-public mode surface (M1)	2026-10-07T19:45:56.3807493Z [1m[32m  Downloaded[0m serde_json v1.0.147
cram-public-correctness	CRAM-public mode surface (M1)	2026-10-07T19:45:56.3884459Z [1m[32m  Downloaded[0m rayon v1.11.0
cram-public-correctness	CRAM-public mode surface (M1)	2026-10-07T19:45:56.3986941Z [1m[32m  Downloaded[0m aho-corasick v1.1.4
cram-public-correctness	CRAM-public mode surface (M1)	2026-10-07T19:45:56.4040681Z [1m[32m  Downloaded[0m clap_builder v4.5.53
cram-public-correctness	CRAM-public mode surface (M1)	2026-10-07T19:45:56.4107892Z [1m[32m  Downloaded[0m regex v1.12.2
cram-public-correctness	CRAM-public mode surface (M1)	2026-10-07T19:45:56.4174195Z [1m[32m  Downloaded[0m zerocopy v0.8.31
cram-public-correctness	CRAM-public mode surface (M1)	2026-10-07T19:45:56.4446155Z [1m[32m  Downloaded[0m plotters v0.3.7
cram-public-correctness	CRAM-public mode surface (M1)	2026-10-07T19:45:56.4544411Z [1m[32m  Downloaded[0m num-traits v0.2.19
cram-public-correctness	CRAM-public mode surface (M1)	2026-10-07T19:45:56.4572156Z [1m[32m  Downloaded[0m serde_core v1.0.228
cram-public-correctness	CRAM-public mode surface (M1)	2026-10-07T19:45:56.4600533Z [1m[32m  Downloaded[0m crossbeam-utils v0.8.21
cram-public-correctness	CRAM-public mode surface (M1)	2026-10-07T19:45:56.4628388Z [1m[32m  Downloaded[0m regex-syntax v0.8.8
cram-public-correctness	CRAM-public mode surface (M1)	2026-10-07T19:45:56.4699870Z [1m[32m  Downloaded[0m clap v4.5.53
cram-public-correctness	CRAM-public mode surface (M1)	2026-10-07T19:45:56.4801652Z [1m[32m  Downloaded[0m getrandom v0.3.4
cram-public-correctness	CRAM-public mode surface (M1)	2026-10-07T19:45:56.4838175Z [1m[32m  Downloaded[0m walkdir v2.5.0
cram-public-correctness	CRAM-public mode surface (M1)	2026-10-07T19:45:56.4856928Z [1m[32m  Downloaded[0m rustix v1.1.3
cram-public-correctness	CRAM-public mode surface (M1)	2026-10-07T19:45:56.5138516Z [1m[32m  Downloaded[0m serde_derive v1.0.228
cram-public-correctness	CRAM-public mode surface (M1)	2026-10-07T19:45:56.5170262Z [1m[32m  Downloaded[0m rusty-fork v0.3.1
cram-public-correctness	CRAM-public mode surface (M1)	2026-10-07T19:45:56.5185755Z [1m[32m  Downloaded[0m rand_chacha v0.9.0
cram-public-correctness	CRAM-public mode surface (M1)	2026-10-07T19:45:56.5198436Z [1m[32m  Downloaded[0m once_cell v1.21.3
cram-public-correctness	CRAM-public mode surface (M1)	2026-10-07T19:45:56.5224755Z [1m[32m  Downloaded[0m crossbeam-epoch v0.9.21
cram-public-correctness	CRAM-public mode surface (M1)	2026-10-07T19:45:56.5249937Z [1m[32m  Downloaded[0m either v1.15.0
cram-public-correctness	CRAM-public mode surface (M1)	2026-10-07T19:45:56.5266257Z [1m[32m  Downloaded[0m crossbeam-deque v0.8.6
cram-public-correctness	CRAM-public mode surface (M1)	2026-10-07T19:45:56.5281733Z [1m[32m  Downloaded[0m criterion-plot v0.5.0
cram-public-correctness	CRAM-public mode surface (M1)	2026-10-07T19:45:56.5300487Z [1m[32m  Downloaded[0m ciborium-io v0.2.2
cram-public-correctness	CRAM-public mode surface (M1)	2026-10-07T19:45:56.5309702Z [1m[32m  Downloaded[0m ciborium v0.2.2
cram-public-correctness	CRAM-public mode surface (M1)	2026-10-07T19:45:56.5334940Z [1m[32m  Downloaded[0m errno v0.3.14
cram-public-correctness	CRAM-public mode surface (M1)	2026-10-07T19:45:56.5351940Z [1m[32m  Downloaded[0m regex-automata v0.4.13
cram-public-correctness	CRAM-public mode surface (M1)	2026-10-07T19:45:56.5687933Z [1m[32m  Downloaded[0m linux-raw-sys v0.11.0
cram-public-correctness	CRAM-public mode surface (M1)	2026-10-07T19:45:56.6477335Z [1m[32m   Compiling[0m libc v0.2.178
cram-public-correctness	CRAM-public mode surface (M1)	2026-10-07T19:45:56.6497196Z [1m[32m   Compiling[0m zerocopy v0.8.31
cram-public-correctness	CRAM-public mode surface (M1)	2026-10-07T19:45:56.6498386Z [1m[32m   Compiling[0m zerocopy-derive v0.8.31
cram-public-correctness	CRAM-public mode surface (M1)	2026-10-07T19:45:56.6512462Z [1m[32m   Compiling[0m getrandom v0.3.4
cram-public-correctness	CRAM-public mode surface (M1)	2026-10-07T19:45:56.9005466Z [1m[32m   Compiling[0m serde_core v1.0.228
cram-public-correctness	CRAM-public mode surface (M1)	2026-10-07T19:45:56.9730615Z [1m[32m   Compiling[0m crossbeam-utils v0.8.21
cram-public-correctness	CRAM-public mode surface (M1)	2026-10-07T19:45:57.1607719Z [1m[32m   Compiling[0m autocfg v1.5.0
cram-public-correctness	CRAM-public mode surface (M1)	2026-10-07T19:45:57.1937639Z [1m[32m   Compiling[0m crossbeam-epoch v0.9.21
cram-public-correctness	CRAM-public mode surface (M1)	2026-10-07T19:45:57.4896510Z [1m[32m   Compiling[0m num-traits v0.2.19
cram-public-correctness	CRAM-public mode surface (M1)	2026-10-07T19:45:57.9166601Z [1m[32m   Compiling[0m serde v1.0.228
cram-public-correctness	CRAM-public mode surface (M1)	2026-10-07T19:45:57.9927605Z [1m[32m   Compiling[0m getrandom v0.2.16
cram-public-correctness	CRAM-public mode surface (M1)	2026-10-07T19:45:58.1127950Z [1m[32m   Compiling[0m nine65 v0.1.0 (/home/runner/work/NINE65_v7/NINE65_v7/crates/nine65)
cram-public-correctness	CRAM-public mode surface (M1)	2026-10-07T19:45:58.2788026Z [1m[32m   Compiling[0m rustix v1.1.3
cram-public-correctness	CRAM-public mode surface (M1)	2026-10-07T19:45:58.6586988Z [1m[32m   Compiling[0m rand_core v0.9.3
cram-public-correctness	CRAM-public mode surface (M1)	2026-10-07T19:45:59.1674786Z [1m[32m   Compiling[0m serde_derive v1.0.228
cram-public-correctness	CRAM-public mode surface (M1)	2026-10-07T19:45:59.9347652Z [1m[32m   Compiling[0m either v1.15.0
cram-public-correctness	CRAM-public mode surface (M1)	2026-10-07T19:45:59.9637845Z [1m[32m   Compiling[0m bitflags v2.10.0
cram-public-correctness	CRAM-public mode surface (M1)	2026-10-07T19:46:00.0985336Z [1m[32m   Compiling[0m linux-raw-sys v0.11.0
cram-public-correctness	CRAM-public mode surface (M1)	2026-10-07T19:46:00.1347678Z [1m[32m   Compiling[0m once_cell v1.21.3
cram-public-correctness	CRAM-public mode surface (M1)	2026-10-07T19:46:00.2817985Z [1m[32m   Compiling[0m rayon-core v1.13.0
cram-public-correctness	CRAM-public mode surface (M1)	2026-10-07T19:46:00.4357542Z [1m[32m   Compiling[0m serde_json v1.0.147
cram-public-correctness	CRAM-public mode surface (M1)	2026-10-07T19:46:00.5007713Z [1m[32m   Compiling[0m regex-syntax v0.8.8
cram-public-correctness	CRAM-public mode surface (M1)	2026-10-07T19:46:02.5270986Z [1m[32m   Compiling[0m half v2.7.1
cram-public-correctness	CRAM-public mode surface (M1)	2026-10-07T19:46:02.7629129Z [1m[32m   Compiling[0m ppv-lite86 v0.2.21
cram-public-correctness	CRAM-public mode surface (M1)	2026-10-07T19:46:03.2317861Z [1m[32m   Compiling[0m crossbeam-deque v0.8.6
cram-public-correctness	CRAM-public mode surface (M1)	2026-10-07T19:46:03.3537685Z [1m[32m   Compiling[0m clap_lex v0.7.6
cram-public-correctness	CRAM-public mode surface (M1)	2026-10-07T19:46:03.5167709Z [1m[32m   Compiling[0m ciborium-io v0.2.2
cram-public-correctness	CRAM-public mode surface (M1)	2026-10-07T19:46:03.5483879Z [1m[32m   Compiling[0m plotters-backend v0.3.7
cram-public-correctness	CRAM-public mode surface (M1)	2026-10-07T19:46:03.6007698Z [1m[32m   Compiling[0m zmij v0.1.7
cram-public-correctness	CRAM-public mode surface (M1)	2026-10-07T19:46:03.7197857Z [1m[32m   Compiling[0m fastrand v2.3.0
cram-public-correctness	CRAM-public mode surface (M1)	2026-10-07T19:46:03.7514737Z [1m[32m   Compiling[0m anstyle v1.0.13
cram-public-correctness	CRAM-public mode surface (M1)	2026-10-07T19:46:03.8789221Z [1m[32m   Compiling[0m memchr v2.7.6
cram-public-correctness	CRAM-public mode surface (M1)	2026-10-07T19:46:03.8839209Z [1m[32m   Compiling[0m itoa v1.0.16
cram-public-correctness	CRAM-public mode surface (M1)	2026-10-07T19:46:03.9102341Z [1m[32m   Compiling[0m clap_builder v4.5.53
cram-public-correctness	CRAM-public mode surface (M1)	2026-10-07T19:46:04.0007733Z [1m[32m   Compiling[0m tempfile v3.24.0
cram-public-correctness	CRAM-public mode surface (M1)	2026-10-07T19:46:04.6298111Z [1m[32m   Compiling[0m plotters-svg v0.3.7
cram-public-correctness	CRAM-public mode surface (M1)	2026-10-07T19:46:04.7737688Z [1m[32m   Compiling[0m ciborium-ll v0.2.2
cram-public-correctness	CRAM-public mode surface (M1)	2026-10-07T19:46:05.6767553Z [1m[32m   Compiling[0m regex-automata v0.4.13
cram-public-correctness	CRAM-public mode surface (M1)	2026-10-07T19:46:05.7437515Z [1m[32m   Compiling[0m itertools v0.10.5
cram-public-correctness	CRAM-public mode surface (M1)	2026-10-07T19:46:06.9637695Z [1m[32m   Compiling[0m wait-timeout v0.2.1
cram-public-correctness	CRAM-public mode surface (M1)	2026-10-07T19:46:07.1828880Z [1m[32m   Compiling[0m fnv v1.0.7
cram-public-correctness	CRAM-public mode surface (M1)	2026-10-07T19:46:07.2177723Z [1m[32m   Compiling[0m cast v0.3.0
cram-public-correctness	CRAM-public mode surface (M1)	2026-10-07T19:46:07.2735958Z [1m[32m   Compiling[0m bit-vec v0.8.0
cram-public-correctness	CRAM-public mode surface (M1)	2026-10-07T19:46:07.3357713Z [1m[32m   Compiling[0m same-file v1.0.6
cram-public-correctness	CRAM-public mode surface (M1)	2026-10-07T19:46:07.4257854Z [1m[32m   Compiling[0m quick-error v1.2.3
cram-public-correctness	CRAM-public mode surface (M1)	2026-10-07T19:46:07.4394704Z [1m[32m   Compiling[0m bit-set v0.8.0
cram-public-correctness	CRAM-public mode surface (M1)	2026-10-07T19:46:07.4657619Z [1m[32m   Compiling[0m rusty-fork v0.3.1
cram-public-correctness	CRAM-public mode surface (M1)	2026-10-07T19:46:07.5340158Z [1m[32m   Compiling[0m walkdir v2.5.0
cram-public-correctness	CRAM-public mode surface (M1)	2026-10-07T19:46:07.7848538Z [1m[32m   Compiling[0m criterion-plot v0.5.0
cram-public-correctness	CRAM-public mode surface (M1)	2026-10-07T19:46:07.8507554Z [1m[32m   Compiling[0m regex v1.12.2
cram-public-correctness	CRAM-public mode surface (M1)	2026-10-07T19:46:08.2157598Z [1m[32m   Compiling[0m clap v4.5.53
cram-public-correctness	CRAM-public mode surface (M1)	2026-10-07T19:46:08.2477489Z [1m[32m   Compiling[0m rayon v1.11.0
cram-public-correctness	CRAM-public mode surface (M1)	2026-10-07T19:46:08.2827652Z [1m[32m   Compiling[0m tinytemplate v1.2.1
cram-public-correctness	CRAM-public mode surface (M1)	2026-10-07T19:46:08.3687618Z [1m[32m   Compiling[0m ciborium v0.2.2
cram-public-correctness	CRAM-public mode surface (M1)	2026-10-07T19:46:08.6107788Z [1m[32m   Compiling[0m plotters v0.3.7
cram-public-correctness	CRAM-public mode surface (M1)	2026-10-07T19:46:08.7437550Z [1m[32m   Compiling[0m rand_chacha v0.9.0
cram-public-correctness	CRAM-public mode surface (M1)	2026-10-07T19:46:08.9817411Z [1m[32m   Compiling[0m rand_xorshift v0.4.0
cram-public-correctness	CRAM-public mode surface (M1)	2026-10-07T19:46:09.0031255Z [1m[32m   Compiling[0m rand v0.9.2
cram-public-correctness	CRAM-public mode surface (M1)	2026-10-07T19:46:09.0537753Z [1m[32m   Compiling[0m is-terminal v0.4.17
cram-public-correctness	CRAM-public mode surface (M1)	2026-10-07T19:46:09.0896944Z [1m[32m   Compiling[0m anes v0.1.6
cram-public-correctness	CRAM-public mode surface (M1)	2026-10-07T19:46:09.2607673Z [1m[32m   Compiling[0m unarray v0.1.4
cram-public-correctness	CRAM-public mode surface (M1)	2026-10-07T19:46:09.3037827Z [1m[32m   Compiling[0m oorandom v11.1.5
cram-public-correctness	CRAM-public mode surface (M1)	2026-10-07T19:46:09.3603599Z [1m[32m   Compiling[0m rand_core v0.6.4
cram-public-correctness	CRAM-public mode surface (M1)	2026-10-07T19:46:09.4667705Z [1m[32m   Compiling[0m proptest v1.9.0
cram-public-correctness	CRAM-public mode surface (M1)	2026-10-07T19:46:09.5077785Z [1m[32m   Compiling[0m rand_chacha v0.3.1
cram-public-correctness	CRAM-public mode surface (M1)	2026-10-07T19:46:10.3599322Z [1m[32m   Compiling[0m criterion v0.5.1
cram-public-correctness	CRAM-public mode surface (M1)	2026-10-07T19:46:16.6665011Z [1m[32m    Finished[0m `test` profile [unoptimized + debuginfo] target(s) in 20.49s
cram-public-correctness	CRAM-public mode surface (M1)	2026-10-07T19:46:16.6740730Z [1m[32m     Running[0m tests/cram_public_mode.rs (target/debug/deps/cram_public_mode-2088eeb7425e0eeb)
cram-public-correctness	CRAM-public mode surface (M1)	2026-10-07T19:46:16.6755027Z 
cram-public-correctness	CRAM-public mode surface (M1)	2026-10-07T19:46:16.6755211Z running 5 tests
cram-public-correctness	CRAM-public mode surface (M1)	2026-10-07T19:46:17.1577119Z test exact_divide_roundtrip_and_refusal ... ok
cram-public-correctness	CRAM-public mode surface (M1)	2026-10-07T19:46:17.7522388Z test lane_local_ops_stay_lane_local_through_the_public_surface ... ok
cram-public-correctness	CRAM-public mode surface (M1)	2026-10-07T19:46:18.9597469Z test public_only_roundtrip_battery ... ok
cram-public-correctness	CRAM-public mode surface (M1)	2026-10-07T19:46:19.3017295Z test multiply_is_recorded_as_a_materialization_pinned ... FAILED
cram-public-correctness	CRAM-public mode surface (M1)	2026-10-07T19:46:23.4353930Z test depth3_public_squaring_chain_reaches_256 ... FAILED
cram-public-correctness	CRAM-public mode surface (M1)	2026-10-07T19:46:23.4354442Z 
cram-public-correctness	CRAM-public mode surface (M1)	2026-10-07T19:46:23.4354577Z failures:
cram-public-correctness	CRAM-public mode surface (M1)	2026-10-07T19:46:23.4354757Z 
cram-public-correctness	CRAM-public mode surface (M1)	2026-10-07T19:46:23.4355048Z ---- multiply_is_recorded_as_a_materialization_pinned stdout ----
cram-public-correctness	CRAM-public mode surface (M1)	2026-10-07T19:46:23.4355533Z 
cram-public-correctness	CRAM-public mode surface (M1)	2026-10-07T19:46:23.4356461Z thread 'multiply_is_recorded_as_a_materialization_pinned' panicked at crates/nine65/tests/cram_public_mode.rs:235:36:
cram-public-correctness	CRAM-public mode surface (M1)	2026-10-07T19:46:23.4359895Z public multiply: InvalidParameter { message: "gadget decomposition capacity exceeded at coefficient 0: the polynomial's exact value needs 255 bits but the evaluation key's gadget spans only 60 bits (6 digits of base 2^10). Relinearize a RESCALED (canonical, < M_level) polynomial — an unrescaled tensor term is ~2*log2(Q)+log2(N) bits wide." }
cram-public-correctness	CRAM-public mode surface (M1)	2026-10-07T19:46:23.4361775Z note: run with `RUST_BACKTRACE=1` environment variable to display a backtrace
cram-public-correctness	CRAM-public mode surface (M1)	2026-10-07T19:46:23.4362107Z 
cram-public-correctness	CRAM-public mode surface (M1)	2026-10-07T19:46:23.4362259Z ---- depth3_public_squaring_chain_reaches_256 stdout ----
cram-public-correctness	CRAM-public mode surface (M1)	2026-10-07T19:46:23.4362503Z 
cram-public-correctness	CRAM-public mode surface (M1)	2026-10-07T19:46:23.4362828Z thread 'depth3_public_squaring_chain_reaches_256' panicked at crates/nine65/tests/cram_public_mode.rs:131:33:
cram-public-correctness	CRAM-public mode surface (M1)	2026-10-07T19:46:23.4364650Z public multiply failed at depth 1: InvalidParameter { message: "gadget decomposition capacity exceeded at coefficient 0: the polynomial's exact value needs 253 bits but the evaluation key's gadget spans only 120 bits (12 digits of base 2^10). Relinearize a RESCALED (canonical, < M_level) polynomial — an unrescaled tensor term is ~2*log2(Q)+log2(N) bits wide." }
cram-public-correctness	CRAM-public mode surface (M1)	2026-10-07T19:46:23.4366518Z 
cram-public-correctness	CRAM-public mode surface (M1)	2026-10-07T19:46:23.4366528Z 
cram-public-correctness	CRAM-public mode surface (M1)	2026-10-07T19:46:23.4366623Z failures:
cram-public-correctness	CRAM-public mode surface (M1)	2026-10-07T19:46:23.4366841Z     depth3_public_squaring_chain_reaches_256
cram-public-correctness	CRAM-public mode surface (M1)	2026-10-07T19:46:23.4367204Z     multiply_is_recorded_as_a_materialization_pinned
cram-public-correctness	CRAM-public mode surface (M1)	2026-10-07T19:46:23.4367453Z 
cram-public-correctness	CRAM-public mode surface (M1)	2026-10-07T19:46:23.4367703Z test result: FAILED. 3 passed; 2 failed; 0 ignored; 0 measured; 0 filtered out; finished in 6.76s
cram-public-correctness	CRAM-public mode surface (M1)	2026-10-07T19:46:23.4368246Z 
cram-public-correctness	CRAM-public mode surface (M1)	2026-10-07T19:46:23.4379013Z [1m[31merror[0m[1m:[0m test failed, to rerun pass `-p nine65 --test cram_public_mode`
cram-public-correctness	CRAM-public mode surface (M1)	2026-10-07T19:46:23.4422571Z ##[error]Process completed with exit code 101.
cram-public-correctness	Post Run actions/checkout@v4	﻿2026-10-07T19:46:23.4577586Z Post job cleanup.
cram-public-correctness	Post Run actions/checkout@v4	2026-10-07T19:46:23.5439336Z [command]/usr/bin/git version
cram-public-correctness	Post Run actions/checkout@v4	2026-10-07T19:46:23.5486486Z git version 2.55.0
cram-public-correctness	Post Run actions/checkout@v4	2026-10-07T19:46:23.5531755Z Temporarily overriding HOME='/home/runner/work/_temp/683788de-6fea-4f53-956e-77dd267a1726' before making global git config changes
cram-public-correctness	Post Run actions/checkout@v4	2026-10-07T19:46:23.5532786Z Adding repository directory to the temporary git global config as a safe directory
cram-public-correctness	Post Run actions/checkout@v4	2026-10-07T19:46:23.5538704Z [command]/usr/bin/git config --global --add safe.directory /home/runner/work/NINE65_v7/NINE65_v7
cram-public-correctness	Post Run actions/checkout@v4	2026-10-07T19:46:23.5578164Z [command]/usr/bin/git config --local --name-only --get-regexp core\.sshCommand
cram-public-correctness	Post Run actions/checkout@v4	2026-10-07T19:46:23.5613665Z [command]/usr/bin/git submodule foreach --recursive sh -c "git config --local --name-only --get-regexp 'core\.sshCommand' && git config --local --unset-all 'core.sshCommand' || :"
cram-public-correctness	Post Run actions/checkout@v4	2026-10-07T19:46:23.5887845Z [command]/usr/bin/git config --local --name-only --get-regexp http\.https\:\/\/github\.com\/\.extraheader
cram-public-correctness	Post Run actions/checkout@v4	2026-10-07T19:46:23.5918304Z http.https://github.com/.extraheader
cram-public-correctness	Post Run actions/checkout@v4	2026-10-07T19:46:23.5931431Z [command]/usr/bin/git config --local --unset-all http.https://github.com/.extraheader
cram-public-correctness	Post Run actions/checkout@v4	2026-10-07T19:46:23.5971475Z [command]/usr/bin/git submodule foreach --recursive sh -c "git config --local --name-only --get-regexp 'http\.https\:\/\/github\.com\/\.extraheader' && git config --local --unset-all 'http.https://github.com/.extraheader' || :"
cram-public-correctness	Post Run actions/checkout@v4	2026-10-07T19:46:23.6250909Z [command]/usr/bin/git config --local --name-only --get-regexp ^includeIf\.gitdir:
cram-public-correctness	Post Run actions/checkout@v4	2026-10-07T19:46:23.6287546Z [command]/usr/bin/git submodule foreach --recursive git config --local --show-origin --name-only --get-regexp remote.origin.url
cram-public-correctness	Complete job	﻿2026-10-07T19:46:23.6680377Z Cleaning up orphan processes
cram-public-correctness	Complete job	2026-10-07T19:46:23.6958955Z ##[warning]Node.js 20 is deprecated. The following actions target Node.js 20 but are being forced to run on Node.js 24: actions/checkout@v4. For more information see: https://github.blog/changelog/2025-09-19-deprecation-of-node-20-on-github-actions-runners/
