COMMAND ['/tmp/nine65-cram-followup-build/cram_gates', '--test-threads=1']

running 16 tests
test c1_published_carry_constants_reproduce_exactly ... ok
test c2_unit_carry_is_binary_and_fires_only_at_thirty_five ... ok
test c3_signed_carry_identity_and_closed_shell_descent ... ok
test c4_twin_form_products_sit_on_the_firing_residue ... ok
test c5_out_of_range_is_refused_and_never_wrapped ... ok
test c6_every_value_in_range_reconstructs_bit_exact ... ok
test c8_overflow_refuses_rather_than_wraps ... ok
test p1_no_cram_module_contains_a_float ... ok
test p2_anchored_read_is_garner_free ... ok
test p3_exec_never_leaves_residue_space_but_project_does ... ok
test p3b_the_winding_is_measured_and_absent_when_it_should_be ... ok
test p5_each_signature_field_reads_exactly_one_source ... ok
test p6_windings_are_invariant_under_evaluation_order ... ok
test p7_one_faulty_lane_is_contained_but_garner_spreads_it ... ok
test p8_basis_registers_are_distinct_and_derived_not_asserted ... ok
test p9_div_root_is_modular_and_is_not_the_integer_quotient ... ok

test result: ok. 16 passed; 0 failed; 0 ignored; 0 measured; 0 filtered out; finished in 0.36s


EXIT 0
