    Updating crates.io index
     Locking 51 packages to latest compatible versions
      Adding bincode v1.3.3 (available: v3.0.0)
      Adding generic-array v0.14.7 (available: v0.14.9)
      Adding getrandom v0.2.17 (available: v0.4.3)
 Downloading crates ...
  Downloaded futures-task v0.3.34
  Downloaded futures-core v0.3.34
  Downloaded zeroize_derive v1.5.0
  Downloaded wasm-bindgen-shared v0.2.129
  Downloaded slab v0.4.12
  Downloaded zeroize v1.9.1
  Downloaded getrandom v0.2.17
  Downloaded wasm-bindgen v0.2.129
  Downloaded typenum v1.20.1
  Downloaded js-sys v0.3.106
  Downloaded bumpalo v3.20.3
  Downloaded wasm-bindgen-macro-support v0.2.129
  Downloaded futures-util v0.3.34
  Downloaded rustversion v1.0.23
  Downloaded wasm-bindgen-macro v0.2.129
  Downloaded libc v0.2.190
   Compiling proc-macro2 v1.0.107
   Compiling unicode-ident v1.0.26
   Compiling quote v1.0.47
   Compiling wasm-bindgen-shared v0.2.129
   Compiling rustversion v1.0.23
   Compiling syn v3.0.6
   Compiling version_check v0.9.5
   Compiling generic-array v0.14.7
   Compiling syn v2.0.119
   Compiling bumpalo v3.20.3
   Compiling serde_core v1.0.229
    Checking typenum v1.20.1
   Compiling wasm-bindgen v0.2.129
   Compiling wasm-bindgen-macro-support v0.2.129
    Checking cfg-if v1.0.5
   Compiling zeroize_derive v1.5.0
    Checking once_cell v1.21.4
    Checking futures-core v0.3.34
   Compiling serde v1.0.229
    Checking futures-task v0.3.34
    Checking pin-project-lite v0.2.17
    Checking slab v0.4.12
   Compiling zmij v1.0.23
    Checking futures-util v0.3.34
   Compiling wasm-bindgen-macro v0.2.129
    Checking zeroize v1.9.1
    Checking crypto-common v0.1.7
    Checking block-buffer v0.10.4
   Compiling serde_derive v1.0.229
   Compiling serde_json v1.0.151
   Compiling thiserror v1.0.69
   Compiling virtue v0.0.18
   Compiling bincode_derive v2.0.1
    Checking js-sys v0.3.106
    Checking digest v0.10.7
    Checking mana v0.1.0 (/home/acid/Projects/NINE65_v7/crates/mana)
   Compiling thiserror-impl v1.0.69
   Compiling nine65 v0.1.0 (/home/acid/Projects/NINE65_v7/crates/nine65)
    Checking memchr v2.8.3
    Checking itoa v1.0.18
    Checking unty v0.0.4
    Checking bincode v2.0.1
    Checking unhal v0.1.0 (/home/acid/Projects/NINE65_v7/crates/unhal)
    Checking sha2 v0.10.9
    Checking subtle v2.6.1
    Checking exact_transcendentals v1.0.0 (/home/acid/Projects/NINE65_v7/crates/exact_transcendentals)
    Checking bincode v1.3.3
    Checking getrandom v0.2.17
warning: method `rank` is never used
   --> /home/acid/Projects/NINE65_v7/crates/nine65/src/arithmetic/main_only_base_ext.rs:332:8
    |
186 | impl MainOnlyBaseExt {
    | -------------------- method in this implementation
...
332 |     fn rank(&self, c: &[u64; MAX_LANES]) -> (u64, RankPath) {
    |        ^^^^
    |
    = note: `#[warn(dead_code)]` on by default

warning: associated function `with_plan` is never used
   --> /home/acid/Projects/NINE65_v7/crates/nine65/src/ops/exact_mul.rs:605:19
    |
589 | impl<'a> ExactMulEvaluator<'a> {
    | ------------------------------ associated function in this implementation
...
605 |     pub(crate) fn with_plan(ctx: &'a RNSFHEContext, plan: ExactMulPlan) -> Self {
    |                   ^^^^^^^^^

warning: `nine65` (lib) generated 2 warnings
    Checking nine65-wasm v0.1.0 (/home/acid/Projects/NINE65_v7/crates/nine65-wasm)
warning: constant `WASM_WARN_PCT` is never used
  --> src/lib.rs:16:11
   |
16 |     const WASM_WARN_PCT: u32 = 80;
   |           ^^^^^^^^^^^^^
   |
   = note: `#[warn(dead_code)]` on by default

warning: `nine65-wasm` (lib) generated 1 warning
    Finished `release` profile [optimized] target(s) in 2m 55s
