warning: profiles for the non root package will be ignored, specify profiles at the workspace root:
package:   /home/acid/Projects/NINE65_v7/crates/exact_transcendentals/Cargo.toml
workspace: /home/acid/Projects/NINE65_v7/Cargo.toml
   Compiling proc-macro2 v1.0.103
   Compiling unicode-ident v1.0.22
   Compiling quote v1.0.42
   Compiling syn v2.0.111
   Compiling libc v0.2.178
   Compiling cfg-if v1.0.4
   Compiling typenum v1.19.0
   Compiling version_check v0.9.5
   Compiling generic-array v0.14.7
   Compiling zeroize_derive v1.4.2
   Compiling zeroize v1.8.2
   Compiling crypto-common v0.1.7
   Compiling block-buffer v0.10.4
   Compiling thiserror v1.0.69
   Compiling digest v0.10.7
   Compiling mana v0.1.0 (/home/acid/Projects/NINE65_v7/crates/mana)
   Compiling thiserror-impl v1.0.69
   Compiling nine65 v0.1.0 (/home/acid/Projects/NINE65_v7/crates/nine65)
   Compiling cpufeatures v0.2.17
   Compiling sha2 v0.10.9
   Compiling unhal v0.1.0 (/home/acid/Projects/NINE65_v7/crates/unhal)
warning: method `should_parallelize` is never used
   --> crates/unhal/src/accelerator.rs:176:8
    |
163 | impl Accelerator {
    | ---------------- method in this implementation
...
176 |     fn should_parallelize(&self, num_lanes: usize) -> bool {
    |        ^^^^^^^^^^^^^^^^^^
    |
    = note: `#[warn(dead_code)]` on by default

warning: `unhal` (lib) generated 1 warning
   Compiling getrandom v0.2.16
   Compiling exact_transcendentals v1.0.0 (/home/acid/Projects/NINE65_v7/crates/exact_transcendentals)
   Compiling subtle v2.6.1
warning: method `rank` is never used
   --> crates/nine65/src/arithmetic/main_only_base_ext.rs:332:8
    |
186 | impl MainOnlyBaseExt {
    | -------------------- method in this implementation
...
332 |     fn rank(&self, c: &[u64; MAX_LANES]) -> (u64, RankPath) {
    |        ^^^^
    |
    = note: `#[warn(dead_code)]` on by default

warning: associated function `with_plan` is never used
   --> crates/nine65/src/ops/exact_mul.rs:605:19
    |
589 | impl<'a> ExactMulEvaluator<'a> {
    | ------------------------------ associated function in this implementation
...
605 |     pub(crate) fn with_plan(ctx: &'a RNSFHEContext, plan: ExactMulPlan) -> Self {
    |                   ^^^^^^^^^

warning: `nine65` (lib) generated 2 warnings
   Compiling zerocopy v0.8.31
   Compiling zerocopy-derive v0.8.31
   Compiling getrandom v0.3.4
   Compiling serde_core v1.0.228
   Compiling crossbeam-utils v0.8.21
   Compiling autocfg v1.5.0
   Compiling num-traits v0.2.19
   Compiling serde v1.0.228
   Compiling rustix v1.1.3
   Compiling crossbeam-epoch v0.9.18
   Compiling rand_core v0.9.3
   Compiling serde_derive v1.0.228
   Compiling regex-syntax v0.8.8
   Compiling rayon-core v1.13.0
   Compiling either v1.15.0
   Compiling bitflags v2.10.0
   Compiling once_cell v1.21.3
   Compiling serde_json v1.0.147
   Compiling linux-raw-sys v0.11.0
   Compiling crossbeam-deque v0.8.6
   Compiling half v2.7.1
   Compiling ppv-lite86 v0.2.21
   Compiling memchr v2.7.6
   Compiling fastrand v2.3.0
   Compiling itoa v1.0.16
   Compiling ciborium-io v0.2.2
   Compiling anstyle v1.0.13
   Compiling zmij v0.1.7
   Compiling clap_lex v0.7.6
   Compiling plotters-backend v0.3.7
   Compiling plotters-svg v0.3.7
   Compiling clap_builder v4.5.53
   Compiling ciborium-ll v0.2.2
   Compiling tempfile v3.24.0
   Compiling itertools v0.10.5
   Compiling regex-automata v0.4.13
   Compiling wait-timeout v0.2.1
   Compiling cast v0.3.0
   Compiling quick-error v1.2.3
   Compiling fnv v1.0.7
   Compiling same-file v1.0.6
   Compiling bit-vec v0.8.0
   Compiling bit-set v0.8.0
   Compiling walkdir v2.5.0
   Compiling rusty-fork v0.3.1
   Compiling criterion-plot v0.5.0
   Compiling regex v1.12.2
   Compiling rayon v1.11.0
   Compiling ciborium v0.2.2
   Compiling tinytemplate v1.2.1
   Compiling clap v4.5.53
   Compiling plotters v0.3.7
   Compiling rand_chacha v0.9.0
   Compiling rand_xorshift v0.4.0
   Compiling rand v0.9.2
   Compiling is-terminal v0.4.17
   Compiling rand_core v0.6.4
   Compiling oorandom v11.1.5
   Compiling unarray v0.1.4
   Compiling anes v0.1.6
   Compiling criterion v0.5.1
   Compiling proptest v1.9.0
   Compiling rand_chacha v0.3.1
warning: unused variable: `decrypted`
  --> crates/nine65/src/bin/max_noise_resilience_test.rs:57:9
   |
57 |     let decrypted = ctx.decrypt_dual(&perturbed_ct, &dual_keys.secret_key);
   |         ^^^^^^^^^ help: if this is intentional, prefix it with an underscore: `_decrypted`
   |
   = note: `#[warn(unused_variables)]` on by default

warning: `nine65` (bin "max_noise_resilience_test") generated 1 warning
warning: unused variable: `ntt`
  --> crates/nine65/src/bin/debug_secure_256.rs:16:9
   |
16 |     let ntt = NTTEngine::new(config.q, config.n);
   |         ^^^ help: if this is intentional, prefix it with an underscore: `_ntt`
   |
   = note: `#[warn(unused_variables)]` on by default

warning: `nine65` (bin "debug_secure_256") generated 1 warning
warning: unused import: `U256`
 --> crates/nine65/src/bin/perturbation_stress_test.rs:5:31
  |
5 | use nine65::arithmetic::rns::{U256, U512};
  |                               ^^^^
  |
  = note: `#[warn(unused_imports)]` on by default

warning: unused import: `std::time::Instant`
 --> crates/nine65/src/bin/perturbation_stress_test.rs:8:5
  |
8 | use std::time::Instant;
  |     ^^^^^^^^^^^^^^^^^^

warning: unused variable: `a2_val`
  --> crates/nine65/src/bin/perturbation_stress_test.rs:47:10
   |
47 |     let (a2_val, a2_metrics) =
   |          ^^^^^^ help: if this is intentional, prefix it with an underscore: `_a2_val`
   |
   = note: `#[warn(unused_variables)]` on by default

warning: unused variable: `seq_val`
  --> crates/nine65/src/bin/perturbation_stress_test.rs:51:10
   |
51 |     let (seq_val, seq_metrics) =
   |          ^^^^^^^ help: if this is intentional, prefix it with an underscore: `_seq_val`

warning: variable does not need to be mutable
   --> crates/nine65/src/bin/perturbation_stress_test.rs:133:21
    |
133 | fn div_u512_by_u512(mut a: U512, b: U512) -> U512 {
    |                     ----^
    |                     |
    |                     help: remove this `mut`
    |
    = note: `#[warn(unused_mut)]` on by default

warning: `nine65` (bin "perturbation_stress_test") generated 5 warnings (run `cargo fix --bin "perturbation_stress_test"` to apply 3 suggestions)
warning: unused import: `Duration`
 --> crates/nine65/src/bin/deep_rigorous_audit.rs:5:17
  |
5 | use std::time::{Duration, Instant};
  |                 ^^^^^^^^
  |
  = note: `#[warn(unused_imports)]` on by default

warning: unused variable: `one`
  --> crates/nine65/src/bin/deep_rigorous_audit.rs:19:9
   |
19 |     let one: Vec<i128> = basis.iter().map(|&p| 1 % p).collect();
   |         ^^^ help: if this is intentional, prefix it with an underscore: `_one`
   |
   = note: `#[warn(unused_variables)]` on by default

warning: `nine65` (bin "deep_rigorous_audit") generated 2 warnings (run `cargo fix --bin "deep_rigorous_audit"` to apply 1 suggestion)
warning: unused variable: `keys`
  --> crates/nine65/src/bin/deep_audit_all.rs:21:9
   |
21 |     let keys = KeySet::generate(&config, &ntt, &mut rng);
   |         ^^^^ help: if this is intentional, prefix it with an underscore: `_keys`
   |
   = note: `#[warn(unused_variables)]` on by default

warning: unused variable: `op_type`
  --> crates/nine65/src/bin/deep_audit_all.rs:81:14
   |
81 |         let (op_type, cost) = if i % 2 == 0 {
   |              ^^^^^^^ help: if this is intentional, prefix it with an underscore: `_op_type`

warning: variable does not need to be mutable
  --> crates/nine65/src/bin/deep_audit_all.rs:26:9
   |
26 |     let mut bootstrap = ClockworkBootstrap::new(&config).ok();
   |         ----^^^^^^^^^
   |         |
   |         help: remove this `mut`
   |
   = note: `#[warn(unused_mut)]` on by default

warning: `nine65` (bin "deep_audit_all") generated 3 warnings (run `cargo fix --bin "deep_audit_all"` to apply 1 suggestion)
warning: unused import: `std::time::Instant`
 --> crates/nine65/src/bin/breaking_point_audit.rs:7:5
  |
7 | use std::time::Instant;
  |     ^^^^^^^^^^^^^^^^^^
  |
  = note: `#[warn(unused_imports)]` on by default

warning: `nine65` (bin "breaking_point_audit") generated 1 warning (run `cargo fix --bin "breaking_point_audit"` to apply 1 suggestion)
warning: unused import: `std::time::Instant`
 --> crates/nine65/src/bin/resilience_audit.rs:7:5
  |
7 | use std::time::Instant;
  |     ^^^^^^^^^^^^^^^^^^
  |
  = note: `#[warn(unused_imports)]` on by default

warning: `nine65` (bin "resilience_audit") generated 1 warning (run `cargo fix --bin "resilience_audit"` to apply 1 suggestion)
warning: unused variable: `ntt`
  --> crates/nine65/src/bin/live_benchmark_comparison.rs:21:9
   |
21 |     let ntt = NTTEngine::new(config.q, config.n);
   |         ^^^ help: if this is intentional, prefix it with an underscore: `_ntt`
   |
   = note: `#[warn(unused_variables)]` on by default

warning: unused variable: `i`
  --> crates/nine65/src/bin/live_benchmark_comparison.rs:47:9
   |
47 |     for i in 0..ops_count {
   |         ^ help: if this is intentional, prefix it with an underscore: `_i`

warning: variable does not need to be mutable
  --> crates/nine65/src/bin/live_benchmark_comparison.rs:33:9
   |
33 |     let mut bootstrap = ClockworkBootstrap::new(&config).ok();
   |         ----^^^^^^^^^
   |         |
   |         help: remove this `mut`
   |
   = note: `#[warn(unused_mut)]` on by default

warning: `nine65` (bin "live_benchmark_comparison") generated 3 warnings (run `cargo fix --bin "live_benchmark_comparison"` to apply 1 suggestion)
    Finished `test` profile [unoptimized] target(s) in 5m 26s
     Running tests/arrow_emission_fhe_gate_matrix.rs (target/debug/deps/arrow_emission_fhe_gate_matrix-996bc019c8e05261)

running 23 tests
test g1_product_ciphertexts_carry_zero_winding_in_both_modes ... ok
test g1_winding_is_derivable_from_residues_and_is_never_carried_as_state ... ok
test g2_add_transition_defect_is_zero_for_every_config_and_mode ... ok
test g2_depth1_mul_transition_defect_is_zero_for_every_config_and_mode ... ok
test g2_depth1_results_decrypt_with_positive_noise_margin ... ok
test g3_distinct_plaintexts_stay_distinct_through_a_multiply_in_both_modes ... 