warning: profiles for the non root package will be ignored, specify profiles at the workspace root:
package:   /home/acid/Projects/NINE65_v7/crates/exact_transcendentals/Cargo.toml
workspace: /home/acid/Projects/NINE65_v7/Cargo.toml
   Compiling exact_transcendentals v1.0.0 (/home/acid/Projects/NINE65_v7/crates/exact_transcendentals)
warning: unused import: `LiftEvidenceProvider`
  --> crates/exact_transcendentals/tests/lifted_transduction_module.rs:12:5
   |
12 |     LiftEvidenceProvider, LiftedTransductionError, PrecomputedLiftEvidence,
   |     ^^^^^^^^^^^^^^^^^^^^
   |
   = note: `#[warn(unused_imports)]` on by default

warning: `exact_transcendentals` (test "lifted_transduction_module") generated 1 warning (run `cargo fix --test "lifted_transduction_module"` to apply 1 suggestion)
warning: constant `S8` is never used
   --> crates/exact_transcendentals/src/cram_ops.rs:465:11
    |
465 |     const S8: [u64; 8] = [2, 3, 5, 7, 11, 13, 17, 19];
    |           ^^
    |
    = note: `#[warn(dead_code)]` on by default

warning: `exact_transcendentals` (lib test) generated 1 warning
    Finished `test` profile [unoptimized + debuginfo] target(s) in 1m 04s
     Running unittests src/lib.rs (target/debug/deps/exact_transcendentals-a154c5618b26356f)

running 553 tests
test agm::tests::test_agm_asymmetric ... ok
test agm::tests::test_agm_basic ... ok
test agm::tests::test_agm_equal_inputs ... ok
test agm::tests::test_elliptic_k ... ok
test agm::tests::test_exp_checked_one ... ok
test agm::tests::test_agm_near_scale_boundary ... ok
test agm::tests::test_exp_checked_overflow ... ok
test agm::tests::test_exp_one ... ok
test agm::tests::test_exp_zero ... ok
test agm::tests::test_exp_checked_zero ... ok
test agm::tests::test_exp_zero_exact ... ok
test agm::tests::test_gauss_constant ... ok
test agm::tests::test_ln2_precision ... ok
test agm::tests::test_ln_checked_one ... ok
test agm::tests::test_ln_checked_positive ... ok
test agm::tests::test_ln_checked_zero ... ok
test agm::tests::test_lemniscate_constant ... ok
test agm::tests::test_ln_near_one ... ok
test agm::tests::test_ln_very_small ... ok
test agm::tests::test_ln_zero_returns_sentinel ... ok
test agm::tests::test_ln_zero_sentinel ... ok
test agm::tests::test_pi_computation ... ok
test agm::tests::test_pi_precision ... ok
test agm::tests::test_roundtrip_exp_ln ... ok
test agm::tests::test_roundtrip_ln_exp ... ok
test arrow_step::tests::arrow_step_apply_consistency ... ok
test arrow_step::tests::arrow_step_matches_step_by_step ... ok
test agm::tests::test_ln_one ... ok
test arrow_step::tests::floyds_rho_detects_known_cycle ... ok
test arrow_step::tests::heat_circulant_construction ... ok
test arrow_step::tests::heat_arrow_multi_step_roundtrip ... ok
test arrow_step::tests::matrix_multiply_identity ... ok
test arrow_step::tests::matrix_power_agrees_with_repeated_multiply ... ok
test binary_splitting::tests::test_atan_one ... ok
test binary_splitting::tests::test_cos_zero ... ok
test arrow_step::tests::matrix_multiply_associativity ... ok
test binary_splitting::tests::test_e_constant ... ok
test binary_splitting::tests::test_exp_zero ... ok
test binary_splitting::tests::test_ln2 ... ok
test binary_splitting::tests::test_pi_machin ... ok
test binary_splitting::tests::test_sin_pi_over_6 ... ok
test binary_splitting::tests::test_sin_zero ... ok
test binary_splitting::tests::test_exp_one ... ok
test chimera::tests::aux_selection_avoids_divisor_and_active_basis ... ok
test chimera::tests::aux_selection_returns_none_when_pool_blocked ... ok
test chimera::tests::chimeras_covering_shadow_includes_three_entries ... ok
test chimera::tests::cusp_obstruction_is_only_13 ... ok
test chimera::tests::every_chimera_factor_lives_in_s8 ... ok
test chimera::tests::every_chimera_factor_set_is_pairwise_coprime ... ok
test chimera::tests::aux_pool_is_disjoint_from_s8 ... ok
test chimera::tests::every_chimera_role_set_matches_factor_roles ... ok
test chimera::tests::every_role_appears_exactly_once ... ok
test chimera::tests::family_lookup_works_for_all_s8_primes ... ok
test chimera::tests::every_chimera_product_matches_factor_product ... ok
test chimera::tests::projection_is_pure_function_of_exact_value ... ok
test chimera::tests::ramanujan_membership_is_exactly_5_7_11 ... ok
test chimera::tests::role_pair_selection_handles_unique_role_pair ... ok
test chimera::tests::role_pair_selection_picks_smallest_match ... ok
test chimera::tests::s6_colony_totient_is_5760 ... ok
test chimera::tests::s8_colony_product_matches_constant ... ok
test chimera::tests::s8_colony_totient_is_1658880 ... ok
test chimera::tests::s8_families_match_basis_order ... ok
test chimera::tests::saturation_pair_is_17_and_19 ... ok
test chimera::tests::shadow_anchor_family_matches_the_specification ... ok
test chimera::tests::pi_projects_consistently_onto_each_chimera ... ok
test chimera::tests::shadow_winding_refuses_a_modulus_sharing_a_factor ... ok
test chimera_division::tests::certificate_auth_policy ... ok
test chimera_division::tests::exact_statuses_classified_correctly ... ok
test chimera_division::tests::failure_statuses_classified_correctly ... ok
test chimera_division::tests::fused_bounded_is_neither_exact_nor_failure ... ok
test chimera_division::tests::lane_mask_count_and_round_trip ... ok
test chimera_division::tests::pending_certificate_is_invalid_until_resolved ... ok
test chimera_page::tests::chimera_lift_partial ... ok
test chimera_page::tests::chimera_lift_transport_core ... ok
test chimera_page::tests::divisibility_check ... ok
test chimera_page::tests::has_s8_core ... ok
test chimera_page::tests::negative_address ... ok
test chimera_page::tests::page_block_primes_coprime ... ok
test chimera_page::tests::page_depth_lane_counts ... ok
test chimera_page::tests::parity_check ... ok
test chimera_page::tests::s16_encode_decode_roundtrip ... ok
test chimera_page::tests::s8_encode_decode_roundtrip ... ok
test chimera_page::tests::s8_product_correct ... ok
test chimera_page::tests::within_page_check ... ok
test composite_division::tests::div_at_v4_failure_magnitudes ... ok
test composite_division::tests::div_three_divisors ... ok
test composite_division::tests::ntt_part_consistent ... ok
test composite_division::tests::rejects_divisor_with_factor_seven_instead_of_silently_computing_garbage ... ok
test composite_division::tests::rejects_divisor_with_factors_outside_two_and_five ... ok
test composite_division::tests::rejects_divisor_zero ... ok
test chimera::tests::shadow_anchor_recovers_the_winding_exactly ... ok
test composite_division::tests::substrate_constants ... ok
test composite_division::tests::to_i128_roundtrip ... ok
test constants::tests::test_e_30 ... ok
test constants::tests::test_ln2_30 ... ok
test constants::tests::test_pi_30 ... ok
test constants::tests::test_rational_pi ... ok
test constants::tests::test_rational_sqrt2 ... ok
test constants::tests::test_sqrt2_30 ... ok
test continued_fraction::tests::test_best_sqrt2 ... ok
test continued_fraction::tests::test_e_cf_convergence ... ok
test continued_fraction::tests::test_error_bound_consistency ... ok
test continued_fraction::tests::test_error_bound_is_valid ... ok
test continued_fraction::tests::test_error_bound_monotone_decrease ... ok
test continued_fraction::tests::test_golden_ratio ... ok
test continued_fraction::tests::test_pell_equation ... ok
test continued_fraction::tests::test_pi_cf ... ok
test continued_fraction::tests::test_sqrt2_cf ... ok
test composite_division::tests::stress_at_corridor ... ok
test cordic::tests::test_atan ... ok
test cordic::tests::test_hyperbolic_exp ... ok
test cordic::tests::test_large_angle_range_reduction ... ok
test cordic::tests::test_ln ... ok
test cordic::tests::test_hyperbolic_exp_identity ... ok
test cordic::tests::test_ln_checked_e ... ok
test cordic::tests::test_ln_checked_negative ... ok
test cordic::tests::test_ln_checked_positive ... ok
test cordic::tests::test_ln_checked_zero ... ok
test cordic::tests::test_ln_zero_sentinel ... ok
test cordic::tests::test_magnitude ... ok
test cordic::tests::test_ln_negative_sentinel ... ok
test cordic::tests::test_pythagorean_identity ... ok
test cordic::tests::test_sincos_pi_over_2 ... ok
test cordic::tests::test_sincos_pi_over_4 ... ok
test cordic::tests::test_sincos_zero ... ok
test cordic::tests::test_sincos_zero_exact ... ok
test cordic::tests::test_sincos_negative_angle ... ok
test cordic::tests::test_tan_checked_at_pi_over_2 ... ok
test cordic::tests::test_tan_checked_normal ... ok
test cram_anchor::tests::adjacency_forces_every_capacity_even_so_groups_never_jointly_lift ... ok
test cram_anchor::tests::a_single_faulty_lane_moves_one_winding_while_garner_spreads_it ... ok
test cram_anchor::tests::adjacency_gives_coprimality_and_p_congruent_to_minus_one ... ok
test cram_anchor::tests::adjacent_winding_provides_lift_evidence_without_storing_k ... ok
test cram_anchor::tests::arity_mismatches_are_refused ... ok
test cram_anchor::tests::every_disjoint_group_independently_names_the_same_integer ... ok
test cram_anchor::tests::non_canonical_residues_are_refused ... ok
test cram_anchor::tests::out_of_range_is_refused_and_the_alias_it_prevents_is_real ... ok
test cram_anchor::tests::lift_state_uses_the_winding_to_enforce_range ... ok
test cram_anchor::tests::telescoping_depth_three_reconstructs_including_past_the_second_level ... ok
test cram_anchor::tests::single_anchor_round_trips_over_its_entire_capacity ... ok
test cram_anchor::tests::tower_overflow_is_refused_rather_than_wrapped ... ok
test cram_anchor::tests::telescoping_family_reconstructs_over_its_entire_capacity ... ok
test cram_anchor::tests::windings_are_invariant_under_evaluation_order ... ok
test cram_carry::tests::eulerian_law_is_stationary_for_every_tested_chain ... ok
test cram_anchor::tests::winding_shortcut_agrees_with_inverse_based_k_elimination ... ok
test cram_carry::tests::shell_carry_matrix_and_eigenvalues_reproduce_exactly ... ok
test cram_carry::tests::shell_is_minus_one_mod_anchor ... ok
test cram_carry::tests::signed_carry_identity_holds_and_anchor_descends_on_closed_shells ... ok
test cram_carry::tests::the_shell_carry_sits_on_the_reversible_boundary ... ok
test cram_carry::tests::twin_form_products_land_exactly_on_the_firing_residue ... ok
test cram_carry::tests::reversibility_dichotomy_is_exact_and_matches_published_values ... ok
test cram_ct::tests::agreement_lock_detects_lane_17_tampering ... ok
test cram_ct::tests::anchor_k_inverse_relationship_holds ... ok
test cram_ct::tests::anchor_lock_detects_lane_5_tampering ... ok
test cram_ct::tests::architectural_and_operational_roles_coexist ... ok
test cram_ct::tests::aux_select_for_basis_sharing_divisor_returns_aux_primes ... ok
test cram_ct::tests::aux_select_for_coprime_divisor_returns_empty_when_s8_already_suffices ... ok
test cram_ct::tests::bootstrap_after_cram_mul_preserves_product_signature ... ok
test cram_ct::tests::bootstrap_preserves_signature_byte_for_byte ... ok
test cram_ct::tests::bootstrap_repeated_cycles_match_spec ... ok
test cram_ct::tests::bootstrap_resets_op_counter_to_zero ... ok
test cram_ct::tests::bootstrap_restores_corridor_for_more_ops ... ok
test cram_ct::tests::bootstrap_returns_manual_when_no_natural_trigger ... ok
test cram_ct::tests::bootstrap_round_trip_preserves_aux_residues ... ok
test cram_ct::tests::bootstrap_runs_user_refresh_closure ... ok
test cram_ct::tests::bootstrap_triggers_fire_at_corridor_end ... ok
test cram_ct::tests::bootstrap_triggers_fire_near_corridor_end ... ok
test cram_ct::tests::boundary_lock_accepts_op_counter_inside_corridor ... ok
test cram_ct::tests::boundary_lock_rejects_op_counter_outside_corridor ... ok
test cram_ct::tests::cram_add_chains_op_counter_correctly ... ok
test cram_ct::tests::cram_add_eventually_violates_boundary_corridor ... ok
test cram_ct::tests::cram_add_increments_op_counter ... ok
test cram_ct::tests::cram_add_preserves_boundary_corridor ... ok
test cram_ct::tests::cram_add_preserves_coefficient_sum_in_range ... ok
test cram_ct::tests::cram_add_rebuilds_lock_evidence ... ok
test cram_ct::tests::cram_add_rejects_polynomial_length_mismatch ... ok
test cram_ct::tests::cram_metadata_verification_catches_lock_referencing_unknown_prime ... ok
test cram_ct::tests::cram_metadata_verification_catches_topology_mismatch ... ok
test cram_ct::tests::cram_mul_by_negative_scalar_works ... ok
test cram_ct::tests::cram_mul_by_scalar_preserves_coefficient_product_in_range ... ok
test cram_ct::tests::cram_mul_by_zero_collapses_polynomial ... ok
test cram_ct::tests::cram_mul_handles_degree_4_polynomials ... ok
test cram_ct::tests::cram_mul_increments_op_counter ... ok
test cram_ct::tests::cram_mul_negacyclic_wrap_in_x_squared_ring ... ok
test cram_ct::tests::cram_mul_produces_negacyclic_polynomial_product ... ok
test cram_ct::tests::cram_mul_zero_polynomial_collapses ... ok
test cram_ct::tests::cram_op_input_verify_failure_is_reported ... ok
test cram_ct::tests::cram_op_propagates_base_ciphertext_via_closure ... ok
test cram_ct::tests::cram_rescale_by_coprime_scalar_runs_d0 ... ok
test cram_ct::tests::cram_rescale_d1_d2_d3_not_yet_implemented ... ok
test cram_ct::tests::cram_rescale_handles_negative_coprime_scalar ... ok
test cram_ct::tests::cram_rescale_rejects_zero_divisor ... ok
test cram_ct::tests::cram_wrap_carries_optional_c1_signature ... ok
test cram_ct::tests::cram_wrap_records_polynomial_s8_signature ... ok
test cram_ct::tests::cram_wrap_roundtrips_small_coeffs ... ok
test cram_ct::tests::crt_fuse_pairs_round_trip ... ok
test cram_ct::tests::crt_pair_matches_brute_force_for_s8_pairs ... ok
test cram_ct::tests::d1_divides_by_coprime_divisor_with_anchor_17 ... ok
test cram_ct::tests::d1_handles_negative_divisor ... ok
test cram_ct::tests::d1_kelim_winding_satisfies_invariant ... ok
test cram_ct::tests::d1_propagates_lock_evidence ... ok
test cram_ct::tests::d1_rejects_anchor_not_in_basis ... ok
test cram_ct::tests::d1_rejects_divisor_sharing_factor_with_main ... ok
test cram_ct::tests::d1_rejects_non_exact_remainder ... ok
test cram_ct::tests::d1_rejects_zero_divisor ... ok
test cram_ct::tests::d2_divides_by_six ... ok
test cram_ct::tests::d2_divides_by_thirty ... ok
test cram_ct::tests::d2_divides_by_two ... ok
test cram_ct::tests::d2_handles_negative_divisor ... ok
test cram_ct::tests::d2_propagates_lock_evidence_correctly ... ok
test cram_ct::tests::d2_rejects_non_basis_smooth_divisor ... ok
test cram_ct::tests::d2_rejects_non_exact_remainder ... ok
test cram_ct::tests::d2_rejects_zero_divisor ... ok
test cram_ct::tests::default_phase_locks_have_one_of_each_directional_kind ... ok
test cram_ct::tests::default_phase_locks_reference_only_s8 ... ok
test cram_ct::tests::evidence_length_mismatch_is_caught ... ok
test cram_ct::tests::evidence_mismatch_when_graph_changes_after_wrap ... ok
test cram_ct::tests::fpd_carries_aux_residues_to_output_for_chained_division ... ok
test cram_ct::tests::fpd_divides_by_six_recovers_exact_quotient ... ok
test cram_ct::tests::fpd_divides_by_thirty_recovers_exact_quotient ... ok
test cram_ct::tests::fpd_handles_negative_divisor ... ok
test cram_ct::tests::fpd_rejects_inexact_numerator_instead_of_returning_garbage ... ok
test cram_ct::tests::fpd_rejects_when_aux_residues_missing ... ok
test cram_ct::tests::fpd_rejects_when_aux_set_shares_factor_with_divisor ... ok
test cram_ct::tests::fpd_rejects_when_quotient_bound_exceeds_fusion_product ... ok
test cram_ct::tests::fresh_wrap_passes_phase2_verification ... ok
test cram_ct::tests::ill_formed_topology_is_rejected ... ok
test cram_ct::tests::is_basis_smooth_recognises_known_smooth_numbers ... ok
test cram_ct::tests::lane_function_matches_spec_role_map ... ok
test cram_carry::tests::unit_carry_is_zero_or_one_and_fires_only_at_the_firing_residue ... ok
test cram_ct::tests::router_agrees_when_d0_and_d2_both_apply_to_basis_smooth_coprime ... ok
test cram_ct::tests::router_falls_back_to_d3_for_basis_sharing_divisor ... ok
test cram_ct::tests::router_marks_d2_evaluable_for_basis_smooth_divisor ... ok
test cram_ct::tests::router_rejects_zero_divisor ... ok
test cram_ct::tests::router_returns_lane_not_implemented_when_no_lane_succeeds ... ok
test cram_ct::tests::router_runs_d0_and_d1_together_and_they_agree ... ok
test cram_ct::tests::router_runs_d2_and_d3_together_and_they_agree ... ok
test cram_ct::tests::router_selects_d0_for_coprime_divisor ... ok
test cram_ct::tests::s8_chimera_v1_assigns_each_function_exactly_once ... ok
test cram_ct::tests::s8_chimera_v1_covers_all_s8_primes ... ok
test cram_ct::tests::s8_chimera_v1_is_well_formed ... ok
test cram_ct::tests::safe_bases_have_expected_products ... ok
test cram_ct::tests::shadow_lock_detects_lane_11_tampering ... ok
test cram_ct::tests::shadow_lock_detects_lane_11_tampering_when_other_locks_skipped ... ok
test cram_ct::tests::signature_lock_detects_op_counter_drift_alone ... ok
test cram_fhe_bridge::tests::add_preserves_value ... ok
test cram_fhe_bridge::tests::add_then_mul_chain ... ok
test cram_ct::tests::router_agrees_when_d0_alone_succeeds_for_coprime_divisor ... ok
test cram_fhe_bridge::tests::cram_beats_traditional ... ok
test cram_fhe_bridge::tests::custom_page_depth ... ok
test cram_fhe_bridge::tests::create_from_plaintext ... ok
test cram_fhe_bridge::tests::depth_test_high_depth ... ok
test cram_fhe_bridge::tests::mul_chain_depth_10 ... ok
test cram_fhe_bridge::tests::mul_chain_depth_5 ... ok
test cram_fhe_bridge::tests::mul_chain_depth_50_no_reconstruction ... ok
test cram_fhe_bridge::tests::mul_increments_depth ... ok
test cram_fhe_bridge::tests::depth_test_reaches_target ... ok
test cram_fhe_bridge::tests::noise_budget_exact_integer ... ok
test cram_fhe_bridge::tests::residue_access_no_reconstruction ... ok
test cram_fhe_bridge::tests::zero_multiply ... ok
test cram_fhe_bridge::tests::negative_values_exact ... ok
test cram_harness::tests::ground_truth_add ... ok
test cram_harness::tests::comparison_all_agree ... ok
test cram_harness::tests::print_effectiveness_report ... ok
test cram_harness::tests::reconstruct_per_op_also_correct ... ok
test cram_harness::tests::report_renders ... ok
test cram_harness::tests::wassan_add_chain_zero_reconstructions ... ok
test cram_harness::tests::winding_add_chain_correct ... ok
test cram_harness::tests::winding_mul_chain_correct ... ok
test cram_harness::tests::ground_truth_mul ... ok
test cram_harness::tests::winding_uses_fewer_reconstructions_on_add ... ok
test cram_machine::tests::a_heterogeneous_schema_drops_the_winding_and_names_why ... ok
test cram_machine::tests::channel_classification_matches_the_aspect_table ... ok
test cram_machine::tests::configured_machine_applies_its_own_per_lane_operators ... ok
test cram_machine::tests::destructive_reads_are_counted_apart_from_anchored_ones ... ok
test cram_machine::tests::dkam_gate_rejects_a_basis_whose_resonance_order_is_too_low ... ok
test cram_machine::tests::each_signature_field_reads_exactly_one_source ... ok
test cram_machine::tests::execution_never_leaves_residue_space ... ok
test cram_machine::tests::heterogeneous_schema_applies_a_different_operator_to_each_lane ... ok
test cram_machine::tests::carry_signature_is_read_natively_on_the_discriminating_lanes ... ok
test cram_machine::tests::homogeneous_schemas_agree_with_integer_arithmetic ... ok
test cram_machine::tests::modular_only_operators_lose_the_winding_even_when_homogeneous ... ok
test cram_machine::tests::round_trips_exactly_within_the_corridor ... ok
test cram_machine::tests::schema_direction_is_not_symmetric ... ok
test cram_machine::tests::the_anchor_lane_stays_consistent_with_the_winding_it_never_reads ... ok
test cram_machine::tests::lanes_carry_roles_not_just_moduli ... ok
test cram_machine::tests::the_anchored_read_is_exact_over_its_domain_and_refuses_the_impossible ... ok
test cram_machine::tests::the_corridor_topology_pins_the_winding_and_wraps ... ok
test cram_machine::tests::the_winding_tracks_real_magnitude_through_a_squaring_chain ... ok
test cram_machine::tests::unconfigured_machine_refuses_to_step ... ok
test cram_machine::tests::validity_accounts_for_partial_division_lanes ... ok
test cram_ops::tests::code_roundtrip ... ok
test cram_ops::tests::degrees_correct ... ok
test cram_ops::tests::div_by_zero_returns_error ... ok
test cram_ops::tests::div_non_invertible ... ok
test cram_ops::tests::dkam_subcriticality ... ok
test cram_ops::tests::inv_zero_returns_error ... ok
test cram_ops::tests::involution_property ... ok
test cram_ops::tests::op_div_exact ... ok
test cram_ops::tests::op_id ... ok
test cram_ops::tests::op_add ... ok
test cram_ops::tests::op_mul ... ok
test cram_ops::tests::op_neg ... ok
test cram_ops::tests::op_sqr ... ok
test cram_ops::tests::op_sub ... ok
test cram_ops::tests::parse_schema_basic ... ok
test cram_ops::tests::s8_topology_space_size ... ok
test cram_ops::tests::schema_apply_heterogeneous ... ok
test cram_ops::tests::op_inv_exact ... ok
test cram_ops::tests::schema_apply_homogeneous_add ... ok
test cram_ops::tests::schema_d002_violation ... ok
test cram_ops::tests::schema_d004_non_coprime ... ok
test cram_ops::tests::schema_display ... ok
test cram_ops::tests::schema_valid_transport_core ... ok
test cram_ops::tests::sqr_carry_basic ... ok
test cram_ops::tests::validity_champion_s6 ... ok
test cram_pde::tests::burgers_lane_parallel_matches_i128_reference ... ok
test cram_ops::tests::schema_apply_retains_residue_outputs ... ok
test cram_pde::tests::deep_winding ... ok
test cram_pde::tests::dkam_subcriticality ... ok
test cram_pde::tests::exact_state_roundtrip ... ok
test cram_pde::tests::from_i128_vec_to_i128_vec_roundtrip ... ok
test cram_pde::tests::heat_lane_parallel_matches_i128_reference ... ok
test cram_pde::tests::heat_symmetry ... ok
test cram_pde::tests::multi_step_burgers ... ok
test cram_pde::tests::cycle_detection_fixed_point ... ok
test cram_pde::tests::multi_step_heat ... ok
test cram_pde::tests::winding_conservation_heat ... ok
test cross_validation::cross_e_precomputed_vs_taylor ... ok
test cross_validation::cross_e_taylor_vs_cf ... ok
test cram_pde::tests::winding_propagation_heat ... ok
test cross_validation::cross_exp_taylor_vs_agm ... ok
test cross_validation::cross_ln2_taylor_vs_precomputed ... ok
test cross_validation::cross_exp_taylor_vs_cordic ... ok
test cross_validation::cross_pi_agm_vs_machin ... ok
test cross_validation::cross_pi_machin_vs_cf_convergent ... ok
test cross_validation::cross_pi_precomputed_vs_agm ... ok
test cross_validation::cross_sin_cordic_vs_taylor ... ok
test cross_validation::cross_sqrt2_newton_vs_cf ... ok
test cross_validation::cross_sqrt2_newton_vs_precomputed ... ok
test crt_torus::tests::decompose_odd_basic ... ok
test crt_torus::tests::kelim_lift ... ok
test crt_torus::tests::dynamic_k ... ok
test crt_torus::tests::project_roundtrip ... ok
test crt_torus::tests::s8_torus ... ok
test crt_torus::tests::safe_basis_torus ... ok
test crt_torus::tests::standard_357 ... ok
test crt_torus::tests::project_negative ... ok
test dyn_crt::tests::equality_by_lanes ... ok
test dyn_crt::tests::lane_parallel_add ... ok
test dyn_crt::tests::lane_parallel_mul ... ok
test dyn_crt::tests::divisibility_no_reconstruction ... ok
test dyn_crt::tests::large_negative_corridor ... ok
test dyn_crt::tests::lane_parallel_sub ... ok
test dyn_crt::tests::large_positive_corridor ... ok
test dyn_crt::tests::residue_query_no_reconstruction ... ok
test dyn_crt::tests::small_negative_roundtrip ... ok
test dyn_crt::tests::small_positive_roundtrip ... ok
test dyn_crt::tests::wassan_add ... ok
test dyn_crt::tests::negative_add ... ok
test dyn_crt::tests::wassan_negate ... ok
test dyn_crt::tests::wassan_scalar_mul ... ok
test dyn_crt::tests::wassan_encode_decode ... ok
test dyn_crt::tests::winding_for_large_value ... ok
test dyn_crt::tests::wassan_zero ... ok
test dyn_crt::tests::within_basis_small ... ok
test identity_tests::identity_cf_convergents_alternate ... ok
test identity_tests::identity_double_angle_sin ... ok
test identity_tests::identity_exp_zero_equals_one ... ok
test identity_tests::identity_gcd_properties ... ok
test identity_tests::identity_ln_one_equals_zero ... ok
test dyn_crt::tests::zero_roundtrip ... ok
test identity_tests::identity_pell_solutions_correct ... ok
test identity_tests::identity_rational_arithmetic ... ok
test identity_tests::identity_sin2_plus_cos2_equals_1_cordic ... ok
test identity_tests::identity_sqrt_perfect_squares ... ok
test k_elim::tests::add_carry_empty_tower_does_not_underflow ... ok
test k_elim::tests::add_carry_propagation ... ok
test identity_tests::identity_sin2_plus_cos2_equals_1_taylor ... ok
test k_elim::tests::add_carry_single_digit_tower_absorbs_carry_at_top ... ok
test k_elim::tests::decompose_basic ... ok
test k_elim::tests::div_cubed_multiply_matches_lanewise_product ... ok
test k_elim::tests::fpd_basic ... ok
test k_elim::tests::crt_weights_basic ... ok
test k_elim::tests::garner_2way ... ok
test k_elim::tests::garner_3way ... ok
test k_elim::tests::garner_s8_roundtrip ... ok
test k_elim::tests::kelim_basic ... ok
test k_elim::tests::kelim_large_value ... ok
test k_elim::tests::kelim_matrix_basic ... ok
test k_elim::tests::kelim_non_coprime_returns_none ... ok
test k_elim::tests::kelim_survey_basic ... ok
test k_elim::tests::kelim_tower_roundtrip ... ok
test k_elim::tests::mod_inv_basic ... ok
test k_elim::tests::mod_inv_non_coprime ... ok
test k_elim::tests::kelim_divide_basic ... ok
test k_elim::tests::powmod_basic ... ok
test k_elim::tests::reciprocal_and_div_lanewise_are_inverse ... ok
test k_elim::tests::tower_add_basic ... ok
test k_elim::tests::tower_add_with_carry ... ok
test k_elim::tests::tower_roundtrip ... ok
test k_elim::tests::triple_kelim_basic ... ok
test k_elim::tests::winding_lift_basic ... ok
test lane_projector::tests::garner_reconstructs_arbitrary_in_range ... ok
test lane_projector::tests::garner_reconstructs_max_minus_one ... ok
test lane_projector::tests::garner_reconstructs_one ... ok
test lane_projector::tests::garner_wraps_around_s8_product ... ok
test lane_projector::tests::lane_disagreement_detects_off_by_one ... ok
test lane_projector::tests::modular_inverse_correctness ... ok
test lane_projector::tests::garner_reconstructs_zero ... ok
test lane_projector::tests::modular_inverse_returns_none_for_non_coprime ... ok
test lane_projector::tests::polynomial_roundtrip_signed ... ok
test lane_projector::tests::project_negative_recentres_into_lane ... ok
test lane_projector::tests::project_one ... ok
test lane_projector::tests::project_zero ... ok
test lane_projector::tests::residue_lookup_works_for_each_s8_prime ... ok
test lane_projector::tests::polynomial_roundtrip_unsigned ... ok
test lane_projector::tests::signed_reconstruct_recentres_around_zero ... ok
test lifted_transduction::tests::absent_evidence_fails_closed_never_a_panic ... ok
test lifted_transduction::tests::bad_lengths_fail_closed ... ok
test lifted_transduction::tests::closure_provider_derives_k_on_demand_with_no_materialized_vector ... ok
test lifted_transduction::tests::lift_evidence_rejects_nonpositive_target_modulus ... ok
test lifted_transduction::tests::non_pairwise_coprime_source_basis_fails_closed_never_a_panic ... ok
test lifted_transduction::tests::provider_backed_precomputed_evidence_matches_the_slice_api ... ok
test lifted_transduction::tests::provider_returning_the_wrong_lane_modulus_is_rejected ... ok
test lifted_transduction::tests::universal_projection_matches_direct_mod_for_shared_factor_targets ... ok
test lifted_transduction::tests::zero_lift_is_identical_to_bounded_transduction ... ok
test lifted_transduction::tests::first_s6_wrap_projects_to_correct_s8_extension_lanes ... ok
test lifted_transduction::tests::zero_or_negative_source_modulus_fails_closed_never_a_panic ... ok
test recumbent::tests::activation_rises_on_multiply ... ok
test recumbent::tests::add_exact ... ok
test recumbent::tests::flush_absorbs_parking_into_hot ... ok
test recumbent::tests::equality ... ok
test recumbent::tests::large_value_uses_winding ... ok
test recumbent::tests::mixed_sign_multiply ... ok
test recumbent::tests::is_bounded_check ... ok
test recumbent::tests::mul_exact ... ok
test recumbent::tests::negative_arithmetic ... ok
test recumbent::tests::negative_value ... ok
test recumbent::tests::primary_lane_access ... ok
test recumbent::tests::reconstruct_roundtrip_boundary ... ok
test recumbent::tests::phase_lock_count_tracking ... ok
test recumbent::tests::small_value_stays_in_primary ... ok
test recumbent::tests::sub_exact ... ok
test recumbent::tests::zero_recumbent ... ok
test remediation_tests::test_binary_gcd_both_zero ... ok
test remediation_tests::test_binary_gcd_large ... ok
test remediation_tests::test_binary_split_overflow_returns_none ... ok
test remediation_tests::test_checked_add_overflow ... ok
test remediation_tests::test_checked_mul_ok ... ok
test remediation_tests::test_checked_add_ok ... ok
test remediation_tests::test_checked_mul_overflow ... ok
test remediation_tests::test_euler_gamma_approx ... ok
test remediation_tests::test_exact_rational_checked_add_ok ... ok
test remediation_tests::test_exact_rational_checked_add_overflow ... ok
test remediation_tests::test_exact_rational_checked_div_by_zero ... ok
test remediation_tests::test_exact_rational_checked_div_ok ... ok
test remediation_tests::test_error_display ... ok
test remediation_tests::test_exact_rational_checked_div_overflow ... ok
test remediation_tests::test_exact_rational_checked_mul_ok ... ok
test remediation_tests::test_exact_rational_checked_mul_overflow ... ok
test remediation_tests::test_exact_rational_div_by_zero_panics - should panic ... ok
test remediation_tests::test_exact_rational_div ... ok
test remediation_tests::test_exact_rational_from_int ... ok
test remediation_tests::test_exact_rational_mul ... ok
test remediation_tests::test_exact_rational_sub ... ok
test remediation_tests::test_exact_rational_to_scaled ... ok
test remediation_tests::test_pi_chudnovsky_overflow_limit ... ok
test remediation_tests::test_pi_chudnovsky_small_precision ... ok
test remediation_tests::test_exact_rational_zero_den_panics - should panic ... ok
test safe_basis_io::tests::add_agrees_with_ground_truth_across_the_corridor_boundary ... ok
test safe_basis_io::tests::magnitude_is_read_from_the_value_not_from_a_counter ... ok
test safe_basis_io::tests::mul_agrees_with_ground_truth_including_wound_operands ... ok
test safe_basis_io::tests::overflow_is_refused_rather_than_wrapped ... ok
test safe_basis_io::tests::text_round_trips_and_arithmetic_moves_it_off_the_character ... ok
test sqrt::tests::test_fast_inv_sqrt ... ok
test sqrt::tests::test_icbrt ... ok
test sqrt::tests::test_inv_sqrt_scaled ... ok
test sqrt::tests::test_is_perfect_square ... ok
test sqrt::tests::test_isqrt_binary ... ok
test sqrt::tests::test_isqrt_digit_by_digit ... ok
test sqrt::tests::test_isqrt_newton ... ok
test sqrt::tests::test_isqrt_newton_small_nonsquares ... ok
test sqrt::tests::test_sqrt_rational ... ok
test sqrt::tests::test_sqrt_scaled ... ok
test substrate::tests::bridge_winding_matches_anchor_k_for_s8_pair ... ok
test substrate::tests::bridge_winding_returns_none_for_non_coprime ... ok
test substrate::tests::crt_advantage_squared_for_safe_basis ... ok
test substrate::tests::parallel_grover_iters_match_bottleneck_lane ... ok
test substrate::tests::quantum_error_syndrome_detects_flipped_measurement ... ok
test substrate::tests::quantum_error_syndrome_passes_for_consistent_measurement ... ok
test substrate::tests::s8_classical_layout_has_no_quantum_lanes ... ok
test substrate::tests::standard_grover_iters_grows_with_register_size ... ok
test substrate::tests::substrate_of_returns_assignment ... ok
test substrate::tests::substrates_classify_correctly ... ok
test substrate::tests::theorem_q4_layout_covers_safe_basis ... ok
test substrate::tests::theorem_q4_layout_marks_only_lane_7_quantum ... ok
test tests::test_binary_gcd ... ok
test tests::test_constants_30bit ... ok
test tests::test_exact_rational ... ok
test time_crystal::tests::crystal_aperiodic_gate_spacing ... ok
test time_crystal::tests::crystal_deterministic ... ok
test time_crystal::tests::crystal_entropy_nonzero ... ok
test time_crystal::tests::crystal_phase_readout ... ok
test time_crystal::tests::crystal_produces_gate_events ... ok
test time_crystal::tests::crystal_tick_until_gate ... ok
test time_crystal::tests::fibonacci_table_correct ... ok
test time_crystal::tests::gate_fires_at_fibonacci_ticks ... ok
test time_crystal::tests::gate_fires_increase_monotonically ... ok
test time_crystal::tests::oscillator_deterministic ... ok
test time_crystal::tests::oscillator_different_seeds_diverge ... ok
test time_crystal::tests::oscillator_phase_bounded ... ok
test transduction::tests::transduct_custom_basis ... ok
test transduction::tests::transduct_identity ... ok
test transduction::tests::transduct_roundtrip_s6_s8 ... ok
test transduction::tests::transduct_roundtrip_s8_s6 ... ok
test transduction::tests::transduct_s6_to_s8_preserves ... ok
test transduction::tests::transduct_s8_to_s6_preserves ... ok
test transduction::tests::transduct_small_bases ... ok
test transduction::tests::transduct_transport_core_to_s8 ... ok
test transduction::tests::transduct_verify_basic ... ok
test transduction::tests::transduct_zero ... ok
test transduction::tests::try_new_accepts_basis_within_bound_and_apply_is_correct ... ok
test transduction::tests::try_new_matches_new_on_safe_basis_scale ... ok
test transduction::tests::try_new_refuses_fhe_scale_main_basis ... ok
test triad::tests::e_table_and_binary_split_agree_at_scale_30 ... ok
test triad::tests::lane_budget_caps_at_62 ... ok
test triad::tests::lane_signatures_match_when_exact_values_match ... ok
test triad::tests::ln2_table_and_binary_split_agree_at_scale_30 ... ok
test triad::tests::off_by_one_perturbs_at_least_one_lane ... ok
test triad::tests::operator_log_is_recorded_for_engine_constructors ... ok
test triad::tests::pi_table_and_machin_agree_at_scale_30 ... ok
test triad::tests::pi_table_and_machin_agree_at_scale_62 ... ok
test triad::tests::pi_table_residues_at_scale_30 ... ok
test triad::tests::provenance_is_preserved ... ok
test triad::tests::s8_is_pairwise_coprime ... ok
test triad::tests::s8_product_matches_constant ... ok
test triad::tests::s8_roles_match_basis_length ... ok
test truth_perturber::perturb_addition_formula_cos ... ok
test truth_perturber::perturb_addition_formula_sin ... ok
test truth_perturber::perturb_agm_quadratic_surds ... ok
test truth_perturber::perturb_anti_periodic_sin ... ok
test truth_perturber::perturb_cassini_identity_from_sqrt2_cf ... ok
test truth_perturber::perturb_cordic_residual_as_error_information ... ok
test truth_perturber::perturb_exp_multiplication_law ... ok
test truth_perturber::perturb_fibonacci_from_golden_cf ... ok
test truth_perturber::perturb_hyperbolic_cordic_repeat_necessity ... ok
test truth_perturber::perturb_negative_pell_equation ... ok
test truth_perturber::perturb_pade_exp_at_zero ... ok
test truth_perturber::perturb_pade_exp_symmetry ... ok
test truth_perturber::perturb_periodic_wrapping_sincos ... ok
test truth_perturber::perturb_rotation_composition ... ok
test safe_basis_io::tests::corridor_round_trips_exactly_for_every_value ... ok

test result: ok. 553 passed; 0 failed; 0 ignored; 0 measured; 0 filtered out; finished in 0.61s

     Running tests/a2_residue_native.rs (target/debug/deps/a2_residue_native-ca3d8afdb67c81ca)

running 5 tests
test a1_exact_on_disjoint_target_basis ... ok
test a2_result_is_independent_of_source_lane_order ... ok
test phase_lock_shared_lanes_pass_through_unchanged ... ok
test roundtrip_exact_within_corridor ... ok
test a1_exact_over_full_corridor ... ok

test result: ok. 5 passed; 0 failed; 0 ignored; 0 measured; 0 filtered out; finished in 0.82s

     Running tests/arrow_emission_joint_property.rs (target/debug/deps/arrow_emission_joint_property-4b09ac2ff0e94b60)

running 8 tests
test inverse_is_a_true_inverse_at_every_new_operator_dim_point ... ok
test one_prime_one_operator_two_dims_opposite_reversibility ... ok
test a_minus_two_b_zero_operator_is_one_way_on_every_lane ... ok
test singular_set_depends_on_dim_with_the_operator_held_fixed ... ok
test singular_set_depends_on_operator_with_dim_held_fixed ... ok
test structurally_one_way_operator_refuses_over_every_basis ... ok
test unfold_refuses_loudly_at_every_new_operator_dim_point ... ok
test reversible_sub_basis_unfolds_exactly_at_every_new_operator_dim_point ... ok

test result: ok. 8 passed; 0 failed; 0 ignored; 0 measured; 0 filtered out; finished in 0.24s

     Running tests/arrow_emission_reversibility.rs (target/debug/deps/arrow_emission_reversibility-685c2604d7b52d2b)

running 4 tests
test inverse_sanity_on_reversible_lanes ... ok
test gate_pins_the_measured_singular_set ... ok
test unfold_refuses_partial_reversal_loudly ... ok
test reversible_lanes_unfold_exactly_through_a_million_steps ... ok

test result: ok. 4 passed; 0 failed; 0 ignored; 0 measured; 0 filtered out; finished in 0.07s

     Running tests/composite_operator_domains.rs (target/debug/deps/composite_operator_domains-00d49ff247212448)

running 19 tests
test division_matches_product_search_on_small_rings ... ok
test full_width_fibonacci_pair_exercises_a_long_euclidean_chain ... ok
test full_width_u64_units_and_products_do_not_overflow ... ok
test heterogeneous_inverse_operator_lanes_roundtrip_as_residues ... ok
test heterogeneous_schema_is_lane_local_and_order_equivariant ... ok
test independent_source_schema_guards_remain_enforced ... ok
test inverse_units_and_nonunits_match_product_search ... ok
test live_machine_propagates_diagnostic_factorization_failure ... ok
test modulus1_is_only_a_constant_view ... ok
test noncanonical_inputs_have_canonical_ring_outputs ... ok
test owner_t5_schema_inverse_mod15015_is7508 ... ok
test schema_inverse_mod15_is8 ... ok
test schema_inverse_mod9_is5 ... ok
test schema_shapes_and_unknown_codes_return_errors ... ok
test schema_validity_uses_units_only_for_inverse_operands ... ok
test unit_counts_match_exhaustive_small_ring_search ... ok
test validity_failures_are_explicit_and_do_not_restrict_lane_execution ... ok
test zero_nonunits_and_invalid_moduli_return_typed_errors ... ok
test div3_matches_multiplication_on_composite_units_and_refuses_nonunits ... ok

test result: ok. 19 passed; 0 failed; 0 ignored; 0 measured; 0 filtered out; finished in 1.11s

     Running tests/cram_gates.rs (target/debug/deps/cram_gates-5f3d527431542c71)

running 16 tests
test c1_published_carry_constants_reproduce_exactly ... ok
test c3_signed_carry_identity_and_closed_shell_descent ... ok
test c4_twin_form_products_sit_on_the_firing_residue ... ok
test c5_out_of_range_is_refused_and_never_wrapped ... ok
test c2_unit_carry_is_binary_and_fires_only_at_thirty_five ... ok
test c8_overflow_refuses_rather_than_wraps ... ok
test c6_every_value_in_range_reconstructs_bit_exact ... ok
test p1_no_cram_module_contains_a_float ... ok
test p3_exec_never_leaves_residue_space_but_project_does ... ok
test p3b_the_winding_is_measured_and_absent_when_it_should_be ... ok
test p5_each_signature_field_reads_exactly_one_source ... ok
test p6_windings_are_invariant_under_evaluation_order ... ok
test p7_one_faulty_lane_is_contained_but_garner_spreads_it ... ok
test p8_basis_registers_are_distinct_and_derived_not_asserted ... ok
test p9_div_root_is_modular_and_is_not_the_integer_quotient ... ok
test p2_anchored_read_is_garner_free ... ok

test result: ok. 16 passed; 0 failed; 0 ignored; 0 measured; 0 filtered out; finished in 0.13s

     Running tests/lifted_transduction_module.rs (target/debug/deps/lifted_transduction_module-1da34b1ff8475a88)

running 5 tests
test exported_absent_evidence_and_bad_source_basis_fail_closed ... ok
test exported_closure_provider_derives_k_on_demand ... ok
test exported_module_resolves_first_s6_wrap ... ok
test exported_projection_handles_shared_factor_composites ... ok
test exported_typed_provider_api_matches_the_slice_api_from_outside_the_crate ... ok

test result: ok. 5 passed; 0 failed; 0 ignored; 0 measured; 0 filtered out; finished in 0.00s

     Running tests/safe_basis_lifted_transduction.rs (target/debug/deps/safe_basis_lifted_transduction-699f5faf38ab55f3)

running 9 tests
test canonical_adjacent_products_include_composite_anchors ... ok
test heterogeneous_affine_maps_are_reversible_on_composite_product_state ... ok
test lift_aware_s6_to_s8_regression_distinguishes_the_first_wrapped_sheet ... ok
test overlapping_composites_are_views_not_full_product_basis ... ok
test s6_expansion_to_17x19_is_not_product_uniform ... ok
test adjacency_lift_is_exact_for_composite_and_prime_neighbors ... ok
test safe_basis_repack_to_composite_carriers_preserves_product_space ... ok
test s6_saturates_exactly_30030_states ... ok
test universal_projection_accepts_composite_and_shared_factor_targets ... ok

test result: ok. 9 passed; 0 failed; 0 ignored; 0 measured; 0 filtered out; finished in 0.39s

   Doc-tests exact_transcendentals

running 0 tests

test result: ok. 0 passed; 0 failed; 0 ignored; 0 measured; 0 filtered out; finished in 0.00s

