{
  "correctness": {
    "dual_rns": {
      "add_ct": true,
      "add_plain": true,
      "decrypt": true,
      "encrypt": true,
      "mul_ct": true,
      "mul_plain": true
    },
    "legacy": {
      "add_ct": true,
      "add_plain": true,
      "decrypt": true,
      "encrypt": true,
      "mul_ct": false,
      "mul_ct_status": "refused-#135",
      "mul_plain": true,
      "negate_ct": true,
      "sub_ct": true
    }
  },
  "correctness_gate": {
    "dual_rns_all_correct": true,
    "legacy_mul_ct_refused_as_expected": true,
    "legacy_supported_operations_correct": true
  },
  "ct_mul_depth": {
    "all_completed_entries_correct": true,
    "completed": 2,
    "entries": [
      {
        "correct": true,
        "decrypted": 64,
        "depth": 1,
        "expected": 64,
        "level_after": 4,
        "level_before": 4,
        "mismatch_delta_mod_t": 0,
        "operation_ns": 10514374291
      },
      {
        "correct": true,
        "decrypted": 4096,
        "depth": 2,
        "expected": 4096,
        "level_after": 4,
        "level_before": 4,
        "mismatch_delta_mod_t": 0,
        "operation_ns": 10332729729
      }
    ],
    "first_error": null,
    "requested": 2
  },
  "key_structure": {
    "decomposition_base": 65536,
    "decomposition_digits": 8,
    "relinearization_components": 8
  },
  "keygen_ns": {
    "dual_rns": 427510961,
    "legacy": 32171754
  },
  "metadata": {
    "allow_insecure_feature": true,
    "build_profile": "debug",
    "comparison_only_parameter_set": false,
    "config": "secure_128",
    "crate_version": "0.1.0",
    "eta": 3,
    "exact_log_q_bits": 119,
    "iterations": 2,
    "mul_iterations": 1,
    "n": 8192,
    "plaintext_modulus": 65537,
    "rng_source": "shadow-test",
    "rns_primes": [
      998244353,
      985661441,
      754974721,
      469762049
    ],
    "security_claim_bits": 128,
    "seed": 42,
    "timestamp": "1791404310s_since_epoch"
  },
  "operations_ns": {
    "dual_rns": {
      "add_ct": 3286931,
      "add_plain": 1871598,
      "decrypt": 35657818,
      "encrypt": 76491164,
      "mul_ct": 10447519684,
      "mul_plain": 68431191
    },
    "legacy": {
      "add_ct": 1426098,
      "add_plain": 1875802,
      "decrypt": 6480026,
      "encrypt": 17191037,
      "mul_ct": "refused-#135",
      "mul_plain": 1507836,
      "negate_ct": 1282770,
      "sub_ct": 1367145
    }
  },
  "schema": "nine65-comparative-probe-v1",
  "status": "PASS"
}
